[
  {
    "type": "Identifier",
    "loc": {
      "end": {
        "column": 1,
        "line": 3
      },
      "start": {
        "column": 0,
        "line": 3
      }
    },
    "range": [
      73,
      74
    ],
    "value": "a"
  },
  {
    "type": "Punctuator",
    "loc": {
      "end": {
        "column": 5,
        "line": 3
      },
      "start": {
        "column": 2,
        "line": 3
      }
    },
    "range": [
      75,
      78
    ],
    "value": "&&="
  },
  {
    "type": "Identifier",
    "loc": {
      "end": {
        "column": 7,
        "line": 3
      },
      "start": {
        "column": 6,
        "line": 3
      }
    },
    "range": [
      79,
      80
    ],
    "value": "b"
  },
  {
    "type": "Punctuator",
    "loc": {
      "end": {
        "column": 8,
        "line": 3
      },
      "start": {
        "column": 7,
        "line": 3
      }
    },
    "range": [
      80,
      81
    ],
    "value": ";"
  }
]