[
  {
    "type": "Keyword",
    "loc": {
      "end": {
        "column": 3,
        "line": 1
      },
      "start": {
        "column": 0,
        "line": 1
      }
    },
    "range": [
      0,
      3
    ],
    "value": "let"
  },
  {
    "type": "Identifier",
    "loc": {
      "end": {
        "column": 7,
        "line": 1
      },
      "start": {
        "column": 4,
        "line": 1
      }
    },
    "range": [
      4,
      7
    ],
    "value": "foo"
  },
  {
    "type": "Punctuator",
    "loc": {
      "end": {
        "column": 9,
        "line": 1
      },
      "start": {
        "column": 8,
        "line": 1
      }
    },
    "range": [
      8,
      9
    ],
    "value": "="
  },
  {
    "type": "Numeric",
    "loc": {
      "end": {
        "column": 11,
        "line": 1
      },
      "start": {
        "column": 10,
        "line": 1
      }
    },
    "range": [
      10,
      11
    ],
    "value": "1"
  },
  {
    "type": "Punctuator",
    "loc": {
      "end": {
        "column": 12,
        "line": 1
      },
      "start": {
        "column": 11,
        "line": 1
      }
    },
    "range": [
      11,
      12
    ],
    "value": ";"
  }
]