{
  "type": "Program",
  "range": [
    0,
    29
  ],
  "body": [
    {
      "type": "ExpressionStatement",
      "expression": {
        "type": "ArrowFunctionExpression",
        "async": false,
        "body": {
          "type": "BlockStatement",
          "body": [],
          "range": [
            25,
            27
          ],
          "loc": {
            "end": {
              "column": 27,
              "line": 1
            },
            "start": {
              "column": 25,
              "line": 1
            }
          }
        },
        "expression": false,
        "generator": false,
        "id": null,
        "params": [],
        "typeParameters": {
          "type": "TSTypeParameterDeclaration",
          "loc": {
            "end": {
              "column": 19,
              "line": 1
            },
            "start": {
              "column": 0,
              "line": 1
            }
          },
          "range": [
            0,
            19
          ],
          "params": [
            {
              "type": "TSTypeParameter",
              "const": true,
              "constraint": {
                "type": "TSTypeReference",
                "typeName": {
                  "type": "Identifier",
                  "decorators": [],
                  "name": "U",
                  "optional": false,
                  "range": [
                    17,
                    18
                  ],
                  "loc": {
                    "end": {
                      "column": 18,
                      "line": 1
                    },
                    "start": {
                      "column": 17,
                      "line": 1
                    }
                  }
                },
                "range": [
                  17,
                  18
                ],
                "loc": {
                  "end": {
                    "column": 18,
                    "line": 1
                  },
                  "start": {
                    "column": 17,
                    "line": 1
                  }
                }
              },
              "in": false,
              "name": {
                "type": "Identifier",
                "decorators": [],
                "name": "T",
                "optional": false,
                "range": [
                  7,
                  8
                ],
                "loc": {
                  "end": {
                    "column": 8,
                    "line": 1
                  },
                  "start": {
                    "column": 7,
                    "line": 1
                  }
                }
              },
              "out": false,
              "range": [
                1,
                18
              ],
              "loc": {
                "end": {
                  "column": 18,
                  "line": 1
                },
                "start": {
                  "column": 1,
                  "line": 1
                }
              }
            }
          ]
        },
        "range": [
          0,
          27
        ],
        "loc": {
          "end": {
            "column": 27,
            "line": 1
          },
          "start": {
            "column": 0,
            "line": 1
          }
        }
      },
      "range": [
        0,
        28
      ],
      "loc": {
        "end": {
          "column": 28,
          "line": 1
        },
        "start": {
          "column": 0,
          "line": 1
        }
      }
    }
  ],
  "sourceType": "script",
  "loc": {
    "end": {
      "column": 0,
      "line": 2
    },
    "start": {
      "column": 0,
      "line": 1
    }
  }
}