{
  "type": "Program",
  "range": [
    73,
    275
  ],
  "body": [
    {
      "type": "FunctionDeclaration",
      "async": false,
      "body": {
        "type": "BlockStatement",
        "body": [
          {
            "type": "ReturnStatement",
            "argument": {
              "type": "ClassExpression",
              "abstract": false,
              "body": {
                "type": "ClassBody",
                "range": [
                  150,
                  152
                ],
                "body": [],
                "loc": {
                  "end": {
                    "column": 30,
                    "line": 4
                  },
                  "start": {
                    "column": 28,
                    "line": 4
                  }
                }
              },
              "declare": false,
              "decorators": [],
              "id": null,
              "implements": [],
              "superClass": {
                "type": "Identifier",
                "decorators": [],
                "name": "Base",
                "optional": false,
                "range": [
                  145,
                  149
                ],
                "loc": {
                  "end": {
                    "column": 27,
                    "line": 4
                  },
                  "start": {
                    "column": 23,
                    "line": 4
                  }
                }
              },
              "range": [
                131,
                152
              ],
              "loc": {
                "end": {
                  "column": 30,
                  "line": 4
                },
                "start": {
                  "column": 9,
                  "line": 4
                }
              }
            },
            "range": [
              124,
              153
            ],
            "loc": {
              "end": {
                "column": 31,
                "line": 4
              },
              "start": {
                "column": 2,
                "line": 4
              }
            }
          }
        ],
        "range": [
          120,
          155
        ],
        "loc": {
          "end": {
            "column": 1,
            "line": 5
          },
          "start": {
            "column": 47,
            "line": 3
          }
        }
      },
      "declare": false,
      "expression": false,
      "generator": false,
      "id": {
        "type": "Identifier",
        "decorators": [],
        "name": "M",
        "optional": false,
        "range": [
          82,
          83
        ],
        "loc": {
          "end": {
            "column": 10,
            "line": 3
          },
          "start": {
            "column": 9,
            "line": 3
          }
        }
      },
      "params": [
        {
          "type": "Identifier",
          "decorators": [],
          "name": "Base",
          "optional": false,
          "typeAnnotation": {
            "type": "TSTypeAnnotation",
            "loc": {
              "end": {
                "column": 45,
                "line": 3
              },
              "start": {
                "column": 42,
                "line": 3
              }
            },
            "range": [
              115,
              118
            ],
            "typeAnnotation": {
              "type": "TSTypeReference",
              "typeName": {
                "type": "Identifier",
                "decorators": [],
                "name": "T",
                "optional": false,
                "range": [
                  117,
                  118
                ],
                "loc": {
                  "end": {
                    "column": 45,
                    "line": 3
                  },
                  "start": {
                    "column": 44,
                    "line": 3
                  }
                }
              },
              "range": [
                117,
                118
              ],
              "loc": {
                "end": {
                  "column": 45,
                  "line": 3
                },
                "start": {
                  "column": 44,
                  "line": 3
                }
              }
            }
          },
          "range": [
            111,
            118
          ],
          "loc": {
            "end": {
              "column": 45,
              "line": 3
            },
            "start": {
              "column": 38,
              "line": 3
            }
          }
        }
      ],
      "typeParameters": {
        "type": "TSTypeParameterDeclaration",
        "loc": {
          "end": {
            "column": 37,
            "line": 3
          },
          "start": {
            "column": 10,
            "line": 3
          }
        },
        "range": [
          83,
          110
        ],
        "params": [
          {
            "type": "TSTypeParameter",
            "const": false,
            "constraint": {
              "type": "TSTypeReference",
              "typeArguments": {
                "type": "TSTypeParameterInstantiation",
                "range": [
                  105,
                  109
                ],
                "params": [
                  {
                    "type": "TSTypeLiteral",
                    "members": [],
                    "range": [
                      106,
                      108
                    ],
                    "loc": {
                      "end": {
                        "column": 35,
                        "line": 3
                      },
                      "start": {
                        "column": 33,
                        "line": 3
                      }
                    }
                  }
                ],
                "loc": {
                  "end": {
                    "column": 36,
                    "line": 3
                  },
                  "start": {
                    "column": 32,
                    "line": 3
                  }
                }
              },
              "typeName": {
                "type": "Identifier",
                "decorators": [],
                "name": "Constructor",
                "optional": false,
                "range": [
                  94,
                  105
                ],
                "loc": {
                  "end": {
                    "column": 32,
                    "line": 3
                  },
                  "start": {
                    "column": 21,
                    "line": 3
                  }
                }
              },
              "range": [
                94,
                109
              ],
              "loc": {
                "end": {
                  "column": 36,
                  "line": 3
                },
                "start": {
                  "column": 21,
                  "line": 3
                }
              }
            },
            "in": false,
            "name": {
              "type": "Identifier",
              "decorators": [],
              "name": "T",
              "optional": false,
              "range": [
                84,
                85
              ],
              "loc": {
                "end": {
                  "column": 12,
                  "line": 3
                },
                "start": {
                  "column": 11,
                  "line": 3
                }
              }
            },
            "out": false,
            "range": [
              84,
              109
            ],
            "loc": {
              "end": {
                "column": 36,
                "line": 3
              },
              "start": {
                "column": 11,
                "line": 3
              }
            }
          }
        ]
      },
      "range": [
        73,
        155
      ],
      "loc": {
        "end": {
          "column": 1,
          "line": 5
        },
        "start": {
          "column": 0,
          "line": 3
        }
      }
    },
    {
      "type": "ClassDeclaration",
      "abstract": false,
      "body": {
        "type": "ClassBody",
        "range": [
          196,
          198
        ],
        "body": [],
        "loc": {
          "end": {
            "column": 41,
            "line": 7
          },
          "start": {
            "column": 39,
            "line": 7
          }
        }
      },
      "declare": false,
      "decorators": [],
      "id": {
        "type": "Identifier",
        "decorators": [],
        "name": "X",
        "optional": false,
        "range": [
          163,
          164
        ],
        "loc": {
          "end": {
            "column": 7,
            "line": 7
          },
          "start": {
            "column": 6,
            "line": 7
          }
        }
      },
      "implements": [
        {
          "type": "TSClassImplements",
          "expression": {
            "type": "Identifier",
            "decorators": [],
            "name": "I",
            "optional": false,
            "range": [
              194,
              195
            ],
            "loc": {
              "end": {
                "column": 38,
                "line": 7
              },
              "start": {
                "column": 37,
                "line": 7
              }
            }
          },
          "range": [
            194,
            195
          ],
          "loc": {
            "end": {
              "column": 38,
              "line": 7
            },
            "start": {
              "column": 37,
              "line": 7
            }
          }
        }
      ],
      "superClass": {
        "type": "CallExpression",
        "arguments": [
          {
            "type": "Identifier",
            "decorators": [],
            "name": "C",
            "optional": false,
            "range": [
              180,
              181
            ],
            "loc": {
              "end": {
                "column": 24,
                "line": 7
              },
              "start": {
                "column": 23,
                "line": 7
              }
            }
          }
        ],
        "callee": {
          "type": "Identifier",
          "decorators": [],
          "name": "M",
          "optional": false,
          "range": [
            173,
            174
          ],
          "loc": {
            "end": {
              "column": 17,
              "line": 7
            },
            "start": {
              "column": 16,
              "line": 7
            }
          }
        },
        "optional": false,
        "typeArguments": {
          "type": "TSTypeParameterInstantiation",
          "range": [
            174,
            179
          ],
          "params": [
            {
              "type": "TSAnyKeyword",
              "range": [
                175,
                178
              ],
              "loc": {
                "end": {
                  "column": 21,
                  "line": 7
                },
                "start": {
                  "column": 18,
                  "line": 7
                }
              }
            }
          ],
          "loc": {
            "end": {
              "column": 22,
              "line": 7
            },
            "start": {
              "column": 17,
              "line": 7
            }
          }
        },
        "range": [
          173,
          182
        ],
        "loc": {
          "end": {
            "column": 25,
            "line": 7
          },
          "start": {
            "column": 16,
            "line": 7
          }
        }
      },
      "range": [
        157,
        198
      ],
      "loc": {
        "end": {
          "column": 41,
          "line": 7
        },
        "start": {
          "column": 0,
          "line": 7
        }
      }
    },
    {
      "type": "ClassDeclaration",
      "abstract": false,
      "body": {
        "type": "ClassBody",
        "range": [
          208,
          210
        ],
        "body": [],
        "loc": {
          "end": {
            "column": 10,
            "line": 9
          },
          "start": {
            "column": 8,
            "line": 9
          }
        }
      },
      "declare": false,
      "decorators": [],
      "id": {
        "type": "Identifier",
        "decorators": [],
        "name": "C",
        "optional": false,
        "range": [
          206,
          207
        ],
        "loc": {
          "end": {
            "column": 7,
            "line": 9
          },
          "start": {
            "column": 6,
            "line": 9
          }
        }
      },
      "implements": [],
      "superClass": null,
      "range": [
        200,
        210
      ],
      "loc": {
        "end": {
          "column": 10,
          "line": 9
        },
        "start": {
          "column": 0,
          "line": 9
        }
      }
    },
    {
      "type": "TSInterfaceDeclaration",
      "body": {
        "type": "TSInterfaceBody",
        "range": [
          223,
          225
        ],
        "body": [],
        "loc": {
          "end": {
            "column": 14,
            "line": 10
          },
          "start": {
            "column": 12,
            "line": 10
          }
        }
      },
      "declare": false,
      "extends": [],
      "id": {
        "type": "Identifier",
        "decorators": [],
        "name": "I",
        "optional": false,
        "range": [
          221,
          222
        ],
        "loc": {
          "end": {
            "column": 11,
            "line": 10
          },
          "start": {
            "column": 10,
            "line": 10
          }
        }
      },
      "range": [
        211,
        225
      ],
      "loc": {
        "end": {
          "column": 14,
          "line": 10
        },
        "start": {
          "column": 0,
          "line": 10
        }
      }
    },
    {
      "type": "TSTypeAliasDeclaration",
      "declare": false,
      "id": {
        "type": "Identifier",
        "decorators": [],
        "name": "Constructor",
        "optional": false,
        "range": [
          231,
          242
        ],
        "loc": {
          "end": {
            "column": 16,
            "line": 11
          },
          "start": {
            "column": 5,
            "line": 11
          }
        }
      },
      "typeAnnotation": {
        "type": "TSConstructorType",
        "abstract": false,
        "params": [
          {
            "type": "RestElement",
            "argument": {
              "type": "Identifier",
              "decorators": [],
              "name": "args",
              "optional": false,
              "range": [
                256,
                260
              ],
              "loc": {
                "end": {
                  "column": 34,
                  "line": 11
                },
                "start": {
                  "column": 30,
                  "line": 11
                }
              }
            },
            "decorators": [],
            "optional": false,
            "typeAnnotation": {
              "type": "TSTypeAnnotation",
              "loc": {
                "end": {
                  "column": 41,
                  "line": 11
                },
                "start": {
                  "column": 34,
                  "line": 11
                }
              },
              "range": [
                260,
                267
              ],
              "typeAnnotation": {
                "type": "TSArrayType",
                "elementType": {
                  "type": "TSAnyKeyword",
                  "range": [
                    262,
                    265
                  ],
                  "loc": {
                    "end": {
                      "column": 39,
                      "line": 11
                    },
                    "start": {
                      "column": 36,
                      "line": 11
                    }
                  }
                },
                "range": [
                  262,
                  267
                ],
                "loc": {
                  "end": {
                    "column": 41,
                    "line": 11
                  },
                  "start": {
                    "column": 36,
                    "line": 11
                  }
                }
              }
            },
            "range": [
              253,
              267
            ],
            "loc": {
              "end": {
                "column": 41,
                "line": 11
              },
              "start": {
                "column": 27,
                "line": 11
              }
            }
          }
        ],
        "returnType": {
          "type": "TSTypeAnnotation",
          "loc": {
            "end": {
              "column": 47,
              "line": 11
            },
            "start": {
              "column": 43,
              "line": 11
            }
          },
          "range": [
            269,
            273
          ],
          "typeAnnotation": {
            "type": "TSTypeReference",
            "typeName": {
              "type": "Identifier",
              "decorators": [],
              "name": "T",
              "optional": false,
              "range": [
                272,
                273
              ],
              "loc": {
                "end": {
                  "column": 47,
                  "line": 11
                },
                "start": {
                  "column": 46,
                  "line": 11
                }
              }
            },
            "range": [
              272,
              273
            ],
            "loc": {
              "end": {
                "column": 47,
                "line": 11
              },
              "start": {
                "column": 46,
                "line": 11
              }
            }
          }
        },
        "range": [
          248,
          273
        ],
        "loc": {
          "end": {
            "column": 47,
            "line": 11
          },
          "start": {
            "column": 22,
            "line": 11
          }
        }
      },
      "typeParameters": {
        "type": "TSTypeParameterDeclaration",
        "loc": {
          "end": {
            "column": 19,
            "line": 11
          },
          "start": {
            "column": 16,
            "line": 11
          }
        },
        "range": [
          242,
          245
        ],
        "params": [
          {
            "type": "TSTypeParameter",
            "const": false,
            "in": false,
            "name": {
              "type": "Identifier",
              "decorators": [],
              "name": "T",
              "optional": false,
              "range": [
                243,
                244
              ],
              "loc": {
                "end": {
                  "column": 18,
                  "line": 11
                },
                "start": {
                  "column": 17,
                  "line": 11
                }
              }
            },
            "out": false,
            "range": [
              243,
              244
            ],
            "loc": {
              "end": {
                "column": 18,
                "line": 11
              },
              "start": {
                "column": 17,
                "line": 11
              }
            }
          }
        ]
      },
      "range": [
        226,
        274
      ],
      "loc": {
        "end": {
          "column": 48,
          "line": 11
        },
        "start": {
          "column": 0,
          "line": 11
        }
      }
    }
  ],
  "sourceType": "script",
  "loc": {
    "end": {
      "column": 0,
      "line": 12
    },
    "start": {
      "column": 0,
      "line": 3
    }
  }
}