{
  "type": "Program",
  "range": [
    0,
    26
  ],
  "body": [
    {
      "type": "ExpressionStatement",
      "expression": {
        "type": "ArrowFunctionExpression",
        "async": false,
        "body": {
          "type": "TSSatisfiesExpression",
          "expression": {
            "type": "Literal",
            "raw": "1",
            "value": 1,
            "range": [
              6,
              7
            ],
            "loc": {
              "end": {
                "column": 7,
                "line": 1
              },
              "start": {
                "column": 6,
                "line": 1
              }
            }
          },
          "typeAnnotation": {
            "type": "TSNumberKeyword",
            "range": [
              18,
              24
            ],
            "loc": {
              "end": {
                "column": 24,
                "line": 1
              },
              "start": {
                "column": 18,
                "line": 1
              }
            }
          },
          "range": [
            6,
            24
          ],
          "loc": {
            "end": {
              "column": 24,
              "line": 1
            },
            "start": {
              "column": 6,
              "line": 1
            }
          }
        },
        "expression": true,
        "generator": false,
        "id": null,
        "params": [],
        "range": [
          0,
          24
        ],
        "loc": {
          "end": {
            "column": 24,
            "line": 1
          },
          "start": {
            "column": 0,
            "line": 1
          }
        }
      },
      "range": [
        0,
        25
      ],
      "loc": {
        "end": {
          "column": 25,
          "line": 1
        },
        "start": {
          "column": 0,
          "line": 1
        }
      }
    }
  ],
  "sourceType": "script",
  "loc": {
    "end": {
      "column": 0,
      "line": 2
    },
    "start": {
      "column": 0,
      "line": 1
    }
  }
}