{
  "type": "Program",
  "range": [
    73,
    119
  ],
  "body": [
    {
      "type": "ClassDeclaration",
      "abstract": false,
      "body": {
        "type": "ClassBody",
        "range": [
          81,
          118
        ],
        "body": [
          {
            "type": "MethodDefinition",
            "computed": false,
            "decorators": [
              {
                "type": "Decorator",
                "expression": {
                  "type": "Identifier",
                  "decorators": [],
                  "name": "Foo",
                  "optional": false,
                  "range": [
                    86,
                    89
                  ],
                  "loc": {
                    "end": {
                      "column": 6,
                      "line": 4
                    },
                    "start": {
                      "column": 3,
                      "line": 4
                    }
                  }
                },
                "range": [
                  85,
                  89
                ],
                "loc": {
                  "end": {
                    "column": 6,
                    "line": 4
                  },
                  "start": {
                    "column": 2,
                    "line": 4
                  }
                }
              }
            ],
            "key": {
              "type": "Identifier",
              "decorators": [],
              "name": "staticMethod",
              "optional": false,
              "range": [
                99,
                111
              ],
              "loc": {
                "end": {
                  "column": 21,
                  "line": 5
                },
                "start": {
                  "column": 9,
                  "line": 5
                }
              }
            },
            "kind": "method",
            "optional": false,
            "override": false,
            "static": true,
            "value": {
              "type": "FunctionExpression",
              "range": [
                111,
                116
              ],
              "async": false,
              "body": {
                "type": "BlockStatement",
                "body": [],
                "range": [
                  114,
                  116
                ],
                "loc": {
                  "end": {
                    "column": 26,
                    "line": 5
                  },
                  "start": {
                    "column": 24,
                    "line": 5
                  }
                }
              },
              "declare": false,
              "expression": false,
              "generator": false,
              "id": null,
              "params": [],
              "loc": {
                "end": {
                  "column": 26,
                  "line": 5
                },
                "start": {
                  "column": 21,
                  "line": 5
                }
              }
            },
            "range": [
              85,
              116
            ],
            "loc": {
              "end": {
                "column": 26,
                "line": 5
              },
              "start": {
                "column": 2,
                "line": 4
              }
            }
          }
        ],
        "loc": {
          "end": {
            "column": 1,
            "line": 6
          },
          "start": {
            "column": 8,
            "line": 3
          }
        }
      },
      "declare": false,
      "decorators": [],
      "id": {
        "type": "Identifier",
        "decorators": [],
        "name": "D",
        "optional": false,
        "range": [
          79,
          80
        ],
        "loc": {
          "end": {
            "column": 7,
            "line": 3
          },
          "start": {
            "column": 6,
            "line": 3
          }
        }
      },
      "implements": [],
      "superClass": null,
      "range": [
        73,
        118
      ],
      "loc": {
        "end": {
          "column": 1,
          "line": 6
        },
        "start": {
          "column": 0,
          "line": 3
        }
      }
    }
  ],
  "sourceType": "script",
  "loc": {
    "end": {
      "column": 0,
      "line": 7
    },
    "start": {
      "column": 0,
      "line": 3
    }
  }
}