{
  "type": "Program",
  "range": [
    0,
    28
  ],
  "body": [
    {
      "type": "ClassDeclaration",
      "abstract": false,
      "body": {
        "type": "ClassBody",
        "range": [
          25,
          27
        ],
        "body": [],
        "loc": {
          "end": {
            "column": 27,
            "line": 1
          },
          "start": {
            "column": 25,
            "line": 1
          }
        }
      },
      "declare": false,
      "decorators": [],
      "id": {
        "type": "Identifier",
        "decorators": [],
        "name": "Foo",
        "optional": false,
        "range": [
          6,
          9
        ],
        "loc": {
          "end": {
            "column": 9,
            "line": 1
          },
          "start": {
            "column": 6,
            "line": 1
          }
        }
      },
      "implements": [],
      "superClass": {
        "type": "Identifier",
        "decorators": [],
        "name": "Object",
        "optional": false,
        "range": [
          18,
          24
        ],
        "loc": {
          "end": {
            "column": 24,
            "line": 1
          },
          "start": {
            "column": 18,
            "line": 1
          }
        }
      },
      "range": [
        0,
        27
      ],
      "loc": {
        "end": {
          "column": 27,
          "line": 1
        },
        "start": {
          "column": 0,
          "line": 1
        }
      }
    }
  ],
  "sourceType": "script",
  "loc": {
    "end": {
      "column": 0,
      "line": 2
    },
    "start": {
      "column": 0,
      "line": 1
    }
  }
}