{
  "type": "Program",
  "range": [
    0,
    25
  ],
  "body": [
    {
      "type": "ExportDefaultDeclaration",
      "declaration": {
        "type": "ArrowFunctionExpression",
        "async": false,
        "body": {
          "type": "BlockStatement",
          "body": [],
          "range": [
            21,
            23
          ],
          "loc": {
            "end": {
              "column": 23,
              "line": 1
            },
            "start": {
              "column": 21,
              "line": 1
            }
          }
        },
        "expression": false,
        "generator": false,
        "id": null,
        "params": [],
        "range": [
          15,
          23
        ],
        "loc": {
          "end": {
            "column": 23,
            "line": 1
          },
          "start": {
            "column": 15,
            "line": 1
          }
        }
      },
      "exportKind": "value",
      "range": [
        0,
        24
      ],
      "loc": {
        "end": {
          "column": 24,
          "line": 1
        },
        "start": {
          "column": 0,
          "line": 1
        }
      }
    }
  ],
  "sourceType": "module",
  "loc": {
    "end": {
      "column": 0,
      "line": 2
    },
    "start": {
      "column": 0,
      "line": 1
    }
  }
}