{
  "type": "Program",
  "range": [
    73,
    129
  ],
  "body": [
    {
      "type": "FunctionDeclaration",
      "async": false,
      "body": {
        "type": "BlockStatement",
        "body": [
          {
            "type": "ReturnStatement",
            "argument": null,
            "range": [
              119,
              126
            ],
            "loc": {
              "end": {
                "column": 9,
                "line": 4
              },
              "start": {
                "column": 2,
                "line": 4
              }
            }
          }
        ],
        "range": [
          115,
          128
        ],
        "loc": {
          "end": {
            "column": 1,
            "line": 5
          },
          "start": {
            "column": 42,
            "line": 3
          }
        }
      },
      "declare": false,
      "expression": false,
      "generator": false,
      "id": {
        "type": "Identifier",
        "decorators": [],
        "name": "assertsString",
        "optional": false,
        "range": [
          82,
          95
        ],
        "loc": {
          "end": {
            "column": 22,
            "line": 3
          },
          "start": {
            "column": 9,
            "line": 3
          }
        }
      },
      "params": [
        {
          "type": "Identifier",
          "decorators": [],
          "name": "x",
          "optional": false,
          "typeAnnotation": {
            "type": "TSTypeAnnotation",
            "loc": {
              "end": {
                "column": 29,
                "line": 3
              },
              "start": {
                "column": 24,
                "line": 3
              }
            },
            "range": [
              97,
              102
            ],
            "typeAnnotation": {
              "type": "TSAnyKeyword",
              "range": [
                99,
                102
              ],
              "loc": {
                "end": {
                  "column": 29,
                  "line": 3
                },
                "start": {
                  "column": 26,
                  "line": 3
                }
              }
            }
          },
          "range": [
            96,
            102
          ],
          "loc": {
            "end": {
              "column": 29,
              "line": 3
            },
            "start": {
              "column": 23,
              "line": 3
            }
          }
        }
      ],
      "returnType": {
        "type": "TSTypeAnnotation",
        "loc": {
          "end": {
            "column": 41,
            "line": 3
          },
          "start": {
            "column": 30,
            "line": 3
          }
        },
        "range": [
          103,
          114
        ],
        "typeAnnotation": {
          "type": "TSTypePredicate",
          "asserts": true,
          "parameterName": {
            "type": "Identifier",
            "decorators": [],
            "name": "x",
            "optional": false,
            "range": [
              113,
              114
            ],
            "loc": {
              "end": {
                "column": 41,
                "line": 3
              },
              "start": {
                "column": 40,
                "line": 3
              }
            }
          },
          "typeAnnotation": null,
          "range": [
            105,
            114
          ],
          "loc": {
            "end": {
              "column": 41,
              "line": 3
            },
            "start": {
              "column": 32,
              "line": 3
            }
          }
        }
      },
      "range": [
        73,
        128
      ],
      "loc": {
        "end": {
          "column": 1,
          "line": 5
        },
        "start": {
          "column": 0,
          "line": 3
        }
      }
    }
  ],
  "sourceType": "script",
  "loc": {
    "end": {
      "column": 0,
      "line": 6
    },
    "start": {
      "column": 0,
      "line": 3
    }
  }
}