{
  "type": "Program",
  "range": [
    73,
    175
  ],
  "body": [
    {
      "type": "TSModuleDeclaration",
      "kind": "module",
      "body": {
        "type": "TSModuleBlock",
        "body": [
          {
            "type": "ExportDefaultDeclaration",
            "range": [
              90,
              137
            ],
            "declaration": {
              "type": "ClassDeclaration",
              "abstract": false,
              "body": {
                "type": "ClassBody",
                "range": [
                  113,
                  137
                ],
                "body": [
                  {
                    "type": "MethodDefinition",
                    "computed": false,
                    "decorators": [],
                    "key": {
                      "type": "Identifier",
                      "decorators": [],
                      "name": "method",
                      "optional": false,
                      "range": [
                        119,
                        125
                      ],
                      "loc": {
                        "end": {
                          "column": 10,
                          "line": 5
                        },
                        "start": {
                          "column": 4,
                          "line": 5
                        }
                      }
                    },
                    "kind": "method",
                    "optional": false,
                    "override": false,
                    "static": false,
                    "value": {
                      "type": "FunctionExpression",
                      "range": [
                        125,
                        133
                      ],
                      "async": false,
                      "body": {
                        "type": "BlockStatement",
                        "body": [],
                        "range": [
                          131,
                          133
                        ],
                        "loc": {
                          "end": {
                            "column": 18,
                            "line": 5
                          },
                          "start": {
                            "column": 16,
                            "line": 5
                          }
                        }
                      },
                      "declare": false,
                      "expression": false,
                      "generator": false,
                      "id": null,
                      "params": [],
                      "returnType": {
                        "type": "TSTypeAnnotation",
                        "loc": {
                          "end": {
                            "column": 15,
                            "line": 5
                          },
                          "start": {
                            "column": 12,
                            "line": 5
                          }
                        },
                        "range": [
                          127,
                          130
                        ],
                        "typeAnnotation": {
                          "type": "TSTypeReference",
                          "typeName": {
                            "type": "Identifier",
                            "decorators": [],
                            "name": "C",
                            "optional": false,
                            "range": [
                              129,
                              130
                            ],
                            "loc": {
                              "end": {
                                "column": 15,
                                "line": 5
                              },
                              "start": {
                                "column": 14,
                                "line": 5
                              }
                            }
                          },
                          "range": [
                            129,
                            130
                          ],
                          "loc": {
                            "end": {
                              "column": 15,
                              "line": 5
                            },
                            "start": {
                              "column": 14,
                              "line": 5
                            }
                          }
                        }
                      },
                      "loc": {
                        "end": {
                          "column": 18,
                          "line": 5
                        },
                        "start": {
                          "column": 10,
                          "line": 5
                        }
                      }
                    },
                    "range": [
                      119,
                      133
                    ],
                    "loc": {
                      "end": {
                        "column": 18,
                        "line": 5
                      },
                      "start": {
                        "column": 4,
                        "line": 5
                      }
                    }
                  }
                ],
                "loc": {
                  "end": {
                    "column": 3,
                    "line": 6
                  },
                  "start": {
                    "column": 25,
                    "line": 4
                  }
                }
              },
              "declare": false,
              "decorators": [],
              "id": {
                "type": "Identifier",
                "decorators": [],
                "name": "C",
                "optional": false,
                "range": [
                  111,
                  112
                ],
                "loc": {
                  "end": {
                    "column": 24,
                    "line": 4
                  },
                  "start": {
                    "column": 23,
                    "line": 4
                  }
                }
              },
              "implements": [],
              "superClass": null,
              "range": [
                105,
                137
              ],
              "loc": {
                "end": {
                  "column": 3,
                  "line": 6
                },
                "start": {
                  "column": 17,
                  "line": 4
                }
              }
            },
            "exportKind": "value",
            "loc": {
              "end": {
                "column": 3,
                "line": 6
              },
              "start": {
                "column": 2,
                "line": 4
              }
            }
          },
          {
            "type": "ExportDefaultDeclaration",
            "range": [
              140,
              172
            ],
            "declaration": {
              "type": "FunctionDeclaration",
              "async": false,
              "body": {
                "type": "BlockStatement",
                "body": [],
                "range": [
                  170,
                  172
                ],
                "loc": {
                  "end": {
                    "column": 34,
                    "line": 7
                  },
                  "start": {
                    "column": 32,
                    "line": 7
                  }
                }
              },
              "declare": false,
              "expression": false,
              "generator": false,
              "id": {
                "type": "Identifier",
                "decorators": [],
                "name": "bar",
                "optional": false,
                "range": [
                  164,
                  167
                ],
                "loc": {
                  "end": {
                    "column": 29,
                    "line": 7
                  },
                  "start": {
                    "column": 26,
                    "line": 7
                  }
                }
              },
              "params": [],
              "range": [
                155,
                172
              ],
              "loc": {
                "end": {
                  "column": 34,
                  "line": 7
                },
                "start": {
                  "column": 17,
                  "line": 7
                }
              }
            },
            "exportKind": "value",
            "loc": {
              "end": {
                "column": 34,
                "line": 7
              },
              "start": {
                "column": 2,
                "line": 7
              }
            }
          }
        ],
        "range": [
          86,
          174
        ],
        "loc": {
          "end": {
            "column": 1,
            "line": 8
          },
          "start": {
            "column": 13,
            "line": 3
          }
        }
      },
      "declare": false,
      "global": false,
      "id": {
        "type": "Literal",
        "raw": "'foo'",
        "value": "foo",
        "range": [
          80,
          85
        ],
        "loc": {
          "end": {
            "column": 12,
            "line": 3
          },
          "start": {
            "column": 7,
            "line": 3
          }
        }
      },
      "range": [
        73,
        174
      ],
      "loc": {
        "end": {
          "column": 1,
          "line": 8
        },
        "start": {
          "column": 0,
          "line": 3
        }
      }
    }
  ],
  "sourceType": "script",
  "loc": {
    "end": {
      "column": 0,
      "line": 9
    },
    "start": {
      "column": 0,
      "line": 3
    }
  }
}