[
  {
    "type": "Keyword",
    "loc": {
      "end": {
        "column": 3,
        "line": 3
      },
      "start": {
        "column": 0,
        "line": 3
      }
    },
    "range": [
      73,
      76
    ],
    "value": "let"
  },
  {
    "type": "Identifier",
    "loc": {
      "end": {
        "column": 5,
        "line": 3
      },
      "start": {
        "column": 4,
        "line": 3
      }
    },
    "range": [
      77,
      78
    ],
    "value": "x"
  },
  {
    "type": "Punctuator",
    "loc": {
      "end": {
        "column": 6,
        "line": 3
      },
      "start": {
        "column": 5,
        "line": 3
      }
    },
    "range": [
      78,
      79
    ],
    "value": ":"
  },
  {
    "type": "Keyword",
    "loc": {
      "end": {
        "column": 11,
        "line": 3
      },
      "start": {
        "column": 7,
        "line": 3
      }
    },
    "range": [
      80,
      84
    ],
    "value": "null"
  },
  {
    "type": "Punctuator",
    "loc": {
      "end": {
        "column": 12,
        "line": 3
      },
      "start": {
        "column": 11,
        "line": 3
      }
    },
    "range": [
      84,
      85
    ],
    "value": ";"
  },
  {
    "type": "Keyword",
    "loc": {
      "end": {
        "column": 3,
        "line": 4
      },
      "start": {
        "column": 0,
        "line": 4
      }
    },
    "range": [
      86,
      89
    ],
    "value": "let"
  },
  {
    "type": "Identifier",
    "loc": {
      "end": {
        "column": 5,
        "line": 4
      },
      "start": {
        "column": 4,
        "line": 4
      }
    },
    "range": [
      90,
      91
    ],
    "value": "y"
  },
  {
    "type": "Punctuator",
    "loc": {
      "end": {
        "column": 6,
        "line": 4
      },
      "start": {
        "column": 5,
        "line": 4
      }
    },
    "range": [
      91,
      92
    ],
    "value": ":"
  },
  {
    "type": "Identifier",
    "loc": {
      "end": {
        "column": 16,
        "line": 4
      },
      "start": {
        "column": 7,
        "line": 4
      }
    },
    "range": [
      93,
      102
    ],
    "value": "undefined"
  },
  {
    "type": "Punctuator",
    "loc": {
      "end": {
        "column": 17,
        "line": 4
      },
      "start": {
        "column": 16,
        "line": 4
      }
    },
    "range": [
      102,
      103
    ],
    "value": ";"
  }
]