{
  "type": "Program",
  "range": [
    73,
    103
  ],
  "body": [
    {
      "type": "ClassDeclaration",
      "abstract": true,
      "body": {
        "type": "ClassBody",
        "range": [
          100,
          102
        ],
        "body": [],
        "loc": {
          "end": {
            "column": 29,
            "line": 3
          },
          "start": {
            "column": 27,
            "line": 3
          }
        }
      },
      "declare": true,
      "decorators": [],
      "id": {
        "type": "Identifier",
        "decorators": [],
        "name": "Foo",
        "optional": false,
        "range": [
          96,
          99
        ],
        "loc": {
          "end": {
            "column": 26,
            "line": 3
          },
          "start": {
            "column": 23,
            "line": 3
          }
        }
      },
      "implements": [],
      "superClass": null,
      "range": [
        73,
        102
      ],
      "loc": {
        "end": {
          "column": 29,
          "line": 3
        },
        "start": {
          "column": 0,
          "line": 3
        }
      }
    }
  ],
  "sourceType": "script",
  "loc": {
    "end": {
      "column": 0,
      "line": 4
    },
    "start": {
      "column": 0,
      "line": 3
    }
  }
}