{
  "type": "Program",
  "range": [
    0,
    20
  ],
  "body": [
    {
      "type": "ExportNamedDeclaration",
      "range": [
        0,
        19
      ],
      "attributes": [],
      "declaration": {
        "type": "VariableDeclaration",
        "declarations": [
          {
            "type": "VariableDeclarator",
            "definite": false,
            "id": {
              "type": "Identifier",
              "decorators": [],
              "name": "x",
              "optional": false,
              "range": [
                13,
                14
              ],
              "loc": {
                "end": {
                  "column": 14,
                  "line": 1
                },
                "start": {
                  "column": 13,
                  "line": 1
                }
              }
            },
            "init": {
              "type": "Literal",
              "raw": "1",
              "value": 1,
              "range": [
                17,
                18
              ],
              "loc": {
                "end": {
                  "column": 18,
                  "line": 1
                },
                "start": {
                  "column": 17,
                  "line": 1
                }
              }
            },
            "range": [
              13,
              18
            ],
            "loc": {
              "end": {
                "column": 18,
                "line": 1
              },
              "start": {
                "column": 13,
                "line": 1
              }
            }
          }
        ],
        "declare": false,
        "kind": "const",
        "range": [
          7,
          19
        ],
        "loc": {
          "end": {
            "column": 19,
            "line": 1
          },
          "start": {
            "column": 7,
            "line": 1
          }
        }
      },
      "exportKind": "value",
      "source": null,
      "specifiers": [],
      "loc": {
        "end": {
          "column": 19,
          "line": 1
        },
        "start": {
          "column": 0,
          "line": 1
        }
      }
    }
  ],
  "sourceType": "module",
  "loc": {
    "end": {
      "column": 0,
      "line": 2
    },
    "start": {
      "column": 0,
      "line": 1
    }
  }
}