[
  {
    "type": "Keyword",
    "loc": {
      "end": {
        "column": 6,
        "line": 3
      },
      "start": {
        "column": 0,
        "line": 3
      }
    },
    "range": [
      73,
      79
    ],
    "value": "import"
  },
  {
    "type": "Identifier",
    "loc": {
      "end": {
        "column": 10,
        "line": 3
      },
      "start": {
        "column": 7,
        "line": 3
      }
    },
    "range": [
      80,
      83
    ],
    "value": "foo"
  },
  {
    "type": "Identifier",
    "loc": {
      "end": {
        "column": 15,
        "line": 3
      },
      "start": {
        "column": 11,
        "line": 3
      }
    },
    "range": [
      84,
      88
    ],
    "value": "from"
  },
  {
    "type": "String",
    "loc": {
      "end": {
        "column": 21,
        "line": 3
      },
      "start": {
        "column": 16,
        "line": 3
      }
    },
    "range": [
      89,
      94
    ],
    "value": "'mod'"
  },
  {
    "type": "Identifier",
    "loc": {
      "end": {
        "column": 28,
        "line": 3
      },
      "start": {
        "column": 22,
        "line": 3
      }
    },
    "range": [
      95,
      101
    ],
    "value": "assert"
  },
  {
    "type": "Punctuator",
    "loc": {
      "end": {
        "column": 30,
        "line": 3
      },
      "start": {
        "column": 29,
        "line": 3
      }
    },
    "range": [
      102,
      103
    ],
    "value": "{"
  },
  {
    "type": "Identifier",
    "loc": {
      "end": {
        "column": 35,
        "line": 3
      },
      "start": {
        "column": 31,
        "line": 3
      }
    },
    "range": [
      104,
      108
    ],
    "value": "type"
  },
  {
    "type": "Punctuator",
    "loc": {
      "end": {
        "column": 36,
        "line": 3
      },
      "start": {
        "column": 35,
        "line": 3
      }
    },
    "range": [
      108,
      109
    ],
    "value": ":"
  },
  {
    "type": "String",
    "loc": {
      "end": {
        "column": 43,
        "line": 3
      },
      "start": {
        "column": 37,
        "line": 3
      }
    },
    "range": [
      110,
      116
    ],
    "value": "'json'"
  },
  {
    "type": "Punctuator",
    "loc": {
      "end": {
        "column": 45,
        "line": 3
      },
      "start": {
        "column": 44,
        "line": 3
      }
    },
    "range": [
      117,
      118
    ],
    "value": "}"
  },
  {
    "type": "Punctuator",
    "loc": {
      "end": {
        "column": 46,
        "line": 3
      },
      "start": {
        "column": 45,
        "line": 3
      }
    },
    "range": [
      118,
      119
    ],
    "value": ";"
  }
]