[
  {
    "type": "Identifier",
    "loc": {
      "end": {
        "column": 7,
        "line": 1
      },
      "start": {
        "column": 0,
        "line": 1
      }
    },
    "range": [
      0,
      7
    ],
    "value": "declare"
  },
  {
    "type": "Identifier",
    "loc": {
      "end": {
        "column": 17,
        "line": 1
      },
      "start": {
        "column": 8,
        "line": 1
      }
    },
    "range": [
      8,
      17
    ],
    "value": "namespace"
  },
  {
    "type": "Identifier",
    "loc": {
      "end": {
        "column": 21,
        "line": 1
      },
      "start": {
        "column": 18,
        "line": 1
      }
    },
    "range": [
      18,
      21
    ],
    "value": "abd"
  },
  {
    "type": "Punctuator",
    "loc": {
      "end": {
        "column": 22,
        "line": 1
      },
      "start": {
        "column": 21,
        "line": 1
      }
    },
    "range": [
      21,
      22
    ],
    "value": "."
  },
  {
    "type": "Identifier",
    "loc": {
      "end": {
        "column": 25,
        "line": 1
      },
      "start": {
        "column": 22,
        "line": 1
      }
    },
    "range": [
      22,
      25
    ],
    "value": "def"
  },
  {
    "type": "Punctuator",
    "loc": {
      "end": {
        "column": 27,
        "line": 1
      },
      "start": {
        "column": 26,
        "line": 1
      }
    },
    "range": [
      26,
      27
    ],
    "value": "{"
  },
  {
    "type": "Punctuator",
    "loc": {
      "end": {
        "column": 28,
        "line": 1
      },
      "start": {
        "column": 27,
        "line": 1
      }
    },
    "range": [
      27,
      28
    ],
    "value": "}"
  }
]