{
  "type": "Program",
  "range": [
    73,
    290
  ],
  "body": [
    {
      "type": "VariableDeclaration",
      "declarations": [
        {
          "type": "VariableDeclarator",
          "definite": false,
          "id": {
            "type": "Identifier",
            "decorators": [],
            "name": "computed",
            "optional": false,
            "range": [
              79,
              87
            ],
            "loc": {
              "end": {
                "column": 14,
                "line": 3
              },
              "start": {
                "column": 6,
                "line": 3
              }
            }
          },
          "init": {
            "type": "Literal",
            "raw": "'buzz'",
            "value": "buzz",
            "range": [
              90,
              96
            ],
            "loc": {
              "end": {
                "column": 23,
                "line": 3
              },
              "start": {
                "column": 17,
                "line": 3
              }
            }
          },
          "range": [
            79,
            96
          ],
          "loc": {
            "end": {
              "column": 23,
              "line": 3
            },
            "start": {
              "column": 6,
              "line": 3
            }
          }
        }
      ],
      "declare": false,
      "kind": "const",
      "range": [
        73,
        97
      ],
      "loc": {
        "end": {
          "column": 24,
          "line": 3
        },
        "start": {
          "column": 0,
          "line": 3
        }
      }
    },
    {
      "type": "VariableDeclaration",
      "declarations": [
        {
          "type": "VariableDeclarator",
          "definite": false,
          "id": {
            "type": "Identifier",
            "decorators": [],
            "name": "computed2",
            "optional": false,
            "range": [
              104,
              113
            ],
            "loc": {
              "end": {
                "column": 15,
                "line": 4
              },
              "start": {
                "column": 6,
                "line": 4
              }
            }
          },
          "init": {
            "type": "Literal",
            "raw": "'bazz'",
            "value": "bazz",
            "range": [
              116,
              122
            ],
            "loc": {
              "end": {
                "column": 24,
                "line": 4
              },
              "start": {
                "column": 18,
                "line": 4
              }
            }
          },
          "range": [
            104,
            122
          ],
          "loc": {
            "end": {
              "column": 24,
              "line": 4
            },
            "start": {
              "column": 6,
              "line": 4
            }
          }
        }
      ],
      "declare": false,
      "kind": "const",
      "range": [
        98,
        123
      ],
      "loc": {
        "end": {
          "column": 25,
          "line": 4
        },
        "start": {
          "column": 0,
          "line": 4
        }
      }
    },
    {
      "type": "ClassDeclaration",
      "abstract": false,
      "body": {
        "type": "ClassBody",
        "range": [
          134,
          289
        ],
        "body": [
          {
            "type": "PropertyDefinition",
            "computed": false,
            "declare": false,
            "decorators": [],
            "definite": false,
            "key": {
              "type": "Identifier",
              "decorators": [],
              "name": "foo",
              "optional": false,
              "range": [
                138,
                141
              ],
              "loc": {
                "end": {
                  "column": 5,
                  "line": 6
                },
                "start": {
                  "column": 2,
                  "line": 6
                }
              }
            },
            "optional": true,
            "override": false,
            "readonly": false,
            "static": false,
            "value": null,
            "range": [
              138,
              143
            ],
            "loc": {
              "end": {
                "column": 7,
                "line": 6
              },
              "start": {
                "column": 2,
                "line": 6
              }
            }
          },
          {
            "type": "PropertyDefinition",
            "computed": false,
            "declare": false,
            "decorators": [],
            "definite": false,
            "key": {
              "type": "Identifier",
              "decorators": [],
              "name": "bar",
              "optional": false,
              "range": [
                146,
                149
              ],
              "loc": {
                "end": {
                  "column": 5,
                  "line": 7
                },
                "start": {
                  "column": 2,
                  "line": 7
                }
              }
            },
            "optional": true,
            "override": false,
            "readonly": false,
            "static": false,
            "typeAnnotation": {
              "type": "TSTypeAnnotation",
              "loc": {
                "end": {
                  "column": 14,
                  "line": 7
                },
                "start": {
                  "column": 6,
                  "line": 7
                }
              },
              "range": [
                150,
                158
              ],
              "typeAnnotation": {
                "type": "TSStringKeyword",
                "range": [
                  152,
                  158
                ],
                "loc": {
                  "end": {
                    "column": 14,
                    "line": 7
                  },
                  "start": {
                    "column": 8,
                    "line": 7
                  }
                }
              }
            },
            "value": null,
            "range": [
              146,
              159
            ],
            "loc": {
              "end": {
                "column": 15,
                "line": 7
              },
              "start": {
                "column": 2,
                "line": 7
              }
            }
          },
          {
            "type": "PropertyDefinition",
            "accessibility": "private",
            "computed": false,
            "declare": false,
            "decorators": [],
            "definite": false,
            "key": {
              "type": "Identifier",
              "decorators": [],
              "name": "baz",
              "optional": false,
              "range": [
                170,
                173
              ],
              "loc": {
                "end": {
                  "column": 13,
                  "line": 8
                },
                "start": {
                  "column": 10,
                  "line": 8
                }
              }
            },
            "optional": true,
            "override": false,
            "readonly": false,
            "static": false,
            "typeAnnotation": {
              "type": "TSTypeAnnotation",
              "loc": {
                "end": {
                  "column": 22,
                  "line": 8
                },
                "start": {
                  "column": 14,
                  "line": 8
                }
              },
              "range": [
                174,
                182
              ],
              "typeAnnotation": {
                "type": "TSStringKeyword",
                "range": [
                  176,
                  182
                ],
                "loc": {
                  "end": {
                    "column": 22,
                    "line": 8
                  },
                  "start": {
                    "column": 16,
                    "line": 8
                  }
                }
              }
            },
            "value": null,
            "range": [
              162,
              183
            ],
            "loc": {
              "end": {
                "column": 23,
                "line": 8
              },
              "start": {
                "column": 2,
                "line": 8
              }
            }
          },
          {
            "type": "PropertyDefinition",
            "computed": true,
            "declare": false,
            "decorators": [],
            "definite": false,
            "key": {
              "type": "Identifier",
              "decorators": [],
              "name": "computed",
              "optional": false,
              "range": [
                187,
                195
              ],
              "loc": {
                "end": {
                  "column": 11,
                  "line": 9
                },
                "start": {
                  "column": 3,
                  "line": 9
                }
              }
            },
            "optional": true,
            "override": false,
            "readonly": false,
            "static": false,
            "value": null,
            "range": [
              186,
              198
            ],
            "loc": {
              "end": {
                "column": 14,
                "line": 9
              },
              "start": {
                "column": 2,
                "line": 9
              }
            }
          },
          {
            "type": "PropertyDefinition",
            "computed": true,
            "declare": false,
            "decorators": [],
            "definite": false,
            "key": {
              "type": "Literal",
              "raw": "'literal'",
              "value": "literal",
              "range": [
                202,
                211
              ],
              "loc": {
                "end": {
                  "column": 12,
                  "line": 10
                },
                "start": {
                  "column": 3,
                  "line": 10
                }
              }
            },
            "optional": true,
            "override": false,
            "readonly": false,
            "static": false,
            "value": null,
            "range": [
              201,
              214
            ],
            "loc": {
              "end": {
                "column": 15,
                "line": 10
              },
              "start": {
                "column": 2,
                "line": 10
              }
            }
          },
          {
            "type": "PropertyDefinition",
            "computed": true,
            "declare": false,
            "decorators": [],
            "definite": false,
            "key": {
              "type": "Literal",
              "raw": "1",
              "value": 1,
              "range": [
                218,
                219
              ],
              "loc": {
                "end": {
                  "column": 4,
                  "line": 11
                },
                "start": {
                  "column": 3,
                  "line": 11
                }
              }
            },
            "optional": true,
            "override": false,
            "readonly": false,
            "static": false,
            "value": null,
            "range": [
              217,
              222
            ],
            "loc": {
              "end": {
                "column": 7,
                "line": 11
              },
              "start": {
                "column": 2,
                "line": 11
              }
            }
          },
          {
            "type": "PropertyDefinition",
            "computed": true,
            "declare": false,
            "decorators": [],
            "definite": false,
            "key": {
              "type": "Identifier",
              "decorators": [],
              "name": "computed2",
              "optional": false,
              "range": [
                226,
                235
              ],
              "loc": {
                "end": {
                  "column": 12,
                  "line": 12
                },
                "start": {
                  "column": 3,
                  "line": 12
                }
              }
            },
            "optional": true,
            "override": false,
            "readonly": false,
            "static": false,
            "typeAnnotation": {
              "type": "TSTypeAnnotation",
              "loc": {
                "end": {
                  "column": 22,
                  "line": 12
                },
                "start": {
                  "column": 14,
                  "line": 12
                }
              },
              "range": [
                237,
                245
              ],
              "typeAnnotation": {
                "type": "TSStringKeyword",
                "range": [
                  239,
                  245
                ],
                "loc": {
                  "end": {
                    "column": 22,
                    "line": 12
                  },
                  "start": {
                    "column": 16,
                    "line": 12
                  }
                }
              }
            },
            "value": null,
            "range": [
              225,
              246
            ],
            "loc": {
              "end": {
                "column": 23,
                "line": 12
              },
              "start": {
                "column": 2,
                "line": 12
              }
            }
          },
          {
            "type": "PropertyDefinition",
            "computed": true,
            "declare": false,
            "decorators": [],
            "definite": false,
            "key": {
              "type": "Literal",
              "raw": "'literal2'",
              "value": "literal2",
              "range": [
                250,
                260
              ],
              "loc": {
                "end": {
                  "column": 13,
                  "line": 13
                },
                "start": {
                  "column": 3,
                  "line": 13
                }
              }
            },
            "optional": true,
            "override": false,
            "readonly": false,
            "static": false,
            "typeAnnotation": {
              "type": "TSTypeAnnotation",
              "loc": {
                "end": {
                  "column": 23,
                  "line": 13
                },
                "start": {
                  "column": 15,
                  "line": 13
                }
              },
              "range": [
                262,
                270
              ],
              "typeAnnotation": {
                "type": "TSStringKeyword",
                "range": [
                  264,
                  270
                ],
                "loc": {
                  "end": {
                    "column": 23,
                    "line": 13
                  },
                  "start": {
                    "column": 17,
                    "line": 13
                  }
                }
              }
            },
            "value": null,
            "range": [
              249,
              271
            ],
            "loc": {
              "end": {
                "column": 24,
                "line": 13
              },
              "start": {
                "column": 2,
                "line": 13
              }
            }
          },
          {
            "type": "PropertyDefinition",
            "computed": true,
            "declare": false,
            "decorators": [],
            "definite": false,
            "key": {
              "type": "Literal",
              "raw": "2",
              "value": 2,
              "range": [
                275,
                276
              ],
              "loc": {
                "end": {
                  "column": 4,
                  "line": 14
                },
                "start": {
                  "column": 3,
                  "line": 14
                }
              }
            },
            "optional": true,
            "override": false,
            "readonly": false,
            "static": false,
            "typeAnnotation": {
              "type": "TSTypeAnnotation",
              "loc": {
                "end": {
                  "column": 14,
                  "line": 14
                },
                "start": {
                  "column": 6,
                  "line": 14
                }
              },
              "range": [
                278,
                286
              ],
              "typeAnnotation": {
                "type": "TSStringKeyword",
                "range": [
                  280,
                  286
                ],
                "loc": {
                  "end": {
                    "column": 14,
                    "line": 14
                  },
                  "start": {
                    "column": 8,
                    "line": 14
                  }
                }
              }
            },
            "value": null,
            "range": [
              274,
              287
            ],
            "loc": {
              "end": {
                "column": 15,
                "line": 14
              },
              "start": {
                "column": 2,
                "line": 14
              }
            }
          }
        ],
        "loc": {
          "end": {
            "column": 1,
            "line": 15
          },
          "start": {
            "column": 10,
            "line": 5
          }
        }
      },
      "declare": false,
      "decorators": [],
      "id": {
        "type": "Identifier",
        "decorators": [],
        "name": "Foo",
        "optional": false,
        "range": [
          130,
          133
        ],
        "loc": {
          "end": {
            "column": 9,
            "line": 5
          },
          "start": {
            "column": 6,
            "line": 5
          }
        }
      },
      "implements": [],
      "superClass": null,
      "range": [
        124,
        289
      ],
      "loc": {
        "end": {
          "column": 1,
          "line": 15
        },
        "start": {
          "column": 0,
          "line": 5
        }
      }
    }
  ],
  "sourceType": "script",
  "loc": {
    "end": {
      "column": 0,
      "line": 16
    },
    "start": {
      "column": 0,
      "line": 3
    }
  }
}