{
  "type": "Program",
  "range": [
    0,
    30
  ],
  "body": [
    {
      "type": "TSDeclareFunction",
      "async": false,
      "declare": true,
      "expression": false,
      "generator": false,
      "id": {
        "type": "Identifier",
        "decorators": [],
        "name": "foo",
        "optional": false,
        "range": [
          17,
          20
        ],
        "loc": {
          "end": {
            "column": 20,
            "line": 1
          },
          "start": {
            "column": 17,
            "line": 1
          }
        }
      },
      "params": [],
      "returnType": {
        "type": "TSTypeAnnotation",
        "loc": {
          "end": {
            "column": 28,
            "line": 1
          },
          "start": {
            "column": 22,
            "line": 1
          }
        },
        "range": [
          22,
          28
        ],
        "typeAnnotation": {
          "type": "TSVoidKeyword",
          "range": [
            24,
            28
          ],
          "loc": {
            "end": {
              "column": 28,
              "line": 1
            },
            "start": {
              "column": 24,
              "line": 1
            }
          }
        }
      },
      "range": [
        0,
        29
      ],
      "loc": {
        "end": {
          "column": 29,
          "line": 1
        },
        "start": {
          "column": 0,
          "line": 1
        }
      }
    }
  ],
  "sourceType": "script",
  "loc": {
    "end": {
      "column": 0,
      "line": 2
    },
    "start": {
      "column": 0,
      "line": 1
    }
  }
}