{
  "type": "Program",
  "range": [
    0,
    13
  ],
  "body": [
    {
      "type": "VariableDeclaration",
      "declarations": [
        {
          "type": "VariableDeclarator",
          "definite": false,
          "id": {
            "type": "Identifier",
            "decorators": [],
            "name": "x",
            "optional": false,
            "range": [
              4,
              5
            ],
            "loc": {
              "end": {
                "column": 5,
                "line": 1
              },
              "start": {
                "column": 4,
                "line": 1
              }
            }
          },
          "init": null,
          "range": [
            4,
            5
          ],
          "loc": {
            "end": {
              "column": 5,
              "line": 1
            },
            "start": {
              "column": 4,
              "line": 1
            }
          }
        },
        {
          "type": "VariableDeclarator",
          "definite": false,
          "id": {
            "type": "Identifier",
            "decorators": [],
            "name": "y",
            "optional": false,
            "range": [
              7,
              8
            ],
            "loc": {
              "end": {
                "column": 8,
                "line": 1
              },
              "start": {
                "column": 7,
                "line": 1
              }
            }
          },
          "init": null,
          "range": [
            7,
            8
          ],
          "loc": {
            "end": {
              "column": 8,
              "line": 1
            },
            "start": {
              "column": 7,
              "line": 1
            }
          }
        },
        {
          "type": "VariableDeclarator",
          "definite": false,
          "id": {
            "type": "Identifier",
            "decorators": [],
            "name": "z",
            "optional": false,
            "range": [
              10,
              11
            ],
            "loc": {
              "end": {
                "column": 11,
                "line": 1
              },
              "start": {
                "column": 10,
                "line": 1
              }
            }
          },
          "init": null,
          "range": [
            10,
            11
          ],
          "loc": {
            "end": {
              "column": 11,
              "line": 1
            },
            "start": {
              "column": 10,
              "line": 1
            }
          }
        }
      ],
      "declare": false,
      "kind": "let",
      "range": [
        0,
        12
      ],
      "loc": {
        "end": {
          "column": 12,
          "line": 1
        },
        "start": {
          "column": 0,
          "line": 1
        }
      }
    }
  ],
  "sourceType": "script",
  "loc": {
    "end": {
      "column": 0,
      "line": 2
    },
    "start": {
      "column": 0,
      "line": 1
    }
  }
}