{
  "type": "Program",
  "range": [
    73,
    161
  ],
  "body": [
    {
      "type": "ClassDeclaration",
      "abstract": false,
      "body": {
        "type": "ClassBody",
        "range": [
          81,
          160
        ],
        "body": [
          {
            "type": "PropertyDefinition",
            "computed": false,
            "declare": false,
            "decorators": [
              {
                "type": "Decorator",
                "expression": {
                  "type": "CallExpression",
                  "arguments": [
                    {
                      "type": "Literal",
                      "raw": "true",
                      "value": true,
                      "range": [
                        99,
                        103
                      ],
                      "loc": {
                        "end": {
                          "column": 20,
                          "line": 4
                        },
                        "start": {
                          "column": 16,
                          "line": 4
                        }
                      }
                    }
                  ],
                  "callee": {
                    "type": "Identifier",
                    "decorators": [],
                    "name": "configurable",
                    "optional": false,
                    "range": [
                      86,
                      98
                    ],
                    "loc": {
                      "end": {
                        "column": 15,
                        "line": 4
                      },
                      "start": {
                        "column": 3,
                        "line": 4
                      }
                    }
                  },
                  "optional": false,
                  "range": [
                    86,
                    104
                  ],
                  "loc": {
                    "end": {
                      "column": 21,
                      "line": 4
                    },
                    "start": {
                      "column": 3,
                      "line": 4
                    }
                  }
                },
                "range": [
                  85,
                  104
                ],
                "loc": {
                  "end": {
                    "column": 21,
                    "line": 4
                  },
                  "start": {
                    "column": 2,
                    "line": 4
                  }
                }
              }
            ],
            "definite": false,
            "key": {
              "type": "Identifier",
              "decorators": [],
              "name": "prop1",
              "optional": false,
              "range": [
                112,
                117
              ],
              "loc": {
                "end": {
                  "column": 34,
                  "line": 4
                },
                "start": {
                  "column": 29,
                  "line": 4
                }
              }
            },
            "optional": false,
            "override": false,
            "readonly": false,
            "static": true,
            "value": null,
            "range": [
              85,
              118
            ],
            "loc": {
              "end": {
                "column": 35,
                "line": 4
              },
              "start": {
                "column": 2,
                "line": 4
              }
            }
          },
          {
            "type": "PropertyDefinition",
            "computed": false,
            "declare": false,
            "decorators": [
              {
                "type": "Decorator",
                "expression": {
                  "type": "CallExpression",
                  "arguments": [
                    {
                      "type": "Literal",
                      "raw": "false",
                      "value": false,
                      "range": [
                        136,
                        141
                      ],
                      "loc": {
                        "end": {
                          "column": 21,
                          "line": 6
                        },
                        "start": {
                          "column": 16,
                          "line": 6
                        }
                      }
                    }
                  ],
                  "callee": {
                    "type": "Identifier",
                    "decorators": [],
                    "name": "configurable",
                    "optional": false,
                    "range": [
                      123,
                      135
                    ],
                    "loc": {
                      "end": {
                        "column": 15,
                        "line": 6
                      },
                      "start": {
                        "column": 3,
                        "line": 6
                      }
                    }
                  },
                  "optional": false,
                  "range": [
                    123,
                    142
                  ],
                  "loc": {
                    "end": {
                      "column": 22,
                      "line": 6
                    },
                    "start": {
                      "column": 3,
                      "line": 6
                    }
                  }
                },
                "range": [
                  122,
                  142
                ],
                "loc": {
                  "end": {
                    "column": 22,
                    "line": 6
                  },
                  "start": {
                    "column": 2,
                    "line": 6
                  }
                }
              }
            ],
            "definite": false,
            "key": {
              "type": "Identifier",
              "decorators": [],
              "name": "prop2",
              "optional": false,
              "range": [
                152,
                157
              ],
              "loc": {
                "end": {
                  "column": 14,
                  "line": 7
                },
                "start": {
                  "column": 9,
                  "line": 7
                }
              }
            },
            "optional": false,
            "override": false,
            "readonly": false,
            "static": true,
            "value": null,
            "range": [
              122,
              158
            ],
            "loc": {
              "end": {
                "column": 15,
                "line": 7
              },
              "start": {
                "column": 2,
                "line": 6
              }
            }
          }
        ],
        "loc": {
          "end": {
            "column": 1,
            "line": 8
          },
          "start": {
            "column": 8,
            "line": 3
          }
        }
      },
      "declare": false,
      "decorators": [],
      "id": {
        "type": "Identifier",
        "decorators": [],
        "name": "A",
        "optional": false,
        "range": [
          79,
          80
        ],
        "loc": {
          "end": {
            "column": 7,
            "line": 3
          },
          "start": {
            "column": 6,
            "line": 3
          }
        }
      },
      "implements": [],
      "superClass": null,
      "range": [
        73,
        160
      ],
      "loc": {
        "end": {
          "column": 1,
          "line": 8
        },
        "start": {
          "column": 0,
          "line": 3
        }
      }
    }
  ],
  "sourceType": "script",
  "loc": {
    "end": {
      "column": 0,
      "line": 9
    },
    "start": {
      "column": 0,
      "line": 3
    }
  }
}