[
  {
    "type": "Keyword",
    "loc": {
      "end": {
        "column": 8,
        "line": 3
      },
      "start": {
        "column": 0,
        "line": 3
      }
    },
    "range": [
      73,
      81
    ],
    "value": "function"
  },
  {
    "type": "Identifier",
    "loc": {
      "end": {
        "column": 12,
        "line": 3
      },
      "start": {
        "column": 9,
        "line": 3
      }
    },
    "range": [
      82,
      85
    ],
    "value": "foo"
  },
  {
    "type": "Punctuator",
    "loc": {
      "end": {
        "column": 13,
        "line": 3
      },
      "start": {
        "column": 12,
        "line": 3
      }
    },
    "range": [
      85,
      86
    ],
    "value": "("
  },
  {
    "type": "Punctuator",
    "loc": {
      "end": {
        "column": 14,
        "line": 3
      },
      "start": {
        "column": 13,
        "line": 3
      }
    },
    "range": [
      86,
      87
    ],
    "value": "{"
  },
  {
    "type": "Identifier",
    "loc": {
      "end": {
        "column": 18,
        "line": 3
      },
      "start": {
        "column": 15,
        "line": 3
      }
    },
    "range": [
      88,
      91
    ],
    "value": "bar"
  },
  {
    "type": "Punctuator",
    "loc": {
      "end": {
        "column": 19,
        "line": 3
      },
      "start": {
        "column": 18,
        "line": 3
      }
    },
    "range": [
      91,
      92
    ],
    "value": ","
  },
  {
    "type": "Identifier",
    "loc": {
      "end": {
        "column": 23,
        "line": 3
      },
      "start": {
        "column": 20,
        "line": 3
      }
    },
    "range": [
      93,
      96
    ],
    "value": "baz"
  },
  {
    "type": "Punctuator",
    "loc": {
      "end": {
        "column": 25,
        "line": 3
      },
      "start": {
        "column": 24,
        "line": 3
      }
    },
    "range": [
      97,
      98
    ],
    "value": "}"
  },
  {
    "type": "Punctuator",
    "loc": {
      "end": {
        "column": 26,
        "line": 3
      },
      "start": {
        "column": 25,
        "line": 3
      }
    },
    "range": [
      98,
      99
    ],
    "value": ":"
  },
  {
    "type": "Punctuator",
    "loc": {
      "end": {
        "column": 28,
        "line": 3
      },
      "start": {
        "column": 27,
        "line": 3
      }
    },
    "range": [
      100,
      101
    ],
    "value": "{"
  },
  {
    "type": "Identifier",
    "loc": {
      "end": {
        "column": 32,
        "line": 3
      },
      "start": {
        "column": 29,
        "line": 3
      }
    },
    "range": [
      102,
      105
    ],
    "value": "bar"
  },
  {
    "type": "Punctuator",
    "loc": {
      "end": {
        "column": 33,
        "line": 3
      },
      "start": {
        "column": 32,
        "line": 3
      }
    },
    "range": [
      105,
      106
    ],
    "value": "?"
  },
  {
    "type": "Punctuator",
    "loc": {
      "end": {
        "column": 34,
        "line": 3
      },
      "start": {
        "column": 33,
        "line": 3
      }
    },
    "range": [
      106,
      107
    ],
    "value": ":"
  },
  {
    "type": "Identifier",
    "loc": {
      "end": {
        "column": 41,
        "line": 3
      },
      "start": {
        "column": 35,
        "line": 3
      }
    },
    "range": [
      108,
      114
    ],
    "value": "string"
  },
  {
    "type": "Punctuator",
    "loc": {
      "end": {
        "column": 42,
        "line": 3
      },
      "start": {
        "column": 41,
        "line": 3
      }
    },
    "range": [
      114,
      115
    ],
    "value": ";"
  },
  {
    "type": "Identifier",
    "loc": {
      "end": {
        "column": 46,
        "line": 3
      },
      "start": {
        "column": 43,
        "line": 3
      }
    },
    "range": [
      116,
      119
    ],
    "value": "baz"
  },
  {
    "type": "Punctuator",
    "loc": {
      "end": {
        "column": 47,
        "line": 3
      },
      "start": {
        "column": 46,
        "line": 3
      }
    },
    "range": [
      119,
      120
    ],
    "value": "?"
  },
  {
    "type": "Punctuator",
    "loc": {
      "end": {
        "column": 49,
        "line": 3
      },
      "start": {
        "column": 48,
        "line": 3
      }
    },
    "range": [
      121,
      122
    ],
    "value": "}"
  },
  {
    "type": "Punctuator",
    "loc": {
      "end": {
        "column": 50,
        "line": 3
      },
      "start": {
        "column": 49,
        "line": 3
      }
    },
    "range": [
      122,
      123
    ],
    "value": ")"
  },
  {
    "type": "Punctuator",
    "loc": {
      "end": {
        "column": 52,
        "line": 3
      },
      "start": {
        "column": 51,
        "line": 3
      }
    },
    "range": [
      124,
      125
    ],
    "value": "{"
  },
  {
    "type": "Punctuator",
    "loc": {
      "end": {
        "column": 53,
        "line": 3
      },
      "start": {
        "column": 52,
        "line": 3
      }
    },
    "range": [
      125,
      126
    ],
    "value": "}"
  }
]