{
  "type": "Program",
  "range": [
    73,
    238
  ],
  "body": [
    {
      "type": "VariableDeclaration",
      "declarations": [
        {
          "type": "VariableDeclarator",
          "definite": false,
          "id": {
            "type": "Identifier",
            "decorators": [],
            "name": "union",
            "optional": false,
            "typeAnnotation": {
              "type": "TSTypeAnnotation",
              "loc": {
                "end": {
                  "column": 36,
                  "line": 3
                },
                "start": {
                  "column": 9,
                  "line": 3
                }
              },
              "range": [
                82,
                109
              ],
              "typeAnnotation": {
                "type": "TSUnionType",
                "types": [
                  {
                    "type": "TSNumberKeyword",
                    "range": [
                      84,
                      90
                    ],
                    "loc": {
                      "end": {
                        "column": 17,
                        "line": 3
                      },
                      "start": {
                        "column": 11,
                        "line": 3
                      }
                    }
                  },
                  {
                    "type": "TSNullKeyword",
                    "range": [
                      93,
                      97
                    ],
                    "loc": {
                      "end": {
                        "column": 24,
                        "line": 3
                      },
                      "start": {
                        "column": 20,
                        "line": 3
                      }
                    }
                  },
                  {
                    "type": "TSUndefinedKeyword",
                    "range": [
                      100,
                      109
                    ],
                    "loc": {
                      "end": {
                        "column": 36,
                        "line": 3
                      },
                      "start": {
                        "column": 27,
                        "line": 3
                      }
                    }
                  }
                ],
                "range": [
                  84,
                  109
                ],
                "loc": {
                  "end": {
                    "column": 36,
                    "line": 3
                  },
                  "start": {
                    "column": 11,
                    "line": 3
                  }
                }
              }
            },
            "range": [
              77,
              109
            ],
            "loc": {
              "end": {
                "column": 36,
                "line": 3
              },
              "start": {
                "column": 4,
                "line": 3
              }
            }
          },
          "init": null,
          "range": [
            77,
            109
          ],
          "loc": {
            "end": {
              "column": 36,
              "line": 3
            },
            "start": {
              "column": 4,
              "line": 3
            }
          }
        }
      ],
      "declare": false,
      "kind": "let",
      "range": [
        73,
        110
      ],
      "loc": {
        "end": {
          "column": 37,
          "line": 3
        },
        "start": {
          "column": 0,
          "line": 3
        }
      }
    },
    {
      "type": "VariableDeclaration",
      "declarations": [
        {
          "type": "VariableDeclarator",
          "definite": false,
          "id": {
            "type": "Identifier",
            "decorators": [],
            "name": "intersection",
            "optional": false,
            "typeAnnotation": {
              "type": "TSTypeAnnotation",
              "loc": {
                "end": {
                  "column": 33,
                  "line": 4
                },
                "start": {
                  "column": 16,
                  "line": 4
                }
              },
              "range": [
                127,
                144
              ],
              "typeAnnotation": {
                "type": "TSIntersectionType",
                "types": [
                  {
                    "type": "TSNumberKeyword",
                    "range": [
                      129,
                      135
                    ],
                    "loc": {
                      "end": {
                        "column": 24,
                        "line": 4
                      },
                      "start": {
                        "column": 18,
                        "line": 4
                      }
                    }
                  },
                  {
                    "type": "TSStringKeyword",
                    "range": [
                      138,
                      144
                    ],
                    "loc": {
                      "end": {
                        "column": 33,
                        "line": 4
                      },
                      "start": {
                        "column": 27,
                        "line": 4
                      }
                    }
                  }
                ],
                "range": [
                  129,
                  144
                ],
                "loc": {
                  "end": {
                    "column": 33,
                    "line": 4
                  },
                  "start": {
                    "column": 18,
                    "line": 4
                  }
                }
              }
            },
            "range": [
              115,
              144
            ],
            "loc": {
              "end": {
                "column": 33,
                "line": 4
              },
              "start": {
                "column": 4,
                "line": 4
              }
            }
          },
          "init": null,
          "range": [
            115,
            144
          ],
          "loc": {
            "end": {
              "column": 33,
              "line": 4
            },
            "start": {
              "column": 4,
              "line": 4
            }
          }
        }
      ],
      "declare": false,
      "kind": "let",
      "range": [
        111,
        145
      ],
      "loc": {
        "end": {
          "column": 34,
          "line": 4
        },
        "start": {
          "column": 0,
          "line": 4
        }
      }
    },
    {
      "type": "VariableDeclaration",
      "declarations": [
        {
          "type": "VariableDeclarator",
          "definite": false,
          "id": {
            "type": "Identifier",
            "decorators": [],
            "name": "precedence1",
            "optional": false,
            "typeAnnotation": {
              "type": "TSTypeAnnotation",
              "loc": {
                "end": {
                  "column": 44,
                  "line": 5
                },
                "start": {
                  "column": 15,
                  "line": 5
                }
              },
              "range": [
                161,
                190
              ],
              "typeAnnotation": {
                "type": "TSUnionType",
                "types": [
                  {
                    "type": "TSNumberKeyword",
                    "range": [
                      163,
                      169
                    ],
                    "loc": {
                      "end": {
                        "column": 23,
                        "line": 5
                      },
                      "start": {
                        "column": 17,
                        "line": 5
                      }
                    }
                  },
                  {
                    "type": "TSIntersectionType",
                    "types": [
                      {
                        "type": "TSStringKeyword",
                        "range": [
                          173,
                          179
                        ],
                        "loc": {
                          "end": {
                            "column": 33,
                            "line": 5
                          },
                          "start": {
                            "column": 27,
                            "line": 5
                          }
                        }
                      },
                      {
                        "type": "TSBooleanKeyword",
                        "range": [
                          182,
                          189
                        ],
                        "loc": {
                          "end": {
                            "column": 43,
                            "line": 5
                          },
                          "start": {
                            "column": 36,
                            "line": 5
                          }
                        }
                      }
                    ],
                    "range": [
                      173,
                      189
                    ],
                    "loc": {
                      "end": {
                        "column": 43,
                        "line": 5
                      },
                      "start": {
                        "column": 27,
                        "line": 5
                      }
                    }
                  }
                ],
                "range": [
                  163,
                  190
                ],
                "loc": {
                  "end": {
                    "column": 44,
                    "line": 5
                  },
                  "start": {
                    "column": 17,
                    "line": 5
                  }
                }
              }
            },
            "range": [
              150,
              190
            ],
            "loc": {
              "end": {
                "column": 44,
                "line": 5
              },
              "start": {
                "column": 4,
                "line": 5
              }
            }
          },
          "init": null,
          "range": [
            150,
            190
          ],
          "loc": {
            "end": {
              "column": 44,
              "line": 5
            },
            "start": {
              "column": 4,
              "line": 5
            }
          }
        }
      ],
      "declare": false,
      "kind": "let",
      "range": [
        146,
        191
      ],
      "loc": {
        "end": {
          "column": 45,
          "line": 5
        },
        "start": {
          "column": 0,
          "line": 5
        }
      }
    },
    {
      "type": "VariableDeclaration",
      "declarations": [
        {
          "type": "VariableDeclarator",
          "definite": false,
          "id": {
            "type": "Identifier",
            "decorators": [],
            "name": "precedence2",
            "optional": false,
            "typeAnnotation": {
              "type": "TSTypeAnnotation",
              "loc": {
                "end": {
                  "column": 44,
                  "line": 6
                },
                "start": {
                  "column": 15,
                  "line": 6
                }
              },
              "range": [
                207,
                236
              ],
              "typeAnnotation": {
                "type": "TSUnionType",
                "types": [
                  {
                    "type": "TSIntersectionType",
                    "types": [
                      {
                        "type": "TSNumberKeyword",
                        "range": [
                          210,
                          216
                        ],
                        "loc": {
                          "end": {
                            "column": 24,
                            "line": 6
                          },
                          "start": {
                            "column": 18,
                            "line": 6
                          }
                        }
                      },
                      {
                        "type": "TSStringKeyword",
                        "range": [
                          219,
                          225
                        ],
                        "loc": {
                          "end": {
                            "column": 33,
                            "line": 6
                          },
                          "start": {
                            "column": 27,
                            "line": 6
                          }
                        }
                      }
                    ],
                    "range": [
                      210,
                      225
                    ],
                    "loc": {
                      "end": {
                        "column": 33,
                        "line": 6
                      },
                      "start": {
                        "column": 18,
                        "line": 6
                      }
                    }
                  },
                  {
                    "type": "TSBooleanKeyword",
                    "range": [
                      229,
                      236
                    ],
                    "loc": {
                      "end": {
                        "column": 44,
                        "line": 6
                      },
                      "start": {
                        "column": 37,
                        "line": 6
                      }
                    }
                  }
                ],
                "range": [
                  209,
                  236
                ],
                "loc": {
                  "end": {
                    "column": 44,
                    "line": 6
                  },
                  "start": {
                    "column": 17,
                    "line": 6
                  }
                }
              }
            },
            "range": [
              196,
              236
            ],
            "loc": {
              "end": {
                "column": 44,
                "line": 6
              },
              "start": {
                "column": 4,
                "line": 6
              }
            }
          },
          "init": null,
          "range": [
            196,
            236
          ],
          "loc": {
            "end": {
              "column": 44,
              "line": 6
            },
            "start": {
              "column": 4,
              "line": 6
            }
          }
        }
      ],
      "declare": false,
      "kind": "let",
      "range": [
        192,
        237
      ],
      "loc": {
        "end": {
          "column": 45,
          "line": 6
        },
        "start": {
          "column": 0,
          "line": 6
        }
      }
    }
  ],
  "sourceType": "script",
  "loc": {
    "end": {
      "column": 0,
      "line": 7
    },
    "start": {
      "column": 0,
      "line": 3
    }
  }
}