{
  "type": "Program",
  "range": [
    0,
    28
  ],
  "body": [
    {
      "type": "ExportDefaultDeclaration",
      "range": [
        0,
        27
      ],
      "declaration": {
        "type": "ClassDeclaration",
        "abstract": false,
        "body": {
          "type": "ClassBody",
          "range": [
            25,
            27
          ],
          "body": [],
          "loc": {
            "end": {
              "column": 27,
              "line": 1
            },
            "start": {
              "column": 25,
              "line": 1
            }
          }
        },
        "declare": false,
        "decorators": [],
        "id": {
          "type": "Identifier",
          "decorators": [],
          "name": "Foo",
          "optional": false,
          "range": [
            21,
            24
          ],
          "loc": {
            "end": {
              "column": 24,
              "line": 1
            },
            "start": {
              "column": 21,
              "line": 1
            }
          }
        },
        "implements": [],
        "superClass": null,
        "range": [
          15,
          27
        ],
        "loc": {
          "end": {
            "column": 27,
            "line": 1
          },
          "start": {
            "column": 15,
            "line": 1
          }
        }
      },
      "exportKind": "value",
      "loc": {
        "end": {
          "column": 27,
          "line": 1
        },
        "start": {
          "column": 0,
          "line": 1
        }
      }
    }
  ],
  "sourceType": "module",
  "loc": {
    "end": {
      "column": 0,
      "line": 2
    },
    "start": {
      "column": 0,
      "line": 1
    }
  }
}