[
  {
    "type": "Keyword",
    "loc": {
      "end": {
        "column": 8,
        "line": 3
      },
      "start": {
        "column": 0,
        "line": 3
      }
    },
    "range": [
      73,
      81
    ],
    "value": "function"
  },
  {
    "type": "Identifier",
    "loc": {
      "end": {
        "column": 17,
        "line": 3
      },
      "start": {
        "column": 9,
        "line": 3
      }
    },
    "range": [
      82,
      90
    ],
    "value": "isString"
  },
  {
    "type": "Punctuator",
    "loc": {
      "end": {
        "column": 18,
        "line": 3
      },
      "start": {
        "column": 17,
        "line": 3
      }
    },
    "range": [
      90,
      91
    ],
    "value": "("
  },
  {
    "type": "Identifier",
    "loc": {
      "end": {
        "column": 19,
        "line": 3
      },
      "start": {
        "column": 18,
        "line": 3
      }
    },
    "range": [
      91,
      92
    ],
    "value": "x"
  },
  {
    "type": "Punctuator",
    "loc": {
      "end": {
        "column": 20,
        "line": 3
      },
      "start": {
        "column": 19,
        "line": 3
      }
    },
    "range": [
      92,
      93
    ],
    "value": ":"
  },
  {
    "type": "Identifier",
    "loc": {
      "end": {
        "column": 24,
        "line": 3
      },
      "start": {
        "column": 21,
        "line": 3
      }
    },
    "range": [
      94,
      97
    ],
    "value": "any"
  },
  {
    "type": "Punctuator",
    "loc": {
      "end": {
        "column": 25,
        "line": 3
      },
      "start": {
        "column": 24,
        "line": 3
      }
    },
    "range": [
      97,
      98
    ],
    "value": ")"
  },
  {
    "type": "Punctuator",
    "loc": {
      "end": {
        "column": 26,
        "line": 3
      },
      "start": {
        "column": 25,
        "line": 3
      }
    },
    "range": [
      98,
      99
    ],
    "value": ":"
  },
  {
    "type": "Identifier",
    "loc": {
      "end": {
        "column": 28,
        "line": 3
      },
      "start": {
        "column": 27,
        "line": 3
      }
    },
    "range": [
      100,
      101
    ],
    "value": "x"
  },
  {
    "type": "Identifier",
    "loc": {
      "end": {
        "column": 31,
        "line": 3
      },
      "start": {
        "column": 29,
        "line": 3
      }
    },
    "range": [
      102,
      104
    ],
    "value": "is"
  },
  {
    "type": "Identifier",
    "loc": {
      "end": {
        "column": 38,
        "line": 3
      },
      "start": {
        "column": 32,
        "line": 3
      }
    },
    "range": [
      105,
      111
    ],
    "value": "string"
  },
  {
    "type": "Punctuator",
    "loc": {
      "end": {
        "column": 40,
        "line": 3
      },
      "start": {
        "column": 39,
        "line": 3
      }
    },
    "range": [
      112,
      113
    ],
    "value": "{"
  },
  {
    "type": "Keyword",
    "loc": {
      "end": {
        "column": 8,
        "line": 4
      },
      "start": {
        "column": 2,
        "line": 4
      }
    },
    "range": [
      116,
      122
    ],
    "value": "return"
  },
  {
    "type": "Keyword",
    "loc": {
      "end": {
        "column": 15,
        "line": 4
      },
      "start": {
        "column": 9,
        "line": 4
      }
    },
    "range": [
      123,
      129
    ],
    "value": "typeof"
  },
  {
    "type": "Identifier",
    "loc": {
      "end": {
        "column": 17,
        "line": 4
      },
      "start": {
        "column": 16,
        "line": 4
      }
    },
    "range": [
      130,
      131
    ],
    "value": "x"
  },
  {
    "type": "Punctuator",
    "loc": {
      "end": {
        "column": 21,
        "line": 4
      },
      "start": {
        "column": 18,
        "line": 4
      }
    },
    "range": [
      132,
      135
    ],
    "value": "==="
  },
  {
    "type": "String",
    "loc": {
      "end": {
        "column": 30,
        "line": 4
      },
      "start": {
        "column": 22,
        "line": 4
      }
    },
    "range": [
      136,
      144
    ],
    "value": "'string'"
  },
  {
    "type": "Punctuator",
    "loc": {
      "end": {
        "column": 31,
        "line": 4
      },
      "start": {
        "column": 30,
        "line": 4
      }
    },
    "range": [
      144,
      145
    ],
    "value": ";"
  },
  {
    "type": "Punctuator",
    "loc": {
      "end": {
        "column": 1,
        "line": 5
      },
      "start": {
        "column": 0,
        "line": 5
      }
    },
    "range": [
      146,
      147
    ],
    "value": "}"
  }
]