{
  "type": "Program",
  "range": [
    73,
    107
  ],
  "body": [
    {
      "type": "TSInterfaceDeclaration",
      "body": {
        "type": "TSInterfaceBody",
        "range": [
          104,
          106
        ],
        "body": [],
        "loc": {
          "end": {
            "column": 33,
            "line": 3
          },
          "start": {
            "column": 31,
            "line": 3
          }
        }
      },
      "declare": false,
      "extends": [
        {
          "type": "TSInterfaceHeritage",
          "expression": {
            "type": "Identifier",
            "decorators": [],
            "name": "Bar",
            "optional": false,
            "range": [
              95,
              98
            ],
            "loc": {
              "end": {
                "column": 25,
                "line": 3
              },
              "start": {
                "column": 22,
                "line": 3
              }
            }
          },
          "range": [
            95,
            98
          ],
          "loc": {
            "end": {
              "column": 25,
              "line": 3
            },
            "start": {
              "column": 22,
              "line": 3
            }
          }
        },
        {
          "type": "TSInterfaceHeritage",
          "expression": {
            "type": "Identifier",
            "decorators": [],
            "name": "Baz",
            "optional": false,
            "range": [
              100,
              103
            ],
            "loc": {
              "end": {
                "column": 30,
                "line": 3
              },
              "start": {
                "column": 27,
                "line": 3
              }
            }
          },
          "range": [
            100,
            103
          ],
          "loc": {
            "end": {
              "column": 30,
              "line": 3
            },
            "start": {
              "column": 27,
              "line": 3
            }
          }
        }
      ],
      "id": {
        "type": "Identifier",
        "decorators": [],
        "name": "Foo",
        "optional": false,
        "range": [
          83,
          86
        ],
        "loc": {
          "end": {
            "column": 13,
            "line": 3
          },
          "start": {
            "column": 10,
            "line": 3
          }
        }
      },
      "range": [
        73,
        106
      ],
      "loc": {
        "end": {
          "column": 33,
          "line": 3
        },
        "start": {
          "column": 0,
          "line": 3
        }
      }
    }
  ],
  "sourceType": "script",
  "loc": {
    "end": {
      "column": 0,
      "line": 4
    },
    "start": {
      "column": 0,
      "line": 3
    }
  }
}