[
  {
    "type": "Keyword",
    "loc": {
      "end": {
        "column": 5,
        "line": 3
      },
      "start": {
        "column": 0,
        "line": 3
      }
    },
    "range": [
      73,
      78
    ],
    "value": "class"
  },
  {
    "type": "Identifier",
    "loc": {
      "end": {
        "column": 7,
        "line": 3
      },
      "start": {
        "column": 6,
        "line": 3
      }
    },
    "range": [
      79,
      80
    ],
    "value": "P"
  },
  {
    "type": "Punctuator",
    "loc": {
      "end": {
        "column": 9,
        "line": 3
      },
      "start": {
        "column": 8,
        "line": 3
      }
    },
    "range": [
      81,
      82
    ],
    "value": "{"
  },
  {
    "type": "Punctuator",
    "loc": {
      "end": {
        "column": 3,
        "line": 4
      },
      "start": {
        "column": 2,
        "line": 4
      }
    },
    "range": [
      85,
      86
    ],
    "value": "@"
  },
  {
    "type": "Identifier",
    "loc": {
      "end": {
        "column": 9,
        "line": 4
      },
      "start": {
        "column": 3,
        "line": 4
      }
    },
    "range": [
      86,
      92
    ],
    "value": "hidden"
  },
  {
    "type": "Identifier",
    "loc": {
      "end": {
        "column": 5,
        "line": 5
      },
      "start": {
        "column": 2,
        "line": 5
      }
    },
    "range": [
      95,
      98
    ],
    "value": "get"
  },
  {
    "type": "Identifier",
    "loc": {
      "end": {
        "column": 7,
        "line": 5
      },
      "start": {
        "column": 6,
        "line": 5
      }
    },
    "range": [
      99,
      100
    ],
    "value": "z"
  },
  {
    "type": "Punctuator",
    "loc": {
      "end": {
        "column": 8,
        "line": 5
      },
      "start": {
        "column": 7,
        "line": 5
      }
    },
    "range": [
      100,
      101
    ],
    "value": "("
  },
  {
    "type": "Punctuator",
    "loc": {
      "end": {
        "column": 9,
        "line": 5
      },
      "start": {
        "column": 8,
        "line": 5
      }
    },
    "range": [
      101,
      102
    ],
    "value": ")"
  },
  {
    "type": "Punctuator",
    "loc": {
      "end": {
        "column": 11,
        "line": 5
      },
      "start": {
        "column": 10,
        "line": 5
      }
    },
    "range": [
      103,
      104
    ],
    "value": "{"
  },
  {
    "type": "Keyword",
    "loc": {
      "end": {
        "column": 10,
        "line": 6
      },
      "start": {
        "column": 4,
        "line": 6
      }
    },
    "range": [
      109,
      115
    ],
    "value": "return"
  },
  {
    "type": "Keyword",
    "loc": {
      "end": {
        "column": 15,
        "line": 6
      },
      "start": {
        "column": 11,
        "line": 6
      }
    },
    "range": [
      116,
      120
    ],
    "value": "this"
  },
  {
    "type": "Punctuator",
    "loc": {
      "end": {
        "column": 16,
        "line": 6
      },
      "start": {
        "column": 15,
        "line": 6
      }
    },
    "range": [
      120,
      121
    ],
    "value": "."
  },
  {
    "type": "Identifier",
    "loc": {
      "end": {
        "column": 18,
        "line": 6
      },
      "start": {
        "column": 16,
        "line": 6
      }
    },
    "range": [
      121,
      123
    ],
    "value": "_z"
  },
  {
    "type": "Punctuator",
    "loc": {
      "end": {
        "column": 19,
        "line": 6
      },
      "start": {
        "column": 18,
        "line": 6
      }
    },
    "range": [
      123,
      124
    ],
    "value": ";"
  },
  {
    "type": "Punctuator",
    "loc": {
      "end": {
        "column": 3,
        "line": 7
      },
      "start": {
        "column": 2,
        "line": 7
      }
    },
    "range": [
      127,
      128
    ],
    "value": "}"
  },
  {
    "type": "Punctuator",
    "loc": {
      "end": {
        "column": 1,
        "line": 8
      },
      "start": {
        "column": 0,
        "line": 8
      }
    },
    "range": [
      129,
      130
    ],
    "value": "}"
  }
]