{
  "type": "Program",
  "range": [
    73,
    525
  ],
  "body": [
    {
      "type": "ClassDeclaration",
      "abstract": false,
      "body": {
        "type": "ClassBody",
        "range": [
          81,
          524
        ],
        "body": [
          {
            "type": "PropertyDefinition",
            "accessibility": "public",
            "computed": false,
            "declare": false,
            "decorators": [],
            "definite": false,
            "key": {
              "type": "Identifier",
              "decorators": [],
              "name": "a",
              "optional": false,
              "range": [
                92,
                93
              ],
              "loc": {
                "end": {
                  "column": 10,
                  "line": 4
                },
                "start": {
                  "column": 9,
                  "line": 4
                }
              }
            },
            "optional": false,
            "override": false,
            "readonly": false,
            "static": false,
            "typeAnnotation": {
              "type": "TSTypeAnnotation",
              "loc": {
                "end": {
                  "column": 18,
                  "line": 4
                },
                "start": {
                  "column": 10,
                  "line": 4
                }
              },
              "range": [
                93,
                101
              ],
              "typeAnnotation": {
                "type": "TSNumberKeyword",
                "range": [
                  95,
                  101
                ],
                "loc": {
                  "end": {
                    "column": 18,
                    "line": 4
                  },
                  "start": {
                    "column": 12,
                    "line": 4
                  }
                }
              }
            },
            "value": null,
            "range": [
              85,
              102
            ],
            "loc": {
              "end": {
                "column": 19,
                "line": 4
              },
              "start": {
                "column": 2,
                "line": 4
              }
            }
          },
          {
            "type": "MethodDefinition",
            "accessibility": "public",
            "computed": false,
            "decorators": [],
            "key": {
              "type": "Identifier",
              "decorators": [],
              "name": "method",
              "optional": false,
              "range": [
                113,
                119
              ],
              "loc": {
                "end": {
                  "column": 15,
                  "line": 6
                },
                "start": {
                  "column": 9,
                  "line": 6
                }
              }
            },
            "kind": "method",
            "optional": false,
            "override": false,
            "static": false,
            "value": {
              "type": "FunctionExpression",
              "range": [
                119,
                164
              ],
              "async": false,
              "body": {
                "type": "BlockStatement",
                "body": [
                  {
                    "type": "ReturnStatement",
                    "argument": {
                      "type": "MemberExpression",
                      "computed": false,
                      "object": {
                        "type": "ThisExpression",
                        "range": [
                          153,
                          157
                        ],
                        "loc": {
                          "end": {
                            "column": 15,
                            "line": 7
                          },
                          "start": {
                            "column": 11,
                            "line": 7
                          }
                        }
                      },
                      "optional": false,
                      "property": {
                        "type": "Identifier",
                        "decorators": [],
                        "name": "a",
                        "optional": false,
                        "range": [
                          158,
                          159
                        ],
                        "loc": {
                          "end": {
                            "column": 17,
                            "line": 7
                          },
                          "start": {
                            "column": 16,
                            "line": 7
                          }
                        }
                      },
                      "range": [
                        153,
                        159
                      ],
                      "loc": {
                        "end": {
                          "column": 17,
                          "line": 7
                        },
                        "start": {
                          "column": 11,
                          "line": 7
                        }
                      }
                    },
                    "range": [
                      146,
                      160
                    ],
                    "loc": {
                      "end": {
                        "column": 18,
                        "line": 7
                      },
                      "start": {
                        "column": 4,
                        "line": 7
                      }
                    }
                  }
                ],
                "range": [
                  140,
                  164
                ],
                "loc": {
                  "end": {
                    "column": 3,
                    "line": 8
                  },
                  "start": {
                    "column": 36,
                    "line": 6
                  }
                }
              },
              "declare": false,
              "expression": false,
              "generator": false,
              "id": null,
              "params": [
                {
                  "type": "Identifier",
                  "decorators": [],
                  "name": "this",
                  "optional": false,
                  "typeAnnotation": {
                    "type": "TSTypeAnnotation",
                    "loc": {
                      "end": {
                        "column": 26,
                        "line": 6
                      },
                      "start": {
                        "column": 20,
                        "line": 6
                      }
                    },
                    "range": [
                      124,
                      130
                    ],
                    "typeAnnotation": {
                      "type": "TSThisType",
                      "range": [
                        126,
                        130
                      ],
                      "loc": {
                        "end": {
                          "column": 26,
                          "line": 6
                        },
                        "start": {
                          "column": 22,
                          "line": 6
                        }
                      }
                    }
                  },
                  "range": [
                    120,
                    130
                  ],
                  "loc": {
                    "end": {
                      "column": 26,
                      "line": 6
                    },
                    "start": {
                      "column": 16,
                      "line": 6
                    }
                  }
                }
              ],
              "returnType": {
                "type": "TSTypeAnnotation",
                "loc": {
                  "end": {
                    "column": 35,
                    "line": 6
                  },
                  "start": {
                    "column": 27,
                    "line": 6
                  }
                },
                "range": [
                  131,
                  139
                ],
                "typeAnnotation": {
                  "type": "TSNumberKeyword",
                  "range": [
                    133,
                    139
                  ],
                  "loc": {
                    "end": {
                      "column": 35,
                      "line": 6
                    },
                    "start": {
                      "column": 29,
                      "line": 6
                    }
                  }
                }
              },
              "loc": {
                "end": {
                  "column": 3,
                  "line": 8
                },
                "start": {
                  "column": 15,
                  "line": 6
                }
              }
            },
            "range": [
              106,
              164
            ],
            "loc": {
              "end": {
                "column": 3,
                "line": 8
              },
              "start": {
                "column": 2,
                "line": 6
              }
            }
          },
          {
            "type": "MethodDefinition",
            "accessibility": "public",
            "computed": false,
            "decorators": [],
            "key": {
              "type": "Identifier",
              "decorators": [],
              "name": "method2",
              "optional": false,
              "range": [
                175,
                182
              ],
              "loc": {
                "end": {
                  "column": 16,
                  "line": 10
                },
                "start": {
                  "column": 9,
                  "line": 10
                }
              }
            },
            "kind": "method",
            "optional": false,
            "override": false,
            "static": false,
            "value": {
              "type": "FunctionExpression",
              "range": [
                182,
                222
              ],
              "async": false,
              "body": {
                "type": "BlockStatement",
                "body": [
                  {
                    "type": "ReturnStatement",
                    "argument": {
                      "type": "MemberExpression",
                      "computed": false,
                      "object": {
                        "type": "ThisExpression",
                        "range": [
                          211,
                          215
                        ],
                        "loc": {
                          "end": {
                            "column": 15,
                            "line": 11
                          },
                          "start": {
                            "column": 11,
                            "line": 11
                          }
                        }
                      },
                      "optional": false,
                      "property": {
                        "type": "Identifier",
                        "decorators": [],
                        "name": "a",
                        "optional": false,
                        "range": [
                          216,
                          217
                        ],
                        "loc": {
                          "end": {
                            "column": 17,
                            "line": 11
                          },
                          "start": {
                            "column": 16,
                            "line": 11
                          }
                        }
                      },
                      "range": [
                        211,
                        217
                      ],
                      "loc": {
                        "end": {
                          "column": 17,
                          "line": 11
                        },
                        "start": {
                          "column": 11,
                          "line": 11
                        }
                      }
                    },
                    "range": [
                      204,
                      218
                    ],
                    "loc": {
                      "end": {
                        "column": 18,
                        "line": 11
                      },
                      "start": {
                        "column": 4,
                        "line": 11
                      }
                    }
                  }
                ],
                "range": [
                  198,
                  222
                ],
                "loc": {
                  "end": {
                    "column": 3,
                    "line": 12
                  },
                  "start": {
                    "column": 32,
                    "line": 10
                  }
                }
              },
              "declare": false,
              "expression": false,
              "generator": false,
              "id": null,
              "params": [
                {
                  "type": "Identifier",
                  "decorators": [],
                  "name": "this",
                  "optional": false,
                  "typeAnnotation": {
                    "type": "TSTypeAnnotation",
                    "loc": {
                      "end": {
                        "column": 24,
                        "line": 10
                      },
                      "start": {
                        "column": 21,
                        "line": 10
                      }
                    },
                    "range": [
                      187,
                      190
                    ],
                    "typeAnnotation": {
                      "type": "TSTypeReference",
                      "typeName": {
                        "type": "Identifier",
                        "decorators": [],
                        "name": "A",
                        "optional": false,
                        "range": [
                          189,
                          190
                        ],
                        "loc": {
                          "end": {
                            "column": 24,
                            "line": 10
                          },
                          "start": {
                            "column": 23,
                            "line": 10
                          }
                        }
                      },
                      "range": [
                        189,
                        190
                      ],
                      "loc": {
                        "end": {
                          "column": 24,
                          "line": 10
                        },
                        "start": {
                          "column": 23,
                          "line": 10
                        }
                      }
                    }
                  },
                  "range": [
                    183,
                    190
                  ],
                  "loc": {
                    "end": {
                      "column": 24,
                      "line": 10
                    },
                    "start": {
                      "column": 17,
                      "line": 10
                    }
                  }
                }
              ],
              "returnType": {
                "type": "TSTypeAnnotation",
                "loc": {
                  "end": {
                    "column": 31,
                    "line": 10
                  },
                  "start": {
                    "column": 25,
                    "line": 10
                  }
                },
                "range": [
                  191,
                  197
                ],
                "typeAnnotation": {
                  "type": "TSThisType",
                  "range": [
                    193,
                    197
                  ],
                  "loc": {
                    "end": {
                      "column": 31,
                      "line": 10
                    },
                    "start": {
                      "column": 27,
                      "line": 10
                    }
                  }
                }
              },
              "loc": {
                "end": {
                  "column": 3,
                  "line": 12
                },
                "start": {
                  "column": 16,
                  "line": 10
                }
              }
            },
            "range": [
              168,
              222
            ],
            "loc": {
              "end": {
                "column": 3,
                "line": 12
              },
              "start": {
                "column": 2,
                "line": 10
              }
            }
          },
          {
            "type": "MethodDefinition",
            "accessibility": "public",
            "computed": false,
            "decorators": [],
            "key": {
              "type": "Identifier",
              "decorators": [],
              "name": "method3",
              "optional": false,
              "range": [
                233,
                240
              ],
              "loc": {
                "end": {
                  "column": 16,
                  "line": 14
                },
                "start": {
                  "column": 9,
                  "line": 14
                }
              }
            },
            "kind": "method",
            "optional": false,
            "override": false,
            "static": false,
            "value": {
              "type": "FunctionExpression",
              "range": [
                240,
                310
              ],
              "async": false,
              "body": {
                "type": "BlockStatement",
                "body": [
                  {
                    "type": "VariableDeclaration",
                    "declarations": [
                      {
                        "type": "VariableDeclarator",
                        "definite": false,
                        "id": {
                          "type": "Identifier",
                          "decorators": [],
                          "name": "fn",
                          "optional": false,
                          "range": [
                            271,
                            273
                          ],
                          "loc": {
                            "end": {
                              "column": 10,
                              "line": 15
                            },
                            "start": {
                              "column": 8,
                              "line": 15
                            }
                          }
                        },
                        "init": {
                          "type": "ArrowFunctionExpression",
                          "async": false,
                          "body": {
                            "type": "MemberExpression",
                            "computed": false,
                            "object": {
                              "type": "ThisExpression",
                              "range": [
                                282,
                                286
                              ],
                              "loc": {
                                "end": {
                                  "column": 23,
                                  "line": 15
                                },
                                "start": {
                                  "column": 19,
                                  "line": 15
                                }
                              }
                            },
                            "optional": false,
                            "property": {
                              "type": "Identifier",
                              "decorators": [],
                              "name": "a",
                              "optional": false,
                              "range": [
                                287,
                                288
                              ],
                              "loc": {
                                "end": {
                                  "column": 25,
                                  "line": 15
                                },
                                "start": {
                                  "column": 24,
                                  "line": 15
                                }
                              }
                            },
                            "range": [
                              282,
                              288
                            ],
                            "loc": {
                              "end": {
                                "column": 25,
                                "line": 15
                              },
                              "start": {
                                "column": 19,
                                "line": 15
                              }
                            }
                          },
                          "expression": true,
                          "generator": false,
                          "id": null,
                          "params": [],
                          "range": [
                            276,
                            288
                          ],
                          "loc": {
                            "end": {
                              "column": 25,
                              "line": 15
                            },
                            "start": {
                              "column": 13,
                              "line": 15
                            }
                          }
                        },
                        "range": [
                          271,
                          288
                        ],
                        "loc": {
                          "end": {
                            "column": 25,
                            "line": 15
                          },
                          "start": {
                            "column": 8,
                            "line": 15
                          }
                        }
                      }
                    ],
                    "declare": false,
                    "kind": "var",
                    "range": [
                      267,
                      289
                    ],
                    "loc": {
                      "end": {
                        "column": 26,
                        "line": 15
                      },
                      "start": {
                        "column": 4,
                        "line": 15
                      }
                    }
                  },
                  {
                    "type": "ReturnStatement",
                    "argument": {
                      "type": "CallExpression",
                      "arguments": [],
                      "callee": {
                        "type": "Identifier",
                        "decorators": [],
                        "name": "fn",
                        "optional": false,
                        "range": [
                          301,
                          303
                        ],
                        "loc": {
                          "end": {
                            "column": 13,
                            "line": 16
                          },
                          "start": {
                            "column": 11,
                            "line": 16
                          }
                        }
                      },
                      "optional": false,
                      "range": [
                        301,
                        305
                      ],
                      "loc": {
                        "end": {
                          "column": 15,
                          "line": 16
                        },
                        "start": {
                          "column": 11,
                          "line": 16
                        }
                      }
                    },
                    "range": [
                      294,
                      306
                    ],
                    "loc": {
                      "end": {
                        "column": 16,
                        "line": 16
                      },
                      "start": {
                        "column": 4,
                        "line": 16
                      }
                    }
                  }
                ],
                "range": [
                  261,
                  310
                ],
                "loc": {
                  "end": {
                    "column": 3,
                    "line": 17
                  },
                  "start": {
                    "column": 37,
                    "line": 14
                  }
                }
              },
              "declare": false,
              "expression": false,
              "generator": false,
              "id": null,
              "params": [
                {
                  "type": "Identifier",
                  "decorators": [],
                  "name": "this",
                  "optional": false,
                  "typeAnnotation": {
                    "type": "TSTypeAnnotation",
                    "loc": {
                      "end": {
                        "column": 27,
                        "line": 14
                      },
                      "start": {
                        "column": 21,
                        "line": 14
                      }
                    },
                    "range": [
                      245,
                      251
                    ],
                    "typeAnnotation": {
                      "type": "TSThisType",
                      "range": [
                        247,
                        251
                      ],
                      "loc": {
                        "end": {
                          "column": 27,
                          "line": 14
                        },
                        "start": {
                          "column": 23,
                          "line": 14
                        }
                      }
                    }
                  },
                  "range": [
                    241,
                    251
                  ],
                  "loc": {
                    "end": {
                      "column": 27,
                      "line": 14
                    },
                    "start": {
                      "column": 17,
                      "line": 14
                    }
                  }
                }
              ],
              "returnType": {
                "type": "TSTypeAnnotation",
                "loc": {
                  "end": {
                    "column": 36,
                    "line": 14
                  },
                  "start": {
                    "column": 28,
                    "line": 14
                  }
                },
                "range": [
                  252,
                  260
                ],
                "typeAnnotation": {
                  "type": "TSNumberKeyword",
                  "range": [
                    254,
                    260
                  ],
                  "loc": {
                    "end": {
                      "column": 36,
                      "line": 14
                    },
                    "start": {
                      "column": 30,
                      "line": 14
                    }
                  }
                }
              },
              "loc": {
                "end": {
                  "column": 3,
                  "line": 17
                },
                "start": {
                  "column": 16,
                  "line": 14
                }
              }
            },
            "range": [
              226,
              310
            ],
            "loc": {
              "end": {
                "column": 3,
                "line": 17
              },
              "start": {
                "column": 2,
                "line": 14
              }
            }
          },
          {
            "type": "MethodDefinition",
            "accessibility": "public",
            "computed": false,
            "decorators": [],
            "key": {
              "type": "Identifier",
              "decorators": [],
              "name": "method4",
              "optional": false,
              "range": [
                321,
                328
              ],
              "loc": {
                "end": {
                  "column": 16,
                  "line": 19
                },
                "start": {
                  "column": 9,
                  "line": 19
                }
              }
            },
            "kind": "method",
            "optional": false,
            "override": false,
            "static": false,
            "value": {
              "type": "FunctionExpression",
              "range": [
                328,
                395
              ],
              "async": false,
              "body": {
                "type": "BlockStatement",
                "body": [
                  {
                    "type": "VariableDeclaration",
                    "declarations": [
                      {
                        "type": "VariableDeclarator",
                        "definite": false,
                        "id": {
                          "type": "Identifier",
                          "decorators": [],
                          "name": "fn",
                          "optional": false,
                          "range": [
                            356,
                            358
                          ],
                          "loc": {
                            "end": {
                              "column": 10,
                              "line": 20
                            },
                            "start": {
                              "column": 8,
                              "line": 20
                            }
                          }
                        },
                        "init": {
                          "type": "ArrowFunctionExpression",
                          "async": false,
                          "body": {
                            "type": "MemberExpression",
                            "computed": false,
                            "object": {
                              "type": "ThisExpression",
                              "range": [
                                367,
                                371
                              ],
                              "loc": {
                                "end": {
                                  "column": 23,
                                  "line": 20
                                },
                                "start": {
                                  "column": 19,
                                  "line": 20
                                }
                              }
                            },
                            "optional": false,
                            "property": {
                              "type": "Identifier",
                              "decorators": [],
                              "name": "a",
                              "optional": false,
                              "range": [
                                372,
                                373
                              ],
                              "loc": {
                                "end": {
                                  "column": 25,
                                  "line": 20
                                },
                                "start": {
                                  "column": 24,
                                  "line": 20
                                }
                              }
                            },
                            "range": [
                              367,
                              373
                            ],
                            "loc": {
                              "end": {
                                "column": 25,
                                "line": 20
                              },
                              "start": {
                                "column": 19,
                                "line": 20
                              }
                            }
                          },
                          "expression": true,
                          "generator": false,
                          "id": null,
                          "params": [],
                          "range": [
                            361,
                            373
                          ],
                          "loc": {
                            "end": {
                              "column": 25,
                              "line": 20
                            },
                            "start": {
                              "column": 13,
                              "line": 20
                            }
                          }
                        },
                        "range": [
                          356,
                          373
                        ],
                        "loc": {
                          "end": {
                            "column": 25,
                            "line": 20
                          },
                          "start": {
                            "column": 8,
                            "line": 20
                          }
                        }
                      }
                    ],
                    "declare": false,
                    "kind": "var",
                    "range": [
                      352,
                      374
                    ],
                    "loc": {
                      "end": {
                        "column": 26,
                        "line": 20
                      },
                      "start": {
                        "column": 4,
                        "line": 20
                      }
                    }
                  },
                  {
                    "type": "ReturnStatement",
                    "argument": {
                      "type": "CallExpression",
                      "arguments": [],
                      "callee": {
                        "type": "Identifier",
                        "decorators": [],
                        "name": "fn",
                        "optional": false,
                        "range": [
                          386,
                          388
                        ],
                        "loc": {
                          "end": {
                            "column": 13,
                            "line": 21
                          },
                          "start": {
                            "column": 11,
                            "line": 21
                          }
                        }
                      },
                      "optional": false,
                      "range": [
                        386,
                        390
                      ],
                      "loc": {
                        "end": {
                          "column": 15,
                          "line": 21
                        },
                        "start": {
                          "column": 11,
                          "line": 21
                        }
                      }
                    },
                    "range": [
                      379,
                      391
                    ],
                    "loc": {
                      "end": {
                        "column": 16,
                        "line": 21
                      },
                      "start": {
                        "column": 4,
                        "line": 21
                      }
                    }
                  }
                ],
                "range": [
                  346,
                  395
                ],
                "loc": {
                  "end": {
                    "column": 3,
                    "line": 22
                  },
                  "start": {
                    "column": 34,
                    "line": 19
                  }
                }
              },
              "declare": false,
              "expression": false,
              "generator": false,
              "id": null,
              "params": [
                {
                  "type": "Identifier",
                  "decorators": [],
                  "name": "this",
                  "optional": false,
                  "typeAnnotation": {
                    "type": "TSTypeAnnotation",
                    "loc": {
                      "end": {
                        "column": 24,
                        "line": 19
                      },
                      "start": {
                        "column": 21,
                        "line": 19
                      }
                    },
                    "range": [
                      333,
                      336
                    ],
                    "typeAnnotation": {
                      "type": "TSTypeReference",
                      "typeName": {
                        "type": "Identifier",
                        "decorators": [],
                        "name": "A",
                        "optional": false,
                        "range": [
                          335,
                          336
                        ],
                        "loc": {
                          "end": {
                            "column": 24,
                            "line": 19
                          },
                          "start": {
                            "column": 23,
                            "line": 19
                          }
                        }
                      },
                      "range": [
                        335,
                        336
                      ],
                      "loc": {
                        "end": {
                          "column": 24,
                          "line": 19
                        },
                        "start": {
                          "column": 23,
                          "line": 19
                        }
                      }
                    }
                  },
                  "range": [
                    329,
                    336
                  ],
                  "loc": {
                    "end": {
                      "column": 24,
                      "line": 19
                    },
                    "start": {
                      "column": 17,
                      "line": 19
                    }
                  }
                }
              ],
              "returnType": {
                "type": "TSTypeAnnotation",
                "loc": {
                  "end": {
                    "column": 33,
                    "line": 19
                  },
                  "start": {
                    "column": 25,
                    "line": 19
                  }
                },
                "range": [
                  337,
                  345
                ],
                "typeAnnotation": {
                  "type": "TSNumberKeyword",
                  "range": [
                    339,
                    345
                  ],
                  "loc": {
                    "end": {
                      "column": 33,
                      "line": 19
                    },
                    "start": {
                      "column": 27,
                      "line": 19
                    }
                  }
                }
              },
              "loc": {
                "end": {
                  "column": 3,
                  "line": 22
                },
                "start": {
                  "column": 16,
                  "line": 19
                }
              }
            },
            "range": [
              314,
              395
            ],
            "loc": {
              "end": {
                "column": 3,
                "line": 22
              },
              "start": {
                "column": 2,
                "line": 19
              }
            }
          },
          {
            "type": "MethodDefinition",
            "computed": false,
            "decorators": [],
            "key": {
              "type": "Identifier",
              "decorators": [],
              "name": "staticMethod",
              "optional": false,
              "range": [
                406,
                418
              ],
              "loc": {
                "end": {
                  "column": 21,
                  "line": 24
                },
                "start": {
                  "column": 9,
                  "line": 24
                }
              }
            },
            "kind": "method",
            "optional": false,
            "override": false,
            "static": true,
            "value": {
              "type": "FunctionExpression",
              "range": [
                418,
                460
              ],
              "async": false,
              "body": {
                "type": "BlockStatement",
                "body": [
                  {
                    "type": "ReturnStatement",
                    "argument": {
                      "type": "MemberExpression",
                      "computed": false,
                      "object": {
                        "type": "ThisExpression",
                        "range": [
                          449,
                          453
                        ],
                        "loc": {
                          "end": {
                            "column": 15,
                            "line": 25
                          },
                          "start": {
                            "column": 11,
                            "line": 25
                          }
                        }
                      },
                      "optional": false,
                      "property": {
                        "type": "Identifier",
                        "decorators": [],
                        "name": "a",
                        "optional": false,
                        "range": [
                          454,
                          455
                        ],
                        "loc": {
                          "end": {
                            "column": 17,
                            "line": 25
                          },
                          "start": {
                            "column": 16,
                            "line": 25
                          }
                        }
                      },
                      "range": [
                        449,
                        455
                      ],
                      "loc": {
                        "end": {
                          "column": 17,
                          "line": 25
                        },
                        "start": {
                          "column": 11,
                          "line": 25
                        }
                      }
                    },
                    "range": [
                      442,
                      456
                    ],
                    "loc": {
                      "end": {
                        "column": 18,
                        "line": 25
                      },
                      "start": {
                        "column": 4,
                        "line": 25
                      }
                    }
                  }
                ],
                "range": [
                  436,
                  460
                ],
                "loc": {
                  "end": {
                    "column": 3,
                    "line": 26
                  },
                  "start": {
                    "column": 39,
                    "line": 24
                  }
                }
              },
              "declare": false,
              "expression": false,
              "generator": false,
              "id": null,
              "params": [
                {
                  "type": "Identifier",
                  "decorators": [],
                  "name": "this",
                  "optional": false,
                  "typeAnnotation": {
                    "type": "TSTypeAnnotation",
                    "loc": {
                      "end": {
                        "column": 29,
                        "line": 24
                      },
                      "start": {
                        "column": 26,
                        "line": 24
                      }
                    },
                    "range": [
                      423,
                      426
                    ],
                    "typeAnnotation": {
                      "type": "TSTypeReference",
                      "typeName": {
                        "type": "Identifier",
                        "decorators": [],
                        "name": "A",
                        "optional": false,
                        "range": [
                          425,
                          426
                        ],
                        "loc": {
                          "end": {
                            "column": 29,
                            "line": 24
                          },
                          "start": {
                            "column": 28,
                            "line": 24
                          }
                        }
                      },
                      "range": [
                        425,
                        426
                      ],
                      "loc": {
                        "end": {
                          "column": 29,
                          "line": 24
                        },
                        "start": {
                          "column": 28,
                          "line": 24
                        }
                      }
                    }
                  },
                  "range": [
                    419,
                    426
                  ],
                  "loc": {
                    "end": {
                      "column": 29,
                      "line": 24
                    },
                    "start": {
                      "column": 22,
                      "line": 24
                    }
                  }
                }
              ],
              "returnType": {
                "type": "TSTypeAnnotation",
                "loc": {
                  "end": {
                    "column": 38,
                    "line": 24
                  },
                  "start": {
                    "column": 30,
                    "line": 24
                  }
                },
                "range": [
                  427,
                  435
                ],
                "typeAnnotation": {
                  "type": "TSNumberKeyword",
                  "range": [
                    429,
                    435
                  ],
                  "loc": {
                    "end": {
                      "column": 38,
                      "line": 24
                    },
                    "start": {
                      "column": 32,
                      "line": 24
                    }
                  }
                }
              },
              "loc": {
                "end": {
                  "column": 3,
                  "line": 26
                },
                "start": {
                  "column": 21,
                  "line": 24
                }
              }
            },
            "range": [
              399,
              460
            ],
            "loc": {
              "end": {
                "column": 3,
                "line": 26
              },
              "start": {
                "column": 2,
                "line": 24
              }
            }
          },
          {
            "type": "MethodDefinition",
            "computed": false,
            "decorators": [],
            "key": {
              "type": "Identifier",
              "decorators": [],
              "name": "typeof",
              "optional": false,
              "range": [
                471,
                477
              ],
              "loc": {
                "end": {
                  "column": 15,
                  "line": 28
                },
                "start": {
                  "column": 9,
                  "line": 28
                }
              }
            },
            "kind": "method",
            "optional": false,
            "override": false,
            "static": true,
            "value": {
              "type": "FunctionExpression",
              "range": [
                477,
                522
              ],
              "async": false,
              "body": {
                "type": "BlockStatement",
                "body": [
                  {
                    "type": "ReturnStatement",
                    "argument": {
                      "type": "UnaryExpression",
                      "argument": {
                        "type": "ThisExpression",
                        "range": [
                          513,
                          517
                        ],
                        "loc": {
                          "end": {
                            "column": 22,
                            "line": 29
                          },
                          "start": {
                            "column": 18,
                            "line": 29
                          }
                        }
                      },
                      "operator": "typeof",
                      "prefix": true,
                      "range": [
                        506,
                        517
                      ],
                      "loc": {
                        "end": {
                          "column": 22,
                          "line": 29
                        },
                        "start": {
                          "column": 11,
                          "line": 29
                        }
                      }
                    },
                    "range": [
                      499,
                      518
                    ],
                    "loc": {
                      "end": {
                        "column": 23,
                        "line": 29
                      },
                      "start": {
                        "column": 4,
                        "line": 29
                      }
                    }
                  }
                ],
                "range": [
                  493,
                  522
                ],
                "loc": {
                  "end": {
                    "column": 3,
                    "line": 30
                  },
                  "start": {
                    "column": 31,
                    "line": 28
                  }
                }
              },
              "declare": false,
              "expression": false,
              "generator": false,
              "id": null,
              "params": [
                {
                  "type": "Identifier",
                  "decorators": [],
                  "name": "this",
                  "optional": false,
                  "typeAnnotation": {
                    "type": "TSTypeAnnotation",
                    "loc": {
                      "end": {
                        "column": 23,
                        "line": 28
                      },
                      "start": {
                        "column": 20,
                        "line": 28
                      }
                    },
                    "range": [
                      482,
                      485
                    ],
                    "typeAnnotation": {
                      "type": "TSTypeReference",
                      "typeName": {
                        "type": "Identifier",
                        "decorators": [],
                        "name": "A",
                        "optional": false,
                        "range": [
                          484,
                          485
                        ],
                        "loc": {
                          "end": {
                            "column": 23,
                            "line": 28
                          },
                          "start": {
                            "column": 22,
                            "line": 28
                          }
                        }
                      },
                      "range": [
                        484,
                        485
                      ],
                      "loc": {
                        "end": {
                          "column": 23,
                          "line": 28
                        },
                        "start": {
                          "column": 22,
                          "line": 28
                        }
                      }
                    }
                  },
                  "range": [
                    478,
                    485
                  ],
                  "loc": {
                    "end": {
                      "column": 23,
                      "line": 28
                    },
                    "start": {
                      "column": 16,
                      "line": 28
                    }
                  }
                }
              ],
              "returnType": {
                "type": "TSTypeAnnotation",
                "loc": {
                  "end": {
                    "column": 30,
                    "line": 28
                  },
                  "start": {
                    "column": 24,
                    "line": 28
                  }
                },
                "range": [
                  486,
                  492
                ],
                "typeAnnotation": {
                  "type": "TSThisType",
                  "range": [
                    488,
                    492
                  ],
                  "loc": {
                    "end": {
                      "column": 30,
                      "line": 28
                    },
                    "start": {
                      "column": 26,
                      "line": 28
                    }
                  }
                }
              },
              "loc": {
                "end": {
                  "column": 3,
                  "line": 30
                },
                "start": {
                  "column": 15,
                  "line": 28
                }
              }
            },
            "range": [
              464,
              522
            ],
            "loc": {
              "end": {
                "column": 3,
                "line": 30
              },
              "start": {
                "column": 2,
                "line": 28
              }
            }
          }
        ],
        "loc": {
          "end": {
            "column": 1,
            "line": 31
          },
          "start": {
            "column": 8,
            "line": 3
          }
        }
      },
      "declare": false,
      "decorators": [],
      "id": {
        "type": "Identifier",
        "decorators": [],
        "name": "A",
        "optional": false,
        "range": [
          79,
          80
        ],
        "loc": {
          "end": {
            "column": 7,
            "line": 3
          },
          "start": {
            "column": 6,
            "line": 3
          }
        }
      },
      "implements": [],
      "superClass": null,
      "range": [
        73,
        524
      ],
      "loc": {
        "end": {
          "column": 1,
          "line": 31
        },
        "start": {
          "column": 0,
          "line": 3
        }
      }
    }
  ],
  "sourceType": "script",
  "loc": {
    "end": {
      "column": 0,
      "line": 32
    },
    "start": {
      "column": 0,
      "line": 3
    }
  }
}