[
  {
    "type": "Identifier",
    "loc": {
      "end": {
        "column": 7,
        "line": 1
      },
      "start": {
        "column": 0,
        "line": 1
      }
    },
    "range": [
      0,
      7
    ],
    "value": "declare"
  },
  {
    "type": "Keyword",
    "loc": {
      "end": {
        "column": 11,
        "line": 1
      },
      "start": {
        "column": 8,
        "line": 1
      }
    },
    "range": [
      8,
      11
    ],
    "value": "let"
  },
  {
    "type": "Identifier",
    "loc": {
      "end": {
        "column": 15,
        "line": 1
      },
      "start": {
        "column": 12,
        "line": 1
      }
    },
    "range": [
      12,
      15
    ],
    "value": "foo"
  },
  {
    "type": "Punctuator",
    "loc": {
      "end": {
        "column": 16,
        "line": 1
      },
      "start": {
        "column": 15,
        "line": 1
      }
    },
    "range": [
      15,
      16
    ],
    "value": ":"
  },
  {
    "type": "Identifier",
    "loc": {
      "end": {
        "column": 20,
        "line": 1
      },
      "start": {
        "column": 17,
        "line": 1
      }
    },
    "range": [
      17,
      20
    ],
    "value": "any"
  },
  {
    "type": "Punctuator",
    "loc": {
      "end": {
        "column": 21,
        "line": 1
      },
      "start": {
        "column": 20,
        "line": 1
      }
    },
    "range": [
      20,
      21
    ],
    "value": ";"
  }
]