{
  "type": "Program",
  "range": [
    73,
    108
  ],
  "body": [
    {
      "type": "TSEnumDeclaration",
      "body": {
        "type": "TSEnumBody",
        "range": [
          90,
          107
        ],
        "members": [
          {
            "type": "TSEnumMember",
            "computed": false,
            "id": {
              "type": "Identifier",
              "decorators": [],
              "name": "Bar",
              "optional": false,
              "range": [
                94,
                97
              ],
              "loc": {
                "end": {
                  "column": 5,
                  "line": 4
                },
                "start": {
                  "column": 2,
                  "line": 4
                }
              }
            },
            "range": [
              94,
              97
            ],
            "loc": {
              "end": {
                "column": 5,
                "line": 4
              },
              "start": {
                "column": 2,
                "line": 4
              }
            }
          },
          {
            "type": "TSEnumMember",
            "computed": false,
            "id": {
              "type": "Identifier",
              "decorators": [],
              "name": "Baz",
              "optional": false,
              "range": [
                101,
                104
              ],
              "loc": {
                "end": {
                  "column": 5,
                  "line": 5
                },
                "start": {
                  "column": 2,
                  "line": 5
                }
              }
            },
            "range": [
              101,
              104
            ],
            "loc": {
              "end": {
                "column": 5,
                "line": 5
              },
              "start": {
                "column": 2,
                "line": 5
              }
            }
          }
        ],
        "loc": {
          "end": {
            "column": 1,
            "line": 6
          },
          "start": {
            "column": 17,
            "line": 3
          }
        }
      },
      "const": false,
      "declare": true,
      "id": {
        "type": "Identifier",
        "decorators": [],
        "name": "Foo",
        "optional": false,
        "range": [
          86,
          89
        ],
        "loc": {
          "end": {
            "column": 16,
            "line": 3
          },
          "start": {
            "column": 13,
            "line": 3
          }
        }
      },
      "range": [
        73,
        107
      ],
      "loc": {
        "end": {
          "column": 1,
          "line": 6
        },
        "start": {
          "column": 0,
          "line": 3
        }
      }
    }
  ],
  "sourceType": "script",
  "loc": {
    "end": {
      "column": 0,
      "line": 7
    },
    "start": {
      "column": 0,
      "line": 3
    }
  }
}