[
  {
    "type": "Keyword",
    "loc": {
      "end": {
        "column": 6,
        "line": 1
      },
      "start": {
        "column": 0,
        "line": 1
      }
    },
    "range": [
      0,
      6
    ],
    "value": "export"
  },
  {
    "type": "Punctuator",
    "loc": {
      "end": {
        "column": 8,
        "line": 1
      },
      "start": {
        "column": 7,
        "line": 1
      }
    },
    "range": [
      7,
      8
    ],
    "value": "*"
  },
  {
    "type": "Identifier",
    "loc": {
      "end": {
        "column": 13,
        "line": 1
      },
      "start": {
        "column": 9,
        "line": 1
      }
    },
    "range": [
      9,
      13
    ],
    "value": "from"
  },
  {
    "type": "String",
    "loc": {
      "end": {
        "column": 25,
        "line": 1
      },
      "start": {
        "column": 14,
        "line": 1
      }
    },
    "range": [
      14,
      25
    ],
    "value": "'my-module'"
  },
  {
    "type": "Punctuator",
    "loc": {
      "end": {
        "column": 26,
        "line": 1
      },
      "start": {
        "column": 25,
        "line": 1
      }
    },
    "range": [
      25,
      26
    ],
    "value": ";"
  }
]