{
  "type": "Program",
  "range": [
    73,
    130
  ],
  "body": [
    {
      "type": "ClassDeclaration",
      "abstract": false,
      "body": {
        "type": "ClassBody",
        "range": [
          87,
          129
        ],
        "body": [
          {
            "type": "MethodDefinition",
            "computed": false,
            "decorators": [],
            "key": {
              "type": "Identifier",
              "decorators": [],
              "name": "clone",
              "optional": false,
              "range": [
                91,
                96
              ],
              "loc": {
                "end": {
                  "column": 7,
                  "line": 4
                },
                "start": {
                  "column": 2,
                  "line": 4
                }
              }
            },
            "kind": "method",
            "optional": false,
            "override": false,
            "static": false,
            "value": {
              "type": "FunctionExpression",
              "range": [
                96,
                127
              ],
              "async": false,
              "body": {
                "type": "BlockStatement",
                "body": [
                  {
                    "type": "ReturnStatement",
                    "argument": {
                      "type": "ThisExpression",
                      "range": [
                        118,
                        122
                      ],
                      "loc": {
                        "end": {
                          "column": 15,
                          "line": 5
                        },
                        "start": {
                          "column": 11,
                          "line": 5
                        }
                      }
                    },
                    "range": [
                      111,
                      123
                    ],
                    "loc": {
                      "end": {
                        "column": 16,
                        "line": 5
                      },
                      "start": {
                        "column": 4,
                        "line": 5
                      }
                    }
                  }
                ],
                "range": [
                  105,
                  127
                ],
                "loc": {
                  "end": {
                    "column": 3,
                    "line": 6
                  },
                  "start": {
                    "column": 16,
                    "line": 4
                  }
                }
              },
              "declare": false,
              "expression": false,
              "generator": false,
              "id": null,
              "params": [],
              "returnType": {
                "type": "TSTypeAnnotation",
                "loc": {
                  "end": {
                    "column": 15,
                    "line": 4
                  },
                  "start": {
                    "column": 9,
                    "line": 4
                  }
                },
                "range": [
                  98,
                  104
                ],
                "typeAnnotation": {
                  "type": "TSThisType",
                  "range": [
                    100,
                    104
                  ],
                  "loc": {
                    "end": {
                      "column": 15,
                      "line": 4
                    },
                    "start": {
                      "column": 11,
                      "line": 4
                    }
                  }
                }
              },
              "loc": {
                "end": {
                  "column": 3,
                  "line": 6
                },
                "start": {
                  "column": 7,
                  "line": 4
                }
              }
            },
            "range": [
              91,
              127
            ],
            "loc": {
              "end": {
                "column": 3,
                "line": 6
              },
              "start": {
                "column": 2,
                "line": 4
              }
            }
          }
        ],
        "loc": {
          "end": {
            "column": 1,
            "line": 7
          },
          "start": {
            "column": 14,
            "line": 3
          }
        }
      },
      "declare": false,
      "decorators": [],
      "id": {
        "type": "Identifier",
        "decorators": [],
        "name": "Message",
        "optional": false,
        "range": [
          79,
          86
        ],
        "loc": {
          "end": {
            "column": 13,
            "line": 3
          },
          "start": {
            "column": 6,
            "line": 3
          }
        }
      },
      "implements": [],
      "superClass": null,
      "range": [
        73,
        129
      ],
      "loc": {
        "end": {
          "column": 1,
          "line": 7
        },
        "start": {
          "column": 0,
          "line": 3
        }
      }
    }
  ],
  "sourceType": "script",
  "loc": {
    "end": {
      "column": 0,
      "line": 8
    },
    "start": {
      "column": 0,
      "line": 3
    }
  }
}