{
  "type": "Program",
  "range": [
    73,
    95
  ],
  "body": [
    {
      "type": "VariableDeclaration",
      "declarations": [
        {
          "type": "VariableDeclarator",
          "definite": false,
          "id": {
            "type": "Identifier",
            "decorators": [],
            "name": "x",
            "optional": false,
            "typeAnnotation": {
              "type": "TSTypeAnnotation",
              "loc": {
                "end": {
                  "column": 20,
                  "line": 3
                },
                "start": {
                  "column": 5,
                  "line": 3
                }
              },
              "range": [
                78,
                93
              ],
              "typeAnnotation": {
                "type": "TSTypeReference",
                "typeArguments": {
                  "type": "TSTypeParameterInstantiation",
                  "range": [
                    85,
                    93
                  ],
                  "params": [
                    {
                      "type": "TSNumberKeyword",
                      "range": [
                        86,
                        92
                      ],
                      "loc": {
                        "end": {
                          "column": 19,
                          "line": 3
                        },
                        "start": {
                          "column": 13,
                          "line": 3
                        }
                      }
                    }
                  ],
                  "loc": {
                    "end": {
                      "column": 20,
                      "line": 3
                    },
                    "start": {
                      "column": 12,
                      "line": 3
                    }
                  }
                },
                "typeName": {
                  "type": "Identifier",
                  "decorators": [],
                  "name": "Array",
                  "optional": false,
                  "range": [
                    80,
                    85
                  ],
                  "loc": {
                    "end": {
                      "column": 12,
                      "line": 3
                    },
                    "start": {
                      "column": 7,
                      "line": 3
                    }
                  }
                },
                "range": [
                  80,
                  93
                ],
                "loc": {
                  "end": {
                    "column": 20,
                    "line": 3
                  },
                  "start": {
                    "column": 7,
                    "line": 3
                  }
                }
              }
            },
            "range": [
              77,
              93
            ],
            "loc": {
              "end": {
                "column": 20,
                "line": 3
              },
              "start": {
                "column": 4,
                "line": 3
              }
            }
          },
          "init": null,
          "range": [
            77,
            93
          ],
          "loc": {
            "end": {
              "column": 20,
              "line": 3
            },
            "start": {
              "column": 4,
              "line": 3
            }
          }
        }
      ],
      "declare": false,
      "kind": "let",
      "range": [
        73,
        94
      ],
      "loc": {
        "end": {
          "column": 21,
          "line": 3
        },
        "start": {
          "column": 0,
          "line": 3
        }
      }
    }
  ],
  "sourceType": "script",
  "loc": {
    "end": {
      "column": 0,
      "line": 4
    },
    "start": {
      "column": 0,
      "line": 3
    }
  }
}