{
  "type": "Program",
  "range": [
    73,
    89
  ],
  "body": [
    {
      "type": "ClassDeclaration",
      "abstract": false,
      "body": {
        "type": "ClassBody",
        "range": [
          86,
          88
        ],
        "body": [],
        "loc": {
          "end": {
            "column": 15,
            "line": 3
          },
          "start": {
            "column": 13,
            "line": 3
          }
        }
      },
      "declare": false,
      "decorators": [],
      "id": {
        "type": "Identifier",
        "decorators": [],
        "name": "A",
        "optional": false,
        "range": [
          79,
          80
        ],
        "loc": {
          "end": {
            "column": 7,
            "line": 3
          },
          "start": {
            "column": 6,
            "line": 3
          }
        }
      },
      "implements": [],
      "superClass": null,
      "typeParameters": {
        "type": "TSTypeParameterDeclaration",
        "loc": {
          "end": {
            "column": 12,
            "line": 3
          },
          "start": {
            "column": 7,
            "line": 3
          }
        },
        "range": [
          80,
          85
        ],
        "params": [
          {
            "type": "TSTypeParameter",
            "const": false,
            "in": false,
            "name": {
              "type": "Identifier",
              "decorators": [],
              "name": "__P",
              "optional": false,
              "range": [
                81,
                84
              ],
              "loc": {
                "end": {
                  "column": 11,
                  "line": 3
                },
                "start": {
                  "column": 8,
                  "line": 3
                }
              }
            },
            "out": false,
            "range": [
              81,
              84
            ],
            "loc": {
              "end": {
                "column": 11,
                "line": 3
              },
              "start": {
                "column": 8,
                "line": 3
              }
            }
          }
        ]
      },
      "range": [
        73,
        88
      ],
      "loc": {
        "end": {
          "column": 15,
          "line": 3
        },
        "start": {
          "column": 0,
          "line": 3
        }
      }
    }
  ],
  "sourceType": "script",
  "loc": {
    "end": {
      "column": 0,
      "line": 4
    },
    "start": {
      "column": 0,
      "line": 3
    }
  }
}