[
  {
    "type": "Keyword",
    "loc": {
      "end": {
        "column": 5,
        "line": 3
      },
      "start": {
        "column": 0,
        "line": 3
      }
    },
    "range": [
      73,
      78
    ],
    "value": "class"
  },
  {
    "type": "Identifier",
    "loc": {
      "end": {
        "column": 26,
        "line": 3
      },
      "start": {
        "column": 6,
        "line": 3
      }
    },
    "range": [
      79,
      99
    ],
    "value": "SpecializedComponent"
  },
  {
    "type": "Keyword",
    "loc": {
      "end": {
        "column": 34,
        "line": 3
      },
      "start": {
        "column": 27,
        "line": 3
      }
    },
    "range": [
      100,
      107
    ],
    "value": "extends"
  },
  {
    "type": "Identifier",
    "loc": {
      "end": {
        "column": 48,
        "line": 3
      },
      "start": {
        "column": 35,
        "line": 3
      }
    },
    "range": [
      108,
      121
    ],
    "value": "SomeComponent"
  },
  {
    "type": "Punctuator",
    "loc": {
      "end": {
        "column": 50,
        "line": 3
      },
      "start": {
        "column": 49,
        "line": 3
      }
    },
    "range": [
      122,
      123
    ],
    "value": "{"
  },
  {
    "type": "Identifier",
    "loc": {
      "end": {
        "column": 10,
        "line": 4
      },
      "start": {
        "column": 2,
        "line": 4
      }
    },
    "range": [
      126,
      134
    ],
    "value": "override"
  },
  {
    "type": "Identifier",
    "loc": {
      "end": {
        "column": 14,
        "line": 4
      },
      "start": {
        "column": 11,
        "line": 4
      }
    },
    "range": [
      135,
      138
    ],
    "value": "foo"
  },
  {
    "type": "Punctuator",
    "loc": {
      "end": {
        "column": 16,
        "line": 4
      },
      "start": {
        "column": 15,
        "line": 4
      }
    },
    "range": [
      139,
      140
    ],
    "value": "="
  },
  {
    "type": "Numeric",
    "loc": {
      "end": {
        "column": 18,
        "line": 4
      },
      "start": {
        "column": 17,
        "line": 4
      }
    },
    "range": [
      141,
      142
    ],
    "value": "1"
  },
  {
    "type": "Punctuator",
    "loc": {
      "end": {
        "column": 19,
        "line": 4
      },
      "start": {
        "column": 18,
        "line": 4
      }
    },
    "range": [
      142,
      143
    ],
    "value": ";"
  },
  {
    "type": "Punctuator",
    "loc": {
      "end": {
        "column": 1,
        "line": 5
      },
      "start": {
        "column": 0,
        "line": 5
      }
    },
    "range": [
      144,
      145
    ],
    "value": "}"
  }
]