[
  {
    "type": "Keyword",
    "loc": {
      "end": {
        "column": 6,
        "line": 3
      },
      "start": {
        "column": 0,
        "line": 3
      }
    },
    "range": [
      73,
      79
    ],
    "value": "import"
  },
  {
    "type": "Identifier",
    "loc": {
      "end": {
        "column": 11,
        "line": 3
      },
      "start": {
        "column": 7,
        "line": 3
      }
    },
    "range": [
      80,
      84
    ],
    "value": "type"
  },
  {
    "type": "Punctuator",
    "loc": {
      "end": {
        "column": 13,
        "line": 3
      },
      "start": {
        "column": 12,
        "line": 3
      }
    },
    "range": [
      85,
      86
    ],
    "value": "{"
  },
  {
    "type": "Identifier",
    "loc": {
      "end": {
        "column": 17,
        "line": 3
      },
      "start": {
        "column": 14,
        "line": 3
      }
    },
    "range": [
      87,
      90
    ],
    "value": "foo"
  },
  {
    "type": "Identifier",
    "loc": {
      "end": {
        "column": 20,
        "line": 3
      },
      "start": {
        "column": 18,
        "line": 3
      }
    },
    "range": [
      91,
      93
    ],
    "value": "as"
  },
  {
    "type": "Identifier",
    "loc": {
      "end": {
        "column": 24,
        "line": 3
      },
      "start": {
        "column": 21,
        "line": 3
      }
    },
    "range": [
      94,
      97
    ],
    "value": "bar"
  },
  {
    "type": "Punctuator",
    "loc": {
      "end": {
        "column": 26,
        "line": 3
      },
      "start": {
        "column": 25,
        "line": 3
      }
    },
    "range": [
      98,
      99
    ],
    "value": "}"
  },
  {
    "type": "Identifier",
    "loc": {
      "end": {
        "column": 31,
        "line": 3
      },
      "start": {
        "column": 27,
        "line": 3
      }
    },
    "range": [
      100,
      104
    ],
    "value": "from"
  },
  {
    "type": "String",
    "loc": {
      "end": {
        "column": 37,
        "line": 3
      },
      "start": {
        "column": 32,
        "line": 3
      }
    },
    "range": [
      105,
      110
    ],
    "value": "'baz'"
  },
  {
    "type": "Punctuator",
    "loc": {
      "end": {
        "column": 38,
        "line": 3
      },
      "start": {
        "column": 37,
        "line": 3
      }
    },
    "range": [
      110,
      111
    ],
    "value": ";"
  }
]