[
  {
    "type": "Keyword",
    "loc": {
      "end": {
        "column": 3,
        "line": 1
      },
      "start": {
        "column": 0,
        "line": 1
      }
    },
    "range": [
      0,
      3
    ],
    "value": "var"
  },
  {
    "type": "Identifier",
    "loc": {
      "end": {
        "column": 5,
        "line": 1
      },
      "start": {
        "column": 4,
        "line": 1
      }
    },
    "range": [
      4,
      5
    ],
    "value": "x"
  },
  {
    "type": "Punctuator",
    "loc": {
      "end": {
        "column": 7,
        "line": 1
      },
      "start": {
        "column": 6,
        "line": 1
      }
    },
    "range": [
      6,
      7
    ],
    "value": "="
  },
  {
    "type": "Numeric",
    "loc": {
      "end": {
        "column": 9,
        "line": 1
      },
      "start": {
        "column": 8,
        "line": 1
      }
    },
    "range": [
      8,
      9
    ],
    "value": "0"
  },
  {
    "type": "Punctuator",
    "loc": {
      "end": {
        "column": 12,
        "line": 1
      },
      "start": {
        "column": 10,
        "line": 1
      }
    },
    "range": [
      10,
      12
    ],
    "value": "&&"
  },
  {
    "type": "Punctuator",
    "loc": {
      "end": {
        "column": 5,
        "line": 2
      },
      "start": {
        "column": 4,
        "line": 2
      }
    },
    "range": [
      17,
      18
    ],
    "value": "{"
  },
  {
    "type": "Identifier",
    "loc": {
      "end": {
        "column": 9,
        "line": 3
      },
      "start": {
        "column": 8,
        "line": 3
      }
    },
    "range": [
      27,
      28
    ],
    "value": "a"
  },
  {
    "type": "Punctuator",
    "loc": {
      "end": {
        "column": 10,
        "line": 3
      },
      "start": {
        "column": 9,
        "line": 3
      }
    },
    "range": [
      28,
      29
    ],
    "value": ":"
  },
  {
    "type": "Numeric",
    "loc": {
      "end": {
        "column": 12,
        "line": 3
      },
      "start": {
        "column": 11,
        "line": 3
      }
    },
    "range": [
      30,
      31
    ],
    "value": "1"
  },
  {
    "type": "Punctuator",
    "loc": {
      "end": {
        "column": 13,
        "line": 3
      },
      "start": {
        "column": 12,
        "line": 3
      }
    },
    "range": [
      31,
      32
    ],
    "value": ","
  },
  {
    "type": "Identifier",
    "loc": {
      "end": {
        "column": 9,
        "line": 4
      },
      "start": {
        "column": 8,
        "line": 4
      }
    },
    "range": [
      41,
      42
    ],
    "value": "b"
  },
  {
    "type": "Punctuator",
    "loc": {
      "end": {
        "column": 10,
        "line": 4
      },
      "start": {
        "column": 9,
        "line": 4
      }
    },
    "range": [
      42,
      43
    ],
    "value": ":"
  },
  {
    "type": "Numeric",
    "loc": {
      "end": {
        "column": 12,
        "line": 4
      },
      "start": {
        "column": 11,
        "line": 4
      }
    },
    "range": [
      44,
      45
    ],
    "value": "2"
  },
  {
    "type": "Punctuator",
    "loc": {
      "end": {
        "column": 5,
        "line": 5
      },
      "start": {
        "column": 4,
        "line": 5
      }
    },
    "range": [
      50,
      51
    ],
    "value": "}"
  },
  {
    "type": "Punctuator",
    "loc": {
      "end": {
        "column": 6,
        "line": 5
      },
      "start": {
        "column": 5,
        "line": 5
      }
    },
    "range": [
      51,
      52
    ],
    "value": ";"
  }
]