[
  {
    "type": "Identifier",
    "loc": {
      "end": {
        "column": 4,
        "line": 3
      },
      "start": {
        "column": 0,
        "line": 3
      }
    },
    "range": [
      73,
      77
    ],
    "value": "type"
  },
  {
    "type": "Identifier",
    "loc": {
      "end": {
        "column": 13,
        "line": 3
      },
      "start": {
        "column": 5,
        "line": 3
      }
    },
    "range": [
      78,
      86
    ],
    "value": "Unpacked"
  },
  {
    "type": "Punctuator",
    "loc": {
      "end": {
        "column": 14,
        "line": 3
      },
      "start": {
        "column": 13,
        "line": 3
      }
    },
    "range": [
      86,
      87
    ],
    "value": "<"
  },
  {
    "type": "Identifier",
    "loc": {
      "end": {
        "column": 15,
        "line": 3
      },
      "start": {
        "column": 14,
        "line": 3
      }
    },
    "range": [
      87,
      88
    ],
    "value": "T"
  },
  {
    "type": "Punctuator",
    "loc": {
      "end": {
        "column": 16,
        "line": 3
      },
      "start": {
        "column": 15,
        "line": 3
      }
    },
    "range": [
      88,
      89
    ],
    "value": ">"
  },
  {
    "type": "Punctuator",
    "loc": {
      "end": {
        "column": 18,
        "line": 3
      },
      "start": {
        "column": 17,
        "line": 3
      }
    },
    "range": [
      90,
      91
    ],
    "value": "="
  },
  {
    "type": "Identifier",
    "loc": {
      "end": {
        "column": 20,
        "line": 3
      },
      "start": {
        "column": 19,
        "line": 3
      }
    },
    "range": [
      92,
      93
    ],
    "value": "T"
  },
  {
    "type": "Keyword",
    "loc": {
      "end": {
        "column": 28,
        "line": 3
      },
      "start": {
        "column": 21,
        "line": 3
      }
    },
    "range": [
      94,
      101
    ],
    "value": "extends"
  },
  {
    "type": "Punctuator",
    "loc": {
      "end": {
        "column": 30,
        "line": 3
      },
      "start": {
        "column": 29,
        "line": 3
      }
    },
    "range": [
      102,
      103
    ],
    "value": "("
  },
  {
    "type": "Identifier",
    "loc": {
      "end": {
        "column": 35,
        "line": 3
      },
      "start": {
        "column": 30,
        "line": 3
      }
    },
    "range": [
      103,
      108
    ],
    "value": "infer"
  },
  {
    "type": "Identifier",
    "loc": {
      "end": {
        "column": 37,
        "line": 3
      },
      "start": {
        "column": 36,
        "line": 3
      }
    },
    "range": [
      109,
      110
    ],
    "value": "U"
  },
  {
    "type": "Punctuator",
    "loc": {
      "end": {
        "column": 38,
        "line": 3
      },
      "start": {
        "column": 37,
        "line": 3
      }
    },
    "range": [
      110,
      111
    ],
    "value": ")"
  },
  {
    "type": "Punctuator",
    "loc": {
      "end": {
        "column": 39,
        "line": 3
      },
      "start": {
        "column": 38,
        "line": 3
      }
    },
    "range": [
      111,
      112
    ],
    "value": "["
  },
  {
    "type": "Punctuator",
    "loc": {
      "end": {
        "column": 40,
        "line": 3
      },
      "start": {
        "column": 39,
        "line": 3
      }
    },
    "range": [
      112,
      113
    ],
    "value": "]"
  },
  {
    "type": "Punctuator",
    "loc": {
      "end": {
        "column": 3,
        "line": 4
      },
      "start": {
        "column": 2,
        "line": 4
      }
    },
    "range": [
      116,
      117
    ],
    "value": "?"
  },
  {
    "type": "Identifier",
    "loc": {
      "end": {
        "column": 5,
        "line": 4
      },
      "start": {
        "column": 4,
        "line": 4
      }
    },
    "range": [
      118,
      119
    ],
    "value": "U"
  },
  {
    "type": "Punctuator",
    "loc": {
      "end": {
        "column": 3,
        "line": 5
      },
      "start": {
        "column": 2,
        "line": 5
      }
    },
    "range": [
      122,
      123
    ],
    "value": ":"
  },
  {
    "type": "Identifier",
    "loc": {
      "end": {
        "column": 5,
        "line": 5
      },
      "start": {
        "column": 4,
        "line": 5
      }
    },
    "range": [
      124,
      125
    ],
    "value": "T"
  },
  {
    "type": "Keyword",
    "loc": {
      "end": {
        "column": 13,
        "line": 5
      },
      "start": {
        "column": 6,
        "line": 5
      }
    },
    "range": [
      126,
      133
    ],
    "value": "extends"
  },
  {
    "type": "Identifier",
    "loc": {
      "end": {
        "column": 19,
        "line": 5
      },
      "start": {
        "column": 14,
        "line": 5
      }
    },
    "range": [
      134,
      139
    ],
    "value": "infer"
  },
  {
    "type": "Identifier",
    "loc": {
      "end": {
        "column": 21,
        "line": 5
      },
      "start": {
        "column": 20,
        "line": 5
      }
    },
    "range": [
      140,
      141
    ],
    "value": "U"
  },
  {
    "type": "Punctuator",
    "loc": {
      "end": {
        "column": 5,
        "line": 6
      },
      "start": {
        "column": 4,
        "line": 6
      }
    },
    "range": [
      146,
      147
    ],
    "value": "?"
  },
  {
    "type": "Identifier",
    "loc": {
      "end": {
        "column": 7,
        "line": 6
      },
      "start": {
        "column": 6,
        "line": 6
      }
    },
    "range": [
      148,
      149
    ],
    "value": "U"
  },
  {
    "type": "Punctuator",
    "loc": {
      "end": {
        "column": 5,
        "line": 7
      },
      "start": {
        "column": 4,
        "line": 7
      }
    },
    "range": [
      154,
      155
    ],
    "value": ":"
  },
  {
    "type": "Identifier",
    "loc": {
      "end": {
        "column": 7,
        "line": 7
      },
      "start": {
        "column": 6,
        "line": 7
      }
    },
    "range": [
      156,
      157
    ],
    "value": "T"
  },
  {
    "type": "Keyword",
    "loc": {
      "end": {
        "column": 15,
        "line": 7
      },
      "start": {
        "column": 8,
        "line": 7
      }
    },
    "range": [
      158,
      165
    ],
    "value": "extends"
  },
  {
    "type": "Identifier",
    "loc": {
      "end": {
        "column": 23,
        "line": 7
      },
      "start": {
        "column": 16,
        "line": 7
      }
    },
    "range": [
      166,
      173
    ],
    "value": "Promise"
  },
  {
    "type": "Punctuator",
    "loc": {
      "end": {
        "column": 24,
        "line": 7
      },
      "start": {
        "column": 23,
        "line": 7
      }
    },
    "range": [
      173,
      174
    ],
    "value": "<"
  },
  {
    "type": "Identifier",
    "loc": {
      "end": {
        "column": 29,
        "line": 7
      },
      "start": {
        "column": 24,
        "line": 7
      }
    },
    "range": [
      174,
      179
    ],
    "value": "infer"
  },
  {
    "type": "Identifier",
    "loc": {
      "end": {
        "column": 31,
        "line": 7
      },
      "start": {
        "column": 30,
        "line": 7
      }
    },
    "range": [
      180,
      181
    ],
    "value": "U"
  },
  {
    "type": "Punctuator",
    "loc": {
      "end": {
        "column": 32,
        "line": 7
      },
      "start": {
        "column": 31,
        "line": 7
      }
    },
    "range": [
      181,
      182
    ],
    "value": ">"
  },
  {
    "type": "Punctuator",
    "loc": {
      "end": {
        "column": 7,
        "line": 8
      },
      "start": {
        "column": 6,
        "line": 8
      }
    },
    "range": [
      189,
      190
    ],
    "value": "?"
  },
  {
    "type": "Identifier",
    "loc": {
      "end": {
        "column": 9,
        "line": 8
      },
      "start": {
        "column": 8,
        "line": 8
      }
    },
    "range": [
      191,
      192
    ],
    "value": "U"
  },
  {
    "type": "Punctuator",
    "loc": {
      "end": {
        "column": 7,
        "line": 9
      },
      "start": {
        "column": 6,
        "line": 9
      }
    },
    "range": [
      199,
      200
    ],
    "value": ":"
  },
  {
    "type": "Identifier",
    "loc": {
      "end": {
        "column": 9,
        "line": 9
      },
      "start": {
        "column": 8,
        "line": 9
      }
    },
    "range": [
      201,
      202
    ],
    "value": "T"
  },
  {
    "type": "Punctuator",
    "loc": {
      "end": {
        "column": 10,
        "line": 9
      },
      "start": {
        "column": 9,
        "line": 9
      }
    },
    "range": [
      202,
      203
    ],
    "value": ";"
  }
]