[
  {
    "type": "Keyword",
    "loc": {
      "end": {
        "column": 8,
        "line": 1
      },
      "start": {
        "column": 0,
        "line": 1
      }
    },
    "range": [
      0,
      8
    ],
    "value": "function"
  },
  {
    "type": "Identifier",
    "loc": {
      "end": {
        "column": 12,
        "line": 1
      },
      "start": {
        "column": 9,
        "line": 1
      }
    },
    "range": [
      9,
      12
    ],
    "value": "foo"
  },
  {
    "type": "Punctuator",
    "loc": {
      "end": {
        "column": 13,
        "line": 1
      },
      "start": {
        "column": 12,
        "line": 1
      }
    },
    "range": [
      12,
      13
    ],
    "value": "("
  },
  {
    "type": "Punctuator",
    "loc": {
      "end": {
        "column": 14,
        "line": 1
      },
      "start": {
        "column": 13,
        "line": 1
      }
    },
    "range": [
      13,
      14
    ],
    "value": ")"
  },
  {
    "type": "Punctuator",
    "loc": {
      "end": {
        "column": 16,
        "line": 1
      },
      "start": {
        "column": 15,
        "line": 1
      }
    },
    "range": [
      15,
      16
    ],
    "value": "{"
  },
  {
    "type": "Keyword",
    "loc": {
      "end": {
        "column": 7,
        "line": 2
      },
      "start": {
        "column": 4,
        "line": 2
      }
    },
    "range": [
      21,
      24
    ],
    "value": "new"
  },
  {
    "type": "Punctuator",
    "loc": {
      "end": {
        "column": 8,
        "line": 2
      },
      "start": {
        "column": 7,
        "line": 2
      }
    },
    "range": [
      24,
      25
    ],
    "value": "."
  },
  {
    "type": "Identifier",
    "loc": {
      "end": {
        "column": 14,
        "line": 3
      },
      "start": {
        "column": 8,
        "line": 3
      }
    },
    "range": [
      34,
      40
    ],
    "value": "target"
  },
  {
    "type": "Punctuator",
    "loc": {
      "end": {
        "column": 1,
        "line": 4
      },
      "start": {
        "column": 0,
        "line": 4
      }
    },
    "range": [
      41,
      42
    ],
    "value": "}"
  }
]