[
  {
    "type": "Keyword",
    "loc": {
      "end": {
        "column": 6,
        "line": 3
      },
      "start": {
        "column": 0,
        "line": 3
      }
    },
    "range": [
      73,
      79
    ],
    "value": "export"
  },
  {
    "type": "Identifier",
    "loc": {
      "end": {
        "column": 15,
        "line": 3
      },
      "start": {
        "column": 7,
        "line": 3
      }
    },
    "range": [
      80,
      88
    ],
    "value": "abstract"
  },
  {
    "type": "Keyword",
    "loc": {
      "end": {
        "column": 21,
        "line": 3
      },
      "start": {
        "column": 16,
        "line": 3
      }
    },
    "range": [
      89,
      94
    ],
    "value": "class"
  },
  {
    "type": "Identifier",
    "loc": {
      "end": {
        "column": 36,
        "line": 3
      },
      "start": {
        "column": 22,
        "line": 3
      }
    },
    "range": [
      95,
      109
    ],
    "value": "AbstractSocket"
  },
  {
    "type": "Punctuator",
    "loc": {
      "end": {
        "column": 38,
        "line": 3
      },
      "start": {
        "column": 37,
        "line": 3
      }
    },
    "range": [
      110,
      111
    ],
    "value": "{"
  },
  {
    "type": "Identifier",
    "loc": {
      "end": {
        "column": 14,
        "line": 4
      },
      "start": {
        "column": 2,
        "line": 4
      }
    },
    "range": [
      114,
      126
    ],
    "value": "createSocket"
  },
  {
    "type": "Punctuator",
    "loc": {
      "end": {
        "column": 15,
        "line": 4
      },
      "start": {
        "column": 14,
        "line": 4
      }
    },
    "range": [
      126,
      127
    ],
    "value": "?"
  },
  {
    "type": "Punctuator",
    "loc": {
      "end": {
        "column": 16,
        "line": 4
      },
      "start": {
        "column": 15,
        "line": 4
      }
    },
    "range": [
      127,
      128
    ],
    "value": "("
  },
  {
    "type": "Punctuator",
    "loc": {
      "end": {
        "column": 17,
        "line": 4
      },
      "start": {
        "column": 16,
        "line": 4
      }
    },
    "range": [
      128,
      129
    ],
    "value": ")"
  },
  {
    "type": "Punctuator",
    "loc": {
      "end": {
        "column": 18,
        "line": 4
      },
      "start": {
        "column": 17,
        "line": 4
      }
    },
    "range": [
      129,
      130
    ],
    "value": ":"
  },
  {
    "type": "Identifier",
    "loc": {
      "end": {
        "column": 26,
        "line": 4
      },
      "start": {
        "column": 19,
        "line": 4
      }
    },
    "range": [
      131,
      138
    ],
    "value": "Promise"
  },
  {
    "type": "Punctuator",
    "loc": {
      "end": {
        "column": 27,
        "line": 4
      },
      "start": {
        "column": 26,
        "line": 4
      }
    },
    "range": [
      138,
      139
    ],
    "value": "<"
  },
  {
    "type": "Identifier",
    "loc": {
      "end": {
        "column": 33,
        "line": 4
      },
      "start": {
        "column": 27,
        "line": 4
      }
    },
    "range": [
      139,
      145
    ],
    "value": "string"
  },
  {
    "type": "Punctuator",
    "loc": {
      "end": {
        "column": 34,
        "line": 4
      },
      "start": {
        "column": 33,
        "line": 4
      }
    },
    "range": [
      145,
      146
    ],
    "value": ">"
  },
  {
    "type": "Punctuator",
    "loc": {
      "end": {
        "column": 35,
        "line": 4
      },
      "start": {
        "column": 34,
        "line": 4
      }
    },
    "range": [
      146,
      147
    ],
    "value": ";"
  },
  {
    "type": "Punctuator",
    "loc": {
      "end": {
        "column": 1,
        "line": 5
      },
      "start": {
        "column": 0,
        "line": 5
      }
    },
    "range": [
      148,
      149
    ],
    "value": "}"
  }
]