{
  "type": "Program",
  "range": [
    0,
    28
  ],
  "body": [
    {
      "type": "ExpressionStatement",
      "expression": {
        "type": "JSXElement",
        "children": [],
        "closingElement": null,
        "openingElement": {
          "type": "JSXOpeningElement",
          "range": [
            0,
            26
          ],
          "attributes": [
            {
              "type": "JSXAttribute",
              "name": {
                "type": "JSXIdentifier",
                "name": "foo",
                "range": [
                  5,
                  8
                ],
                "loc": {
                  "end": {
                    "column": 8,
                    "line": 1
                  },
                  "start": {
                    "column": 5,
                    "line": 1
                  }
                }
              },
              "value": {
                "type": "JSXElement",
                "children": [
                  {
                    "type": "JSXText",
                    "range": [
                      14,
                      17
                    ],
                    "raw": "bar",
                    "value": "bar",
                    "loc": {
                      "end": {
                        "column": 17,
                        "line": 1
                      },
                      "start": {
                        "column": 14,
                        "line": 1
                      }
                    }
                  }
                ],
                "closingElement": {
                  "type": "JSXClosingElement",
                  "name": {
                    "type": "JSXIdentifier",
                    "name": "div",
                    "range": [
                      19,
                      22
                    ],
                    "loc": {
                      "end": {
                        "column": 22,
                        "line": 1
                      },
                      "start": {
                        "column": 19,
                        "line": 1
                      }
                    }
                  },
                  "range": [
                    17,
                    23
                  ],
                  "loc": {
                    "end": {
                      "column": 23,
                      "line": 1
                    },
                    "start": {
                      "column": 17,
                      "line": 1
                    }
                  }
                },
                "openingElement": {
                  "type": "JSXOpeningElement",
                  "attributes": [],
                  "name": {
                    "type": "JSXIdentifier",
                    "name": "div",
                    "range": [
                      10,
                      13
                    ],
                    "loc": {
                      "end": {
                        "column": 13,
                        "line": 1
                      },
                      "start": {
                        "column": 10,
                        "line": 1
                      }
                    }
                  },
                  "selfClosing": false,
                  "range": [
                    9,
                    14
                  ],
                  "loc": {
                    "end": {
                      "column": 14,
                      "line": 1
                    },
                    "start": {
                      "column": 9,
                      "line": 1
                    }
                  }
                },
                "range": [
                  9,
                  23
                ],
                "loc": {
                  "end": {
                    "column": 23,
                    "line": 1
                  },
                  "start": {
                    "column": 9,
                    "line": 1
                  }
                }
              },
              "range": [
                5,
                23
              ],
              "loc": {
                "end": {
                  "column": 23,
                  "line": 1
                },
                "start": {
                  "column": 5,
                  "line": 1
                }
              }
            }
          ],
          "name": {
            "type": "JSXIdentifier",
            "name": "App",
            "range": [
              1,
              4
            ],
            "loc": {
              "end": {
                "column": 4,
                "line": 1
              },
              "start": {
                "column": 1,
                "line": 1
              }
            }
          },
          "selfClosing": true,
          "loc": {
            "end": {
              "column": 26,
              "line": 1
            },
            "start": {
              "column": 0,
              "line": 1
            }
          }
        },
        "range": [
          0,
          26
        ],
        "loc": {
          "end": {
            "column": 26,
            "line": 1
          },
          "start": {
            "column": 0,
            "line": 1
          }
        }
      },
      "range": [
        0,
        27
      ],
      "loc": {
        "end": {
          "column": 27,
          "line": 1
        },
        "start": {
          "column": 0,
          "line": 1
        }
      }
    }
  ],
  "sourceType": "script",
  "loc": {
    "end": {
      "column": 0,
      "line": 2
    },
    "start": {
      "column": 0,
      "line": 1
    }
  }
}