[
  {
    "type": "Identifier",
    "loc": {
      "end": {
        "column": 4,
        "line": 3
      },
      "start": {
        "column": 0,
        "line": 3
      }
    },
    "range": [
      73,
      77
    ],
    "value": "type"
  },
  {
    "type": "Identifier",
    "loc": {
      "end": {
        "column": 8,
        "line": 3
      },
      "start": {
        "column": 5,
        "line": 3
      }
    },
    "range": [
      78,
      81
    ],
    "value": "Foo"
  },
  {
    "type": "Punctuator",
    "loc": {
      "end": {
        "column": 9,
        "line": 3
      },
      "start": {
        "column": 8,
        "line": 3
      }
    },
    "range": [
      81,
      82
    ],
    "value": "<"
  },
  {
    "type": "Identifier",
    "loc": {
      "end": {
        "column": 10,
        "line": 3
      },
      "start": {
        "column": 9,
        "line": 3
      }
    },
    "range": [
      82,
      83
    ],
    "value": "T"
  },
  {
    "type": "Punctuator",
    "loc": {
      "end": {
        "column": 11,
        "line": 3
      },
      "start": {
        "column": 10,
        "line": 3
      }
    },
    "range": [
      83,
      84
    ],
    "value": ">"
  },
  {
    "type": "Punctuator",
    "loc": {
      "end": {
        "column": 13,
        "line": 3
      },
      "start": {
        "column": 12,
        "line": 3
      }
    },
    "range": [
      85,
      86
    ],
    "value": "="
  },
  {
    "type": "Identifier",
    "loc": {
      "end": {
        "column": 15,
        "line": 3
      },
      "start": {
        "column": 14,
        "line": 3
      }
    },
    "range": [
      87,
      88
    ],
    "value": "T"
  },
  {
    "type": "Keyword",
    "loc": {
      "end": {
        "column": 23,
        "line": 3
      },
      "start": {
        "column": 16,
        "line": 3
      }
    },
    "range": [
      89,
      96
    ],
    "value": "extends"
  },
  {
    "type": "Punctuator",
    "loc": {
      "end": {
        "column": 25,
        "line": 3
      },
      "start": {
        "column": 24,
        "line": 3
      }
    },
    "range": [
      97,
      98
    ],
    "value": "{"
  },
  {
    "type": "Identifier",
    "loc": {
      "end": {
        "column": 27,
        "line": 3
      },
      "start": {
        "column": 26,
        "line": 3
      }
    },
    "range": [
      99,
      100
    ],
    "value": "a"
  },
  {
    "type": "Punctuator",
    "loc": {
      "end": {
        "column": 28,
        "line": 3
      },
      "start": {
        "column": 27,
        "line": 3
      }
    },
    "range": [
      100,
      101
    ],
    "value": ":"
  },
  {
    "type": "Identifier",
    "loc": {
      "end": {
        "column": 34,
        "line": 3
      },
      "start": {
        "column": 29,
        "line": 3
      }
    },
    "range": [
      102,
      107
    ],
    "value": "infer"
  },
  {
    "type": "Identifier",
    "loc": {
      "end": {
        "column": 36,
        "line": 3
      },
      "start": {
        "column": 35,
        "line": 3
      }
    },
    "range": [
      108,
      109
    ],
    "value": "U"
  },
  {
    "type": "Punctuator",
    "loc": {
      "end": {
        "column": 37,
        "line": 3
      },
      "start": {
        "column": 36,
        "line": 3
      }
    },
    "range": [
      109,
      110
    ],
    "value": ";"
  },
  {
    "type": "Identifier",
    "loc": {
      "end": {
        "column": 39,
        "line": 3
      },
      "start": {
        "column": 38,
        "line": 3
      }
    },
    "range": [
      111,
      112
    ],
    "value": "b"
  },
  {
    "type": "Punctuator",
    "loc": {
      "end": {
        "column": 40,
        "line": 3
      },
      "start": {
        "column": 39,
        "line": 3
      }
    },
    "range": [
      112,
      113
    ],
    "value": ":"
  },
  {
    "type": "Identifier",
    "loc": {
      "end": {
        "column": 46,
        "line": 3
      },
      "start": {
        "column": 41,
        "line": 3
      }
    },
    "range": [
      114,
      119
    ],
    "value": "infer"
  },
  {
    "type": "Identifier",
    "loc": {
      "end": {
        "column": 48,
        "line": 3
      },
      "start": {
        "column": 47,
        "line": 3
      }
    },
    "range": [
      120,
      121
    ],
    "value": "U"
  },
  {
    "type": "Punctuator",
    "loc": {
      "end": {
        "column": 50,
        "line": 3
      },
      "start": {
        "column": 49,
        "line": 3
      }
    },
    "range": [
      122,
      123
    ],
    "value": "}"
  },
  {
    "type": "Punctuator",
    "loc": {
      "end": {
        "column": 52,
        "line": 3
      },
      "start": {
        "column": 51,
        "line": 3
      }
    },
    "range": [
      124,
      125
    ],
    "value": "?"
  },
  {
    "type": "Identifier",
    "loc": {
      "end": {
        "column": 54,
        "line": 3
      },
      "start": {
        "column": 53,
        "line": 3
      }
    },
    "range": [
      126,
      127
    ],
    "value": "U"
  },
  {
    "type": "Punctuator",
    "loc": {
      "end": {
        "column": 56,
        "line": 3
      },
      "start": {
        "column": 55,
        "line": 3
      }
    },
    "range": [
      128,
      129
    ],
    "value": ":"
  },
  {
    "type": "Identifier",
    "loc": {
      "end": {
        "column": 62,
        "line": 3
      },
      "start": {
        "column": 57,
        "line": 3
      }
    },
    "range": [
      130,
      135
    ],
    "value": "never"
  },
  {
    "type": "Punctuator",
    "loc": {
      "end": {
        "column": 63,
        "line": 3
      },
      "start": {
        "column": 62,
        "line": 3
      }
    },
    "range": [
      135,
      136
    ],
    "value": ";"
  }
]