{
  "type": "Program",
  "range": [
    73,
    121
  ],
  "body": [
    {
      "type": "ClassDeclaration",
      "abstract": false,
      "body": {
        "type": "ClassBody",
        "range": [
          81,
          120
        ],
        "body": [
          {
            "type": "PropertyDefinition",
            "computed": false,
            "declare": false,
            "decorators": [
              {
                "type": "Decorator",
                "expression": {
                  "type": "Identifier",
                  "decorators": [],
                  "name": "baz",
                  "optional": false,
                  "range": [
                    86,
                    89
                  ],
                  "loc": {
                    "end": {
                      "column": 6,
                      "line": 4
                    },
                    "start": {
                      "column": 3,
                      "line": 4
                    }
                  }
                },
                "range": [
                  85,
                  89
                ],
                "loc": {
                  "end": {
                    "column": 6,
                    "line": 4
                  },
                  "start": {
                    "column": 2,
                    "line": 4
                  }
                }
              }
            ],
            "definite": false,
            "key": {
              "type": "Identifier",
              "decorators": [],
              "name": "a",
              "optional": false,
              "range": [
                97,
                98
              ],
              "loc": {
                "end": {
                  "column": 15,
                  "line": 4
                },
                "start": {
                  "column": 14,
                  "line": 4
                }
              }
            },
            "optional": false,
            "override": false,
            "readonly": false,
            "static": true,
            "value": null,
            "range": [
              85,
              99
            ],
            "loc": {
              "end": {
                "column": 16,
                "line": 4
              },
              "start": {
                "column": 2,
                "line": 4
              }
            }
          },
          {
            "type": "PropertyDefinition",
            "computed": false,
            "declare": false,
            "decorators": [
              {
                "type": "Decorator",
                "expression": {
                  "type": "Identifier",
                  "decorators": [],
                  "name": "qux",
                  "optional": false,
                  "range": [
                    103,
                    106
                  ],
                  "loc": {
                    "end": {
                      "column": 6,
                      "line": 5
                    },
                    "start": {
                      "column": 3,
                      "line": 5
                    }
                  }
                },
                "range": [
                  102,
                  106
                ],
                "loc": {
                  "end": {
                    "column": 6,
                    "line": 5
                  },
                  "start": {
                    "column": 2,
                    "line": 5
                  }
                }
              }
            ],
            "definite": false,
            "key": {
              "type": "Identifier",
              "decorators": [],
              "name": "b",
              "optional": false,
              "range": [
                116,
                117
              ],
              "loc": {
                "end": {
                  "column": 10,
                  "line": 6
                },
                "start": {
                  "column": 9,
                  "line": 6
                }
              }
            },
            "optional": false,
            "override": false,
            "readonly": false,
            "static": true,
            "value": null,
            "range": [
              102,
              118
            ],
            "loc": {
              "end": {
                "column": 11,
                "line": 6
              },
              "start": {
                "column": 2,
                "line": 5
              }
            }
          }
        ],
        "loc": {
          "end": {
            "column": 1,
            "line": 7
          },
          "start": {
            "column": 8,
            "line": 3
          }
        }
      },
      "declare": false,
      "decorators": [],
      "id": {
        "type": "Identifier",
        "decorators": [],
        "name": "C",
        "optional": false,
        "range": [
          79,
          80
        ],
        "loc": {
          "end": {
            "column": 7,
            "line": 3
          },
          "start": {
            "column": 6,
            "line": 3
          }
        }
      },
      "implements": [],
      "superClass": null,
      "range": [
        73,
        120
      ],
      "loc": {
        "end": {
          "column": 1,
          "line": 7
        },
        "start": {
          "column": 0,
          "line": 3
        }
      }
    }
  ],
  "sourceType": "script",
  "loc": {
    "end": {
      "column": 0,
      "line": 8
    },
    "start": {
      "column": 0,
      "line": 3
    }
  }
}