{
  "type": "Program",
  "range": [
    0,
    19
  ],
  "body": [
    {
      "type": "ExportNamedDeclaration",
      "range": [
        0,
        18
      ],
      "attributes": [],
      "declaration": {
        "type": "TSEnumDeclaration",
        "body": {
          "type": "TSEnumBody",
          "range": [
            16,
            18
          ],
          "members": [],
          "loc": {
            "end": {
              "column": 18,
              "line": 1
            },
            "start": {
              "column": 16,
              "line": 1
            }
          }
        },
        "const": false,
        "declare": false,
        "id": {
          "type": "Identifier",
          "decorators": [],
          "name": "Foo",
          "optional": false,
          "range": [
            12,
            15
          ],
          "loc": {
            "end": {
              "column": 15,
              "line": 1
            },
            "start": {
              "column": 12,
              "line": 1
            }
          }
        },
        "range": [
          7,
          18
        ],
        "loc": {
          "end": {
            "column": 18,
            "line": 1
          },
          "start": {
            "column": 7,
            "line": 1
          }
        }
      },
      "exportKind": "value",
      "source": null,
      "specifiers": [],
      "loc": {
        "end": {
          "column": 18,
          "line": 1
        },
        "start": {
          "column": 0,
          "line": 1
        }
      }
    }
  ],
  "sourceType": "module",
  "loc": {
    "end": {
      "column": 0,
      "line": 2
    },
    "start": {
      "column": 0,
      "line": 1
    }
  }
}