{
  "type": "Program",
  "range": [
    0,
    18
  ],
  "body": [
    {
      "type": "TSEnumDeclaration",
      "body": {
        "type": "TSEnumBody",
        "range": [
          9,
          17
        ],
        "members": [
          {
            "type": "TSEnumMember",
            "computed": false,
            "id": {
              "type": "Identifier",
              "decorators": [],
              "name": "A",
              "optional": false,
              "range": [
                13,
                14
              ],
              "loc": {
                "end": {
                  "column": 3,
                  "line": 2
                },
                "start": {
                  "column": 2,
                  "line": 2
                }
              }
            },
            "range": [
              13,
              14
            ],
            "loc": {
              "end": {
                "column": 3,
                "line": 2
              },
              "start": {
                "column": 2,
                "line": 2
              }
            }
          }
        ],
        "loc": {
          "end": {
            "column": 1,
            "line": 3
          },
          "start": {
            "column": 9,
            "line": 1
          }
        }
      },
      "const": false,
      "declare": false,
      "id": {
        "type": "Identifier",
        "decorators": [],
        "name": "Foo",
        "optional": false,
        "range": [
          5,
          8
        ],
        "loc": {
          "end": {
            "column": 8,
            "line": 1
          },
          "start": {
            "column": 5,
            "line": 1
          }
        }
      },
      "range": [
        0,
        17
      ],
      "loc": {
        "end": {
          "column": 1,
          "line": 3
        },
        "start": {
          "column": 0,
          "line": 1
        }
      }
    }
  ],
  "sourceType": "script",
  "loc": {
    "end": {
      "column": 0,
      "line": 4
    },
    "start": {
      "column": 0,
      "line": 1
    }
  }
}