{
  "type": "Program",
  "range": [
    73,
    102
  ],
  "body": [
    {
      "type": "TryStatement",
      "block": {
        "type": "BlockStatement",
        "body": [],
        "range": [
          77,
          80
        ],
        "loc": {
          "end": {
            "column": 1,
            "line": 4
          },
          "start": {
            "column": 4,
            "line": 3
          }
        }
      },
      "finalizer": null,
      "handler": {
        "type": "CatchClause",
        "body": {
          "type": "BlockStatement",
          "body": [],
          "range": [
            99,
            101
          ],
          "loc": {
            "end": {
              "column": 22,
              "line": 4
            },
            "start": {
              "column": 20,
              "line": 4
            }
          }
        },
        "param": {
          "type": "Identifier",
          "decorators": [],
          "name": "e",
          "optional": false,
          "typeAnnotation": {
            "type": "TSTypeAnnotation",
            "loc": {
              "end": {
                "column": 18,
                "line": 4
              },
              "start": {
                "column": 10,
                "line": 4
              }
            },
            "range": [
              89,
              97
            ],
            "typeAnnotation": {
              "type": "TSStringKeyword",
              "range": [
                91,
                97
              ],
              "loc": {
                "end": {
                  "column": 18,
                  "line": 4
                },
                "start": {
                  "column": 12,
                  "line": 4
                }
              }
            }
          },
          "range": [
            88,
            97
          ],
          "loc": {
            "end": {
              "column": 18,
              "line": 4
            },
            "start": {
              "column": 9,
              "line": 4
            }
          }
        },
        "range": [
          81,
          101
        ],
        "loc": {
          "end": {
            "column": 22,
            "line": 4
          },
          "start": {
            "column": 2,
            "line": 4
          }
        }
      },
      "range": [
        73,
        101
      ],
      "loc": {
        "end": {
          "column": 22,
          "line": 4
        },
        "start": {
          "column": 0,
          "line": 3
        }
      }
    }
  ],
  "sourceType": "script",
  "loc": {
    "end": {
      "column": 0,
      "line": 5
    },
    "start": {
      "column": 0,
      "line": 3
    }
  }
}