{
  "type": "Program",
  "range": [
    0,
    23
  ],
  "body": [
    {
      "type": "TSInterfaceDeclaration",
      "body": {
        "type": "TSInterfaceBody",
        "range": [
          20,
          22
        ],
        "body": [],
        "loc": {
          "end": {
            "column": 22,
            "line": 1
          },
          "start": {
            "column": 20,
            "line": 1
          }
        }
      },
      "declare": true,
      "extends": [],
      "id": {
        "type": "Identifier",
        "decorators": [],
        "name": "F",
        "optional": false,
        "range": [
          18,
          19
        ],
        "loc": {
          "end": {
            "column": 19,
            "line": 1
          },
          "start": {
            "column": 18,
            "line": 1
          }
        }
      },
      "range": [
        0,
        22
      ],
      "loc": {
        "end": {
          "column": 22,
          "line": 1
        },
        "start": {
          "column": 0,
          "line": 1
        }
      }
    }
  ],
  "sourceType": "script",
  "loc": {
    "end": {
      "column": 0,
      "line": 2
    },
    "start": {
      "column": 0,
      "line": 1
    }
  }
}