[
  {
    "type": "Identifier",
    "loc": {
      "end": {
        "column": 1,
        "line": 3
      },
      "start": {
        "column": 0,
        "line": 3
      }
    },
    "range": [
      73,
      74
    ],
    "value": "x"
  },
  {
    "type": "Identifier",
    "loc": {
      "end": {
        "column": 4,
        "line": 3
      },
      "start": {
        "column": 2,
        "line": 3
      }
    },
    "range": [
      75,
      77
    ],
    "value": "as"
  },
  {
    "type": "Identifier",
    "loc": {
      "end": {
        "column": 8,
        "line": 3
      },
      "start": {
        "column": 5,
        "line": 3
      }
    },
    "range": [
      78,
      81
    ],
    "value": "any"
  },
  {
    "type": "Identifier",
    "loc": {
      "end": {
        "column": 11,
        "line": 3
      },
      "start": {
        "column": 9,
        "line": 3
      }
    },
    "range": [
      82,
      84
    ],
    "value": "as"
  },
  {
    "type": "Identifier",
    "loc": {
      "end": {
        "column": 13,
        "line": 3
      },
      "start": {
        "column": 12,
        "line": 3
      }
    },
    "range": [
      85,
      86
    ],
    "value": "T"
  },
  {
    "type": "Punctuator",
    "loc": {
      "end": {
        "column": 14,
        "line": 3
      },
      "start": {
        "column": 13,
        "line": 3
      }
    },
    "range": [
      86,
      87
    ],
    "value": ";"
  }
]