[
  {
    "type": "Keyword",
    "loc": {
      "end": {
        "column": 5,
        "line": 3
      },
      "start": {
        "column": 0,
        "line": 3
      }
    },
    "range": [
      73,
      78
    ],
    "value": "class"
  },
  {
    "type": "Identifier",
    "loc": {
      "end": {
        "column": 9,
        "line": 3
      },
      "start": {
        "column": 6,
        "line": 3
      }
    },
    "range": [
      79,
      82
    ],
    "value": "Foo"
  },
  {
    "type": "Punctuator",
    "loc": {
      "end": {
        "column": 11,
        "line": 3
      },
      "start": {
        "column": 10,
        "line": 3
      }
    },
    "range": [
      83,
      84
    ],
    "value": "{"
  },
  {
    "type": "Keyword",
    "loc": {
      "end": {
        "column": 8,
        "line": 4
      },
      "start": {
        "column": 2,
        "line": 4
      }
    },
    "range": [
      87,
      93
    ],
    "value": "static"
  },
  {
    "type": "Identifier",
    "loc": {
      "end": {
        "column": 14,
        "line": 4
      },
      "start": {
        "column": 9,
        "line": 4
      }
    },
    "range": [
      94,
      99
    ],
    "value": "count"
  },
  {
    "type": "Punctuator",
    "loc": {
      "end": {
        "column": 16,
        "line": 4
      },
      "start": {
        "column": 15,
        "line": 4
      }
    },
    "range": [
      100,
      101
    ],
    "value": "="
  },
  {
    "type": "Numeric",
    "loc": {
      "end": {
        "column": 18,
        "line": 4
      },
      "start": {
        "column": 17,
        "line": 4
      }
    },
    "range": [
      102,
      103
    ],
    "value": "0"
  },
  {
    "type": "Punctuator",
    "loc": {
      "end": {
        "column": 19,
        "line": 4
      },
      "start": {
        "column": 18,
        "line": 4
      }
    },
    "range": [
      103,
      104
    ],
    "value": ";"
  },
  {
    "type": "Keyword",
    "loc": {
      "end": {
        "column": 8,
        "line": 5
      },
      "start": {
        "column": 2,
        "line": 5
      }
    },
    "range": [
      107,
      113
    ],
    "value": "static"
  },
  {
    "type": "Punctuator",
    "loc": {
      "end": {
        "column": 10,
        "line": 5
      },
      "start": {
        "column": 9,
        "line": 5
      }
    },
    "range": [
      114,
      115
    ],
    "value": "{"
  },
  {
    "type": "Keyword",
    "loc": {
      "end": {
        "column": 6,
        "line": 6
      },
      "start": {
        "column": 4,
        "line": 6
      }
    },
    "range": [
      120,
      122
    ],
    "value": "if"
  },
  {
    "type": "Punctuator",
    "loc": {
      "end": {
        "column": 8,
        "line": 6
      },
      "start": {
        "column": 7,
        "line": 6
      }
    },
    "range": [
      123,
      124
    ],
    "value": "("
  },
  {
    "type": "Identifier",
    "loc": {
      "end": {
        "column": 21,
        "line": 6
      },
      "start": {
        "column": 8,
        "line": 6
      }
    },
    "range": [
      124,
      137
    ],
    "value": "someCondition"
  },
  {
    "type": "Punctuator",
    "loc": {
      "end": {
        "column": 22,
        "line": 6
      },
      "start": {
        "column": 21,
        "line": 6
      }
    },
    "range": [
      137,
      138
    ],
    "value": "("
  },
  {
    "type": "Punctuator",
    "loc": {
      "end": {
        "column": 23,
        "line": 6
      },
      "start": {
        "column": 22,
        "line": 6
      }
    },
    "range": [
      138,
      139
    ],
    "value": ")"
  },
  {
    "type": "Punctuator",
    "loc": {
      "end": {
        "column": 24,
        "line": 6
      },
      "start": {
        "column": 23,
        "line": 6
      }
    },
    "range": [
      139,
      140
    ],
    "value": ")"
  },
  {
    "type": "Punctuator",
    "loc": {
      "end": {
        "column": 26,
        "line": 6
      },
      "start": {
        "column": 25,
        "line": 6
      }
    },
    "range": [
      141,
      142
    ],
    "value": "{"
  },
  {
    "type": "Identifier",
    "loc": {
      "end": {
        "column": 11,
        "line": 7
      },
      "start": {
        "column": 6,
        "line": 7
      }
    },
    "range": [
      149,
      154
    ],
    "value": "count"
  },
  {
    "type": "Punctuator",
    "loc": {
      "end": {
        "column": 13,
        "line": 7
      },
      "start": {
        "column": 11,
        "line": 7
      }
    },
    "range": [
      154,
      156
    ],
    "value": "++"
  },
  {
    "type": "Punctuator",
    "loc": {
      "end": {
        "column": 14,
        "line": 7
      },
      "start": {
        "column": 13,
        "line": 7
      }
    },
    "range": [
      156,
      157
    ],
    "value": ";"
  },
  {
    "type": "Punctuator",
    "loc": {
      "end": {
        "column": 5,
        "line": 8
      },
      "start": {
        "column": 4,
        "line": 8
      }
    },
    "range": [
      162,
      163
    ],
    "value": "}"
  },
  {
    "type": "Punctuator",
    "loc": {
      "end": {
        "column": 3,
        "line": 9
      },
      "start": {
        "column": 2,
        "line": 9
      }
    },
    "range": [
      166,
      167
    ],
    "value": "}"
  },
  {
    "type": "Punctuator",
    "loc": {
      "end": {
        "column": 1,
        "line": 10
      },
      "start": {
        "column": 0,
        "line": 10
      }
    },
    "range": [
      168,
      169
    ],
    "value": "}"
  }
]