[
  {
    "type": "Line",
    "loc": {
      "end": {
        "column": 71,
        "line": 1
      },
      "start": {
        "column": 0,
        "line": 1
      }
    },
    "range": [
      0,
      71
    ],
    "value": " TODO: This fixture might be too large, and if so should be split up."
  },
  {
    "type": "Line",
    "loc": {
      "end": {
        "column": 44,
        "line": 3
      },
      "start": {
        "column": 0,
        "line": 3
      }
    },
    "range": [
      73,
      117
    ],
    "value": " this should not be classed as a directive"
  }
]