{
  "type": "Program",
  "range": [
    0,
    24
  ],
  "body": [
    {
      "type": "ClassDeclaration",
      "abstract": false,
      "body": {
        "type": "ClassBody",
        "range": [
          8,
          23
        ],
        "body": [
          {
            "type": "PropertyDefinition",
            "computed": false,
            "declare": false,
            "decorators": [],
            "definite": false,
            "key": {
              "type": "Identifier",
              "decorators": [],
              "name": "a",
              "optional": false,
              "range": [
                10,
                11
              ],
              "loc": {
                "end": {
                  "column": 11,
                  "line": 1
                },
                "start": {
                  "column": 10,
                  "line": 1
                }
              }
            },
            "optional": false,
            "override": false,
            "readonly": false,
            "static": false,
            "value": null,
            "range": [
              10,
              12
            ],
            "loc": {
              "end": {
                "column": 12,
                "line": 1
              },
              "start": {
                "column": 10,
                "line": 1
              }
            }
          },
          {
            "type": "PropertyDefinition",
            "computed": false,
            "declare": false,
            "decorators": [],
            "definite": false,
            "key": {
              "type": "PrivateIdentifier",
              "name": "b",
              "range": [
                18,
                20
              ],
              "loc": {
                "end": {
                  "column": 20,
                  "line": 1
                },
                "start": {
                  "column": 18,
                  "line": 1
                }
              }
            },
            "optional": false,
            "override": false,
            "readonly": false,
            "static": true,
            "value": null,
            "range": [
              12,
              21
            ],
            "loc": {
              "end": {
                "column": 21,
                "line": 1
              },
              "start": {
                "column": 12,
                "line": 1
              }
            }
          }
        ],
        "loc": {
          "end": {
            "column": 23,
            "line": 1
          },
          "start": {
            "column": 8,
            "line": 1
          }
        }
      },
      "declare": false,
      "decorators": [],
      "id": {
        "type": "Identifier",
        "decorators": [],
        "name": "A",
        "optional": false,
        "range": [
          6,
          7
        ],
        "loc": {
          "end": {
            "column": 7,
            "line": 1
          },
          "start": {
            "column": 6,
            "line": 1
          }
        }
      },
      "implements": [],
      "superClass": null,
      "range": [
        0,
        23
      ],
      "loc": {
        "end": {
          "column": 23,
          "line": 1
        },
        "start": {
          "column": 0,
          "line": 1
        }
      }
    }
  ],
  "sourceType": "script",
  "loc": {
    "end": {
      "column": 0,
      "line": 2
    },
    "start": {
      "column": 0,
      "line": 1
    }
  }
}