{
  "type": "Program",
  "range": [
    73,
    122
  ],
  "body": [
    {
      "type": "FunctionDeclaration",
      "async": false,
      "body": {
        "type": "BlockStatement",
        "body": [],
        "range": [
          119,
          121
        ],
        "loc": {
          "end": {
            "column": 48,
            "line": 3
          },
          "start": {
            "column": 46,
            "line": 3
          }
        }
      },
      "declare": false,
      "expression": false,
      "generator": false,
      "id": {
        "type": "Identifier",
        "decorators": [],
        "name": "M",
        "optional": false,
        "range": [
          82,
          83
        ],
        "loc": {
          "end": {
            "column": 10,
            "line": 3
          },
          "start": {
            "column": 9,
            "line": 3
          }
        }
      },
      "params": [
        {
          "type": "Identifier",
          "decorators": [],
          "name": "Base",
          "optional": false,
          "typeAnnotation": {
            "type": "TSTypeAnnotation",
            "loc": {
              "end": {
                "column": 44,
                "line": 3
              },
              "start": {
                "column": 41,
                "line": 3
              }
            },
            "range": [
              114,
              117
            ],
            "typeAnnotation": {
              "type": "TSTypeReference",
              "typeName": {
                "type": "Identifier",
                "decorators": [],
                "name": "T",
                "optional": false,
                "range": [
                  116,
                  117
                ],
                "loc": {
                  "end": {
                    "column": 44,
                    "line": 3
                  },
                  "start": {
                    "column": 43,
                    "line": 3
                  }
                }
              },
              "range": [
                116,
                117
              ],
              "loc": {
                "end": {
                  "column": 44,
                  "line": 3
                },
                "start": {
                  "column": 43,
                  "line": 3
                }
              }
            }
          },
          "range": [
            110,
            117
          ],
          "loc": {
            "end": {
              "column": 44,
              "line": 3
            },
            "start": {
              "column": 37,
              "line": 3
            }
          }
        }
      ],
      "typeParameters": {
        "type": "TSTypeParameterDeclaration",
        "loc": {
          "end": {
            "column": 36,
            "line": 3
          },
          "start": {
            "column": 10,
            "line": 3
          }
        },
        "range": [
          83,
          109
        ],
        "params": [
          {
            "type": "TSTypeParameter",
            "const": false,
            "constraint": {
              "type": "TSTypeReference",
              "typeArguments": {
                "type": "TSTypeParameterInstantiation",
                "range": [
                  105,
                  108
                ],
                "params": [
                  {
                    "type": "TSTypeReference",
                    "typeName": {
                      "type": "Identifier",
                      "decorators": [],
                      "name": "M",
                      "optional": false,
                      "range": [
                        106,
                        107
                      ],
                      "loc": {
                        "end": {
                          "column": 34,
                          "line": 3
                        },
                        "start": {
                          "column": 33,
                          "line": 3
                        }
                      }
                    },
                    "range": [
                      106,
                      107
                    ],
                    "loc": {
                      "end": {
                        "column": 34,
                        "line": 3
                      },
                      "start": {
                        "column": 33,
                        "line": 3
                      }
                    }
                  }
                ],
                "loc": {
                  "end": {
                    "column": 35,
                    "line": 3
                  },
                  "start": {
                    "column": 32,
                    "line": 3
                  }
                }
              },
              "typeName": {
                "type": "Identifier",
                "decorators": [],
                "name": "Constructor",
                "optional": false,
                "range": [
                  94,
                  105
                ],
                "loc": {
                  "end": {
                    "column": 32,
                    "line": 3
                  },
                  "start": {
                    "column": 21,
                    "line": 3
                  }
                }
              },
              "range": [
                94,
                108
              ],
              "loc": {
                "end": {
                  "column": 35,
                  "line": 3
                },
                "start": {
                  "column": 21,
                  "line": 3
                }
              }
            },
            "in": false,
            "name": {
              "type": "Identifier",
              "decorators": [],
              "name": "T",
              "optional": false,
              "range": [
                84,
                85
              ],
              "loc": {
                "end": {
                  "column": 12,
                  "line": 3
                },
                "start": {
                  "column": 11,
                  "line": 3
                }
              }
            },
            "out": false,
            "range": [
              84,
              108
            ],
            "loc": {
              "end": {
                "column": 35,
                "line": 3
              },
              "start": {
                "column": 11,
                "line": 3
              }
            }
          }
        ]
      },
      "range": [
        73,
        121
      ],
      "loc": {
        "end": {
          "column": 48,
          "line": 3
        },
        "start": {
          "column": 0,
          "line": 3
        }
      }
    }
  ],
  "sourceType": "script",
  "loc": {
    "end": {
      "column": 0,
      "line": 4
    },
    "start": {
      "column": 0,
      "line": 3
    }
  }
}