{
  "type": "Program",
  "range": [
    0,
    22
  ],
  "body": [
    {
      "type": "TSModuleDeclaration",
      "body": {
        "type": "TSModuleBlock",
        "body": [],
        "range": [
          19,
          21
        ],
        "loc": {
          "end": {
            "column": 21,
            "line": 1
          },
          "start": {
            "column": 19,
            "line": 1
          }
        }
      },
      "declare": false,
      "global": false,
      "id": {
        "type": "TSQualifiedName",
        "range": [
          7,
          18
        ],
        "left": {
          "type": "TSQualifiedName",
          "range": [
            7,
            14
          ],
          "left": {
            "type": "Identifier",
            "range": [
              7,
              10
            ],
            "decorators": [],
            "name": "abc",
            "optional": false,
            "loc": {
              "end": {
                "column": 10,
                "line": 1
              },
              "start": {
                "column": 7,
                "line": 1
              }
            }
          },
          "right": {
            "type": "Identifier",
            "range": [
              11,
              14
            ],
            "decorators": [],
            "name": "def",
            "optional": false,
            "loc": {
              "end": {
                "column": 14,
                "line": 1
              },
              "start": {
                "column": 11,
                "line": 1
              }
            }
          },
          "loc": {
            "end": {
              "column": 14,
              "line": 1
            },
            "start": {
              "column": 7,
              "line": 1
            }
          }
        },
        "right": {
          "type": "Identifier",
          "range": [
            15,
            18
          ],
          "decorators": [],
          "name": "ghi",
          "optional": false,
          "loc": {
            "end": {
              "column": 18,
              "line": 1
            },
            "start": {
              "column": 15,
              "line": 1
            }
          }
        },
        "loc": {
          "end": {
            "column": 18,
            "line": 1
          },
          "start": {
            "column": 7,
            "line": 1
          }
        }
      },
      "kind": "module",
      "range": [
        0,
        21
      ],
      "loc": {
        "end": {
          "column": 21,
          "line": 1
        },
        "start": {
          "column": 0,
          "line": 1
        }
      }
    }
  ],
  "sourceType": "script",
  "loc": {
    "end": {
      "column": 0,
      "line": 2
    },
    "start": {
      "column": 0,
      "line": 1
    }
  }
}