{
  "type": "Program",
  "range": [
    73,
    125
  ],
  "body": [
    {
      "type": "ClassDeclaration",
      "abstract": false,
      "body": {
        "type": "ClassBody",
        "range": [
          83,
          124
        ],
        "body": [
          {
            "type": "MethodDefinition",
            "computed": false,
            "decorators": [],
            "key": {
              "type": "Identifier",
              "decorators": [],
              "name": "bar",
              "optional": false,
              "range": [
                87,
                90
              ],
              "loc": {
                "end": {
                  "column": 5,
                  "line": 4
                },
                "start": {
                  "column": 2,
                  "line": 4
                }
              }
            },
            "kind": "method",
            "optional": false,
            "override": false,
            "static": false,
            "value": {
              "type": "FunctionExpression",
              "range": [
                90,
                122
              ],
              "async": false,
              "body": {
                "type": "BlockStatement",
                "body": [],
                "range": [
                  120,
                  122
                ],
                "loc": {
                  "end": {
                    "column": 37,
                    "line": 4
                  },
                  "start": {
                    "column": 35,
                    "line": 4
                  }
                }
              },
              "declare": false,
              "expression": false,
              "generator": false,
              "id": null,
              "params": [
                {
                  "type": "ObjectPattern",
                  "decorators": [
                    {
                      "type": "Decorator",
                      "expression": {
                        "type": "CallExpression",
                        "arguments": [
                          {
                            "type": "Literal",
                            "raw": "true",
                            "value": true,
                            "range": [
                              100,
                              104
                            ],
                            "loc": {
                              "end": {
                                "column": 19,
                                "line": 4
                              },
                              "start": {
                                "column": 15,
                                "line": 4
                              }
                            }
                          }
                        ],
                        "callee": {
                          "type": "Identifier",
                          "decorators": [],
                          "name": "special",
                          "optional": false,
                          "range": [
                            92,
                            99
                          ],
                          "loc": {
                            "end": {
                              "column": 14,
                              "line": 4
                            },
                            "start": {
                              "column": 7,
                              "line": 4
                            }
                          }
                        },
                        "optional": false,
                        "range": [
                          92,
                          105
                        ],
                        "loc": {
                          "end": {
                            "column": 20,
                            "line": 4
                          },
                          "start": {
                            "column": 7,
                            "line": 4
                          }
                        }
                      },
                      "range": [
                        91,
                        105
                      ],
                      "loc": {
                        "end": {
                          "column": 20,
                          "line": 4
                        },
                        "start": {
                          "column": 6,
                          "line": 4
                        }
                      }
                    }
                  ],
                  "optional": false,
                  "properties": [
                    {
                      "type": "Property",
                      "computed": false,
                      "key": {
                        "type": "Identifier",
                        "decorators": [],
                        "name": "bar",
                        "optional": false,
                        "range": [
                          108,
                          111
                        ],
                        "loc": {
                          "end": {
                            "column": 26,
                            "line": 4
                          },
                          "start": {
                            "column": 23,
                            "line": 4
                          }
                        }
                      },
                      "kind": "init",
                      "method": false,
                      "optional": false,
                      "shorthand": true,
                      "value": {
                        "type": "Identifier",
                        "decorators": [],
                        "name": "bar",
                        "optional": false,
                        "range": [
                          108,
                          111
                        ],
                        "loc": {
                          "end": {
                            "column": 26,
                            "line": 4
                          },
                          "start": {
                            "column": 23,
                            "line": 4
                          }
                        }
                      },
                      "range": [
                        108,
                        111
                      ],
                      "loc": {
                        "end": {
                          "column": 26,
                          "line": 4
                        },
                        "start": {
                          "column": 23,
                          "line": 4
                        }
                      }
                    }
                  ],
                  "typeAnnotation": {
                    "type": "TSTypeAnnotation",
                    "loc": {
                      "end": {
                        "column": 33,
                        "line": 4
                      },
                      "start": {
                        "column": 28,
                        "line": 4
                      }
                    },
                    "range": [
                      113,
                      118
                    ],
                    "typeAnnotation": {
                      "type": "TSAnyKeyword",
                      "range": [
                        115,
                        118
                      ],
                      "loc": {
                        "end": {
                          "column": 33,
                          "line": 4
                        },
                        "start": {
                          "column": 30,
                          "line": 4
                        }
                      }
                    }
                  },
                  "range": [
                    106,
                    118
                  ],
                  "loc": {
                    "end": {
                      "column": 33,
                      "line": 4
                    },
                    "start": {
                      "column": 21,
                      "line": 4
                    }
                  }
                }
              ],
              "loc": {
                "end": {
                  "column": 37,
                  "line": 4
                },
                "start": {
                  "column": 5,
                  "line": 4
                }
              }
            },
            "range": [
              87,
              122
            ],
            "loc": {
              "end": {
                "column": 37,
                "line": 4
              },
              "start": {
                "column": 2,
                "line": 4
              }
            }
          }
        ],
        "loc": {
          "end": {
            "column": 1,
            "line": 5
          },
          "start": {
            "column": 10,
            "line": 3
          }
        }
      },
      "declare": false,
      "decorators": [],
      "id": {
        "type": "Identifier",
        "decorators": [],
        "name": "Foo",
        "optional": false,
        "range": [
          79,
          82
        ],
        "loc": {
          "end": {
            "column": 9,
            "line": 3
          },
          "start": {
            "column": 6,
            "line": 3
          }
        }
      },
      "implements": [],
      "superClass": null,
      "range": [
        73,
        124
      ],
      "loc": {
        "end": {
          "column": 1,
          "line": 5
        },
        "start": {
          "column": 0,
          "line": 3
        }
      }
    }
  ],
  "sourceType": "script",
  "loc": {
    "end": {
      "column": 0,
      "line": 6
    },
    "start": {
      "column": 0,
      "line": 3
    }
  }
}