{
  "type": "Program",
  "range": [
    0,
    24
  ],
  "body": [
    {
      "type": "FunctionDeclaration",
      "async": true,
      "body": {
        "type": "BlockStatement",
        "body": [],
        "range": [
          21,
          23
        ],
        "loc": {
          "end": {
            "column": 23,
            "line": 1
          },
          "start": {
            "column": 21,
            "line": 1
          }
        }
      },
      "declare": false,
      "expression": false,
      "generator": false,
      "id": {
        "type": "Identifier",
        "decorators": [],
        "name": "foo",
        "optional": false,
        "range": [
          15,
          18
        ],
        "loc": {
          "end": {
            "column": 18,
            "line": 1
          },
          "start": {
            "column": 15,
            "line": 1
          }
        }
      },
      "params": [],
      "range": [
        0,
        23
      ],
      "loc": {
        "end": {
          "column": 23,
          "line": 1
        },
        "start": {
          "column": 0,
          "line": 1
        }
      }
    }
  ],
  "sourceType": "script",
  "loc": {
    "end": {
      "column": 0,
      "line": 2
    },
    "start": {
      "column": 0,
      "line": 1
    }
  }
}