{
  "type": "Program",
  "range": [
    73,
    117
  ],
  "body": [
    {
      "type": "VariableDeclaration",
      "declarations": [
        {
          "type": "VariableDeclarator",
          "definite": false,
          "id": {
            "type": "Identifier",
            "decorators": [],
            "name": "f",
            "optional": false,
            "typeAnnotation": {
              "type": "TSTypeAnnotation",
              "loc": {
                "end": {
                  "column": 42,
                  "line": 3
                },
                "start": {
                  "column": 5,
                  "line": 3
                }
              },
              "range": [
                78,
                115
              ],
              "typeAnnotation": {
                "type": "TSConstructorType",
                "abstract": false,
                "params": [
                  {
                    "type": "Identifier",
                    "decorators": [],
                    "name": "a",
                    "optional": false,
                    "typeAnnotation": {
                      "type": "TSTypeAnnotation",
                      "loc": {
                        "end": {
                          "column": 21,
                          "line": 3
                        },
                        "start": {
                          "column": 13,
                          "line": 3
                        }
                      },
                      "range": [
                        86,
                        94
                      ],
                      "typeAnnotation": {
                        "type": "TSNumberKeyword",
                        "range": [
                          88,
                          94
                        ],
                        "loc": {
                          "end": {
                            "column": 21,
                            "line": 3
                          },
                          "start": {
                            "column": 15,
                            "line": 3
                          }
                        }
                      }
                    },
                    "range": [
                      85,
                      94
                    ],
                    "loc": {
                      "end": {
                        "column": 21,
                        "line": 3
                      },
                      "start": {
                        "column": 12,
                        "line": 3
                      }
                    }
                  },
                  {
                    "type": "Identifier",
                    "decorators": [],
                    "name": "b",
                    "optional": true,
                    "typeAnnotation": {
                      "type": "TSTypeAnnotation",
                      "loc": {
                        "end": {
                          "column": 33,
                          "line": 3
                        },
                        "start": {
                          "column": 25,
                          "line": 3
                        }
                      },
                      "range": [
                        98,
                        106
                      ],
                      "typeAnnotation": {
                        "type": "TSNumberKeyword",
                        "range": [
                          100,
                          106
                        ],
                        "loc": {
                          "end": {
                            "column": 33,
                            "line": 3
                          },
                          "start": {
                            "column": 27,
                            "line": 3
                          }
                        }
                      }
                    },
                    "range": [
                      96,
                      106
                    ],
                    "loc": {
                      "end": {
                        "column": 33,
                        "line": 3
                      },
                      "start": {
                        "column": 23,
                        "line": 3
                      }
                    }
                  }
                ],
                "returnType": {
                  "type": "TSTypeAnnotation",
                  "loc": {
                    "end": {
                      "column": 42,
                      "line": 3
                    },
                    "start": {
                      "column": 35,
                      "line": 3
                    }
                  },
                  "range": [
                    108,
                    115
                  ],
                  "typeAnnotation": {
                    "type": "TSVoidKeyword",
                    "range": [
                      111,
                      115
                    ],
                    "loc": {
                      "end": {
                        "column": 42,
                        "line": 3
                      },
                      "start": {
                        "column": 38,
                        "line": 3
                      }
                    }
                  }
                },
                "range": [
                  80,
                  115
                ],
                "loc": {
                  "end": {
                    "column": 42,
                    "line": 3
                  },
                  "start": {
                    "column": 7,
                    "line": 3
                  }
                }
              }
            },
            "range": [
              77,
              115
            ],
            "loc": {
              "end": {
                "column": 42,
                "line": 3
              },
              "start": {
                "column": 4,
                "line": 3
              }
            }
          },
          "init": null,
          "range": [
            77,
            115
          ],
          "loc": {
            "end": {
              "column": 42,
              "line": 3
            },
            "start": {
              "column": 4,
              "line": 3
            }
          }
        }
      ],
      "declare": false,
      "kind": "let",
      "range": [
        73,
        116
      ],
      "loc": {
        "end": {
          "column": 43,
          "line": 3
        },
        "start": {
          "column": 0,
          "line": 3
        }
      }
    }
  ],
  "sourceType": "script",
  "loc": {
    "end": {
      "column": 0,
      "line": 4
    },
    "start": {
      "column": 0,
      "line": 3
    }
  }
}