{
  "type": "Program",
  "range": [
    73,
    152
  ],
  "body": [
    {
      "type": "FunctionDeclaration",
      "async": false,
      "body": {
        "type": "BlockStatement",
        "body": [
          {
            "type": "ExpressionStatement",
            "expression": {
              "type": "CallExpression",
              "arguments": [
                {
                  "type": "Identifier",
                  "decorators": [],
                  "name": "e",
                  "optional": false,
                  "range": [
                    127,
                    128
                  ],
                  "loc": {
                    "end": {
                      "column": 18,
                      "line": 4
                    },
                    "start": {
                      "column": 17,
                      "line": 4
                    }
                  }
                }
              ],
              "callee": {
                "type": "Identifier",
                "decorators": [],
                "name": "validateEntity",
                "optional": false,
                "range": [
                  112,
                  126
                ],
                "loc": {
                  "end": {
                    "column": 16,
                    "line": 4
                  },
                  "start": {
                    "column": 2,
                    "line": 4
                  }
                }
              },
              "optional": false,
              "range": [
                112,
                129
              ],
              "loc": {
                "end": {
                  "column": 19,
                  "line": 4
                },
                "start": {
                  "column": 2,
                  "line": 4
                }
              }
            },
            "range": [
              112,
              130
            ],
            "loc": {
              "end": {
                "column": 20,
                "line": 4
              },
              "start": {
                "column": 2,
                "line": 4
              }
            }
          },
          {
            "type": "VariableDeclaration",
            "declarations": [
              {
                "type": "VariableDeclarator",
                "definite": false,
                "id": {
                  "type": "Identifier",
                  "decorators": [],
                  "name": "s",
                  "optional": false,
                  "range": [
                    137,
                    138
                  ],
                  "loc": {
                    "end": {
                      "column": 7,
                      "line": 5
                    },
                    "start": {
                      "column": 6,
                      "line": 5
                    }
                  }
                },
                "init": {
                  "type": "MemberExpression",
                  "computed": false,
                  "object": {
                    "type": "TSNonNullExpression",
                    "expression": {
                      "type": "Identifier",
                      "decorators": [],
                      "name": "e",
                      "optional": false,
                      "range": [
                        141,
                        142
                      ],
                      "loc": {
                        "end": {
                          "column": 11,
                          "line": 5
                        },
                        "start": {
                          "column": 10,
                          "line": 5
                        }
                      }
                    },
                    "range": [
                      141,
                      143
                    ],
                    "loc": {
                      "end": {
                        "column": 12,
                        "line": 5
                      },
                      "start": {
                        "column": 10,
                        "line": 5
                      }
                    }
                  },
                  "optional": false,
                  "property": {
                    "type": "Identifier",
                    "decorators": [],
                    "name": "name",
                    "optional": false,
                    "range": [
                      144,
                      148
                    ],
                    "loc": {
                      "end": {
                        "column": 17,
                        "line": 5
                      },
                      "start": {
                        "column": 13,
                        "line": 5
                      }
                    }
                  },
                  "range": [
                    141,
                    148
                  ],
                  "loc": {
                    "end": {
                      "column": 17,
                      "line": 5
                    },
                    "start": {
                      "column": 10,
                      "line": 5
                    }
                  }
                },
                "range": [
                  137,
                  148
                ],
                "loc": {
                  "end": {
                    "column": 17,
                    "line": 5
                  },
                  "start": {
                    "column": 6,
                    "line": 5
                  }
                }
              }
            ],
            "declare": false,
            "kind": "let",
            "range": [
              133,
              149
            ],
            "loc": {
              "end": {
                "column": 18,
                "line": 5
              },
              "start": {
                "column": 2,
                "line": 5
              }
            }
          }
        ],
        "range": [
          108,
          151
        ],
        "loc": {
          "end": {
            "column": 1,
            "line": 6
          },
          "start": {
            "column": 35,
            "line": 3
          }
        }
      },
      "declare": false,
      "expression": false,
      "generator": false,
      "id": {
        "type": "Identifier",
        "decorators": [],
        "name": "processEntity",
        "optional": false,
        "range": [
          82,
          95
        ],
        "loc": {
          "end": {
            "column": 22,
            "line": 3
          },
          "start": {
            "column": 9,
            "line": 3
          }
        }
      },
      "params": [
        {
          "type": "Identifier",
          "decorators": [],
          "name": "e",
          "optional": true,
          "typeAnnotation": {
            "type": "TSTypeAnnotation",
            "loc": {
              "end": {
                "column": 33,
                "line": 3
              },
              "start": {
                "column": 25,
                "line": 3
              }
            },
            "range": [
              98,
              106
            ],
            "typeAnnotation": {
              "type": "TSTypeReference",
              "typeName": {
                "type": "Identifier",
                "decorators": [],
                "name": "Entity",
                "optional": false,
                "range": [
                  100,
                  106
                ],
                "loc": {
                  "end": {
                    "column": 33,
                    "line": 3
                  },
                  "start": {
                    "column": 27,
                    "line": 3
                  }
                }
              },
              "range": [
                100,
                106
              ],
              "loc": {
                "end": {
                  "column": 33,
                  "line": 3
                },
                "start": {
                  "column": 27,
                  "line": 3
                }
              }
            }
          },
          "range": [
            96,
            106
          ],
          "loc": {
            "end": {
              "column": 33,
              "line": 3
            },
            "start": {
              "column": 23,
              "line": 3
            }
          }
        }
      ],
      "range": [
        73,
        151
      ],
      "loc": {
        "end": {
          "column": 1,
          "line": 6
        },
        "start": {
          "column": 0,
          "line": 3
        }
      }
    }
  ],
  "sourceType": "script",
  "loc": {
    "end": {
      "column": 0,
      "line": 7
    },
    "start": {
      "column": 0,
      "line": 3
    }
  }
}