[
  {
    "type": "Keyword",
    "loc": {
      "end": {
        "column": 6,
        "line": 1
      },
      "start": {
        "column": 0,
        "line": 1
      }
    },
    "range": [
      0,
      6
    ],
    "value": "export"
  },
  {
    "type": "Identifier",
    "loc": {
      "end": {
        "column": 11,
        "line": 1
      },
      "start": {
        "column": 7,
        "line": 1
      }
    },
    "range": [
      7,
      11
    ],
    "value": "type"
  },
  {
    "type": "Punctuator",
    "loc": {
      "end": {
        "column": 13,
        "line": 1
      },
      "start": {
        "column": 12,
        "line": 1
      }
    },
    "range": [
      12,
      13
    ],
    "value": "*"
  },
  {
    "type": "Identifier",
    "loc": {
      "end": {
        "column": 18,
        "line": 1
      },
      "start": {
        "column": 14,
        "line": 1
      }
    },
    "range": [
      14,
      18
    ],
    "value": "from"
  },
  {
    "type": "String",
    "loc": {
      "end": {
        "column": 22,
        "line": 1
      },
      "start": {
        "column": 19,
        "line": 1
      }
    },
    "range": [
      19,
      22
    ],
    "value": "'a'"
  },
  {
    "type": "Punctuator",
    "loc": {
      "end": {
        "column": 23,
        "line": 1
      },
      "start": {
        "column": 22,
        "line": 1
      }
    },
    "range": [
      22,
      23
    ],
    "value": ";"
  }
]